../Core/Src/main.c:146:5:main	8	static
../Core/Src/main.c:381:6:SystemClock_Config	88	static
../Core/Src/main.c:427:13:MX_ADC1_Init	24	static
../Core/Src/main.c:479:13:MX_I2C2_Init	8	static
../Core/Src/main.c:513:13:MX_SPI2_Init	8	static
../Core/Src/main.c:551:13:MX_TIM1_Init	56	static
../Core/Src/main.c:601:13:MX_TIM2_Init	56	static
../Core/Src/main.c:650:13:MX_TIM3_Init	56	static
../Core/Src/main.c:699:13:MX_TIM4_Init	56	static
../Core/Src/main.c:748:13:MX_TIM5_Init	56	static
../Core/Src/main.c:797:13:MX_TIM8_Init	56	static
../Core/Src/main.c:847:13:MX_TIM9_Init	40	static
../Core/Src/main.c:893:13:MX_TIM10_Init	40	static
../Core/Src/main.c:939:13:MX_TIM11_Init	40	static
../Core/Src/main.c:985:13:MX_TIM12_Init	40	static
../Core/Src/main.c:1031:13:MX_TIM13_Init	40	static
../Core/Src/main.c:1077:13:MX_TIM14_Init	40	static
../Core/Src/main.c:1123:13:MX_UART4_Init	8	static
../Core/Src/main.c:1156:13:MX_USART2_UART_Init	8	static
../Core/Src/main.c:1189:13:MX_GPIO_Init	56	static
../Core/Src/main.c:1302:6:HAL_UART_RxCpltCallback	16	static
../Core/Src/main.c:1316:6:Error_Handler	4	static,ignoring_inline_asm
