Archive member included to satisfy reference by file (symbol)

C:/ST/STM32CubeIDE_1.15.1/STM32CubeIDE/plugins/com.st.stm32cube.ide.mcu.externaltools.gnu-tools-for-stm32.12.3.rel1.win32_1.0.100.202403111256/tools/bin/../lib/gcc/arm-none-eabi/12.3.1/../../../../arm-none-eabi/lib/thumb/v7e-m+fp/hard\libc_nano.a(libc_a-exit.o)
                              C:/ST/STM32CubeIDE_1.15.1/STM32CubeIDE/plugins/com.st.stm32cube.ide.mcu.externaltools.gnu-tools-for-stm32.12.3.rel1.win32_1.0.100.202403111256/tools/bin/../lib/gcc/arm-none-eabi/12.3.1/../../../../arm-none-eabi/lib/thumb/v7e-m+fp/hard/crt0.o (exit)
C:/ST/STM32CubeIDE_1.15.1/STM32CubeIDE/plugins/com.st.stm32cube.ide.mcu.externaltools.gnu-tools-for-stm32.12.3.rel1.win32_1.0.100.202403111256/tools/bin/../lib/gcc/arm-none-eabi/12.3.1/../../../../arm-none-eabi/lib/thumb/v7e-m+fp/hard\libc_nano.a(libc_a-findfp.o)
                              C:/ST/STM32CubeIDE_1.15.1/STM32CubeIDE/plugins/com.st.stm32cube.ide.mcu.externaltools.gnu-tools-for-stm32.12.3.rel1.win32_1.0.100.202403111256/tools/bin/../lib/gcc/arm-none-eabi/12.3.1/../../../../arm-none-eabi/lib/thumb/v7e-m+fp/hard\libc_nano.a(libc_a-exit.o) (__stdio_exit_handler)
C:/ST/STM32CubeIDE_1.15.1/STM32CubeIDE/plugins/com.st.stm32cube.ide.mcu.externaltools.gnu-tools-for-stm32.12.3.rel1.win32_1.0.100.202403111256/tools/bin/../lib/gcc/arm-none-eabi/12.3.1/../../../../arm-none-eabi/lib/thumb/v7e-m+fp/hard\libc_nano.a(libc_a-fwalk.o)
                              C:/ST/STM32CubeIDE_1.15.1/STM32CubeIDE/plugins/com.st.stm32cube.ide.mcu.externaltools.gnu-tools-for-stm32.12.3.rel1.win32_1.0.100.202403111256/tools/bin/../lib/gcc/arm-none-eabi/12.3.1/../../../../arm-none-eabi/lib/thumb/v7e-m+fp/hard\libc_nano.a(libc_a-findfp.o) (_fwalk_sglue)
C:/ST/STM32CubeIDE_1.15.1/STM32CubeIDE/plugins/com.st.stm32cube.ide.mcu.externaltools.gnu-tools-for-stm32.12.3.rel1.win32_1.0.100.202403111256/tools/bin/../lib/gcc/arm-none-eabi/12.3.1/../../../../arm-none-eabi/lib/thumb/v7e-m+fp/hard\libc_nano.a(libc_a-stdio.o)
                              C:/ST/STM32CubeIDE_1.15.1/STM32CubeIDE/plugins/com.st.stm32cube.ide.mcu.externaltools.gnu-tools-for-stm32.12.3.rel1.win32_1.0.100.202403111256/tools/bin/../lib/gcc/arm-none-eabi/12.3.1/../../../../arm-none-eabi/lib/thumb/v7e-m+fp/hard\libc_nano.a(libc_a-findfp.o) (__sread)
C:/ST/STM32CubeIDE_1.15.1/STM32CubeIDE/plugins/com.st.stm32cube.ide.mcu.externaltools.gnu-tools-for-stm32.12.3.rel1.win32_1.0.100.202403111256/tools/bin/../lib/gcc/arm-none-eabi/12.3.1/../../../../arm-none-eabi/lib/thumb/v7e-m+fp/hard\libc_nano.a(libc_a-memset.o)
                              C:/ST/STM32CubeIDE_1.15.1/STM32CubeIDE/plugins/com.st.stm32cube.ide.mcu.externaltools.gnu-tools-for-stm32.12.3.rel1.win32_1.0.100.202403111256/tools/bin/../lib/gcc/arm-none-eabi/12.3.1/../../../../arm-none-eabi/lib/thumb/v7e-m+fp/hard/crt0.o (memset)
C:/ST/STM32CubeIDE_1.15.1/STM32CubeIDE/plugins/com.st.stm32cube.ide.mcu.externaltools.gnu-tools-for-stm32.12.3.rel1.win32_1.0.100.202403111256/tools/bin/../lib/gcc/arm-none-eabi/12.3.1/../../../../arm-none-eabi/lib/thumb/v7e-m+fp/hard\libc_nano.a(libc_a-closer.o)
                              C:/ST/STM32CubeIDE_1.15.1/STM32CubeIDE/plugins/com.st.stm32cube.ide.mcu.externaltools.gnu-tools-for-stm32.12.3.rel1.win32_1.0.100.202403111256/tools/bin/../lib/gcc/arm-none-eabi/12.3.1/../../../../arm-none-eabi/lib/thumb/v7e-m+fp/hard\libc_nano.a(libc_a-stdio.o) (_close_r)
C:/ST/STM32CubeIDE_1.15.1/STM32CubeIDE/plugins/com.st.stm32cube.ide.mcu.externaltools.gnu-tools-for-stm32.12.3.rel1.win32_1.0.100.202403111256/tools/bin/../lib/gcc/arm-none-eabi/12.3.1/../../../../arm-none-eabi/lib/thumb/v7e-m+fp/hard\libc_nano.a(libc_a-reent.o)
                              C:/ST/STM32CubeIDE_1.15.1/STM32CubeIDE/plugins/com.st.stm32cube.ide.mcu.externaltools.gnu-tools-for-stm32.12.3.rel1.win32_1.0.100.202403111256/tools/bin/../lib/gcc/arm-none-eabi/12.3.1/../../../../arm-none-eabi/lib/thumb/v7e-m+fp/hard\libc_nano.a(libc_a-closer.o) (errno)
C:/ST/STM32CubeIDE_1.15.1/STM32CubeIDE/plugins/com.st.stm32cube.ide.mcu.externaltools.gnu-tools-for-stm32.12.3.rel1.win32_1.0.100.202403111256/tools/bin/../lib/gcc/arm-none-eabi/12.3.1/../../../../arm-none-eabi/lib/thumb/v7e-m+fp/hard\libc_nano.a(libc_a-impure.o)
                              C:/ST/STM32CubeIDE_1.15.1/STM32CubeIDE/plugins/com.st.stm32cube.ide.mcu.externaltools.gnu-tools-for-stm32.12.3.rel1.win32_1.0.100.202403111256/tools/bin/../lib/gcc/arm-none-eabi/12.3.1/../../../../arm-none-eabi/lib/thumb/v7e-m+fp/hard\libc_nano.a(libc_a-reent.o) (_impure_ptr)
C:/ST/STM32CubeIDE_1.15.1/STM32CubeIDE/plugins/com.st.stm32cube.ide.mcu.externaltools.gnu-tools-for-stm32.12.3.rel1.win32_1.0.100.202403111256/tools/bin/../lib/gcc/arm-none-eabi/12.3.1/../../../../arm-none-eabi/lib/thumb/v7e-m+fp/hard\libc_nano.a(libc_a-lseekr.o)
[...]
Memory Configuration

Name             Origin             Length             Attributes
CCMRAM           0x10000000         0x00010000         xrw
RAM              0x20000000         0x00020000         xrw
FLASH            0x08000000         0x00080000         xr
*default*        0x00000000         0xffffffff

Linker script and memory map

LOAD C:/ST/STM32CubeIDE_1.15.1/STM32CubeIDE/plugins/com.st.stm32cube.ide.mcu.externaltools.gnu-tools-for-stm32.12.3.rel1.win32_1.0.100.202403111256/tools/bin/../lib/gcc/arm-none-eabi/12.3.1/thumb/v7e-m+fp/hard/crti.o
LOAD C:/ST/STM32CubeIDE_1.15.1/STM32CubeIDE/plugins/com.st.stm32cube.ide.mcu.externaltools.gnu-tools-for-stm32.12.3.rel1.win32_1.0.100.202403111256/tools/bin/../lib/gcc/arm-none-eabi/12.3.1/thumb/v7e-m+fp/hard/crtbegin.o
LOAD C:/ST/STM32CubeIDE_1.15.1/STM32CubeIDE/plugins/com.st.stm32cube.ide.mcu.externaltools.gnu-tools-for-stm32.12.3.rel1.win32_1.0.100.202403111256/tools/bin/../lib/gcc/arm-none-eabi/12.3.1/../../../../arm-none-eabi/lib/thumb/v7e-m+fp/hard/crt0.o
LOAD ./Core/Src/main.o
LOAD ./Core/Src/stm32f4xx_hal_msp.o
LOAD ./Core/Src/stm32f4xx_it.o
LOAD ./Core/Src/syscalls.o
LOAD ./Core/Src/sysmem.o
LOAD ./Core/Src/system_stm32f4xx.o
LOAD ./Core/Startup/startup_stm32f407vetx.o
LOAD ./Drivers/STM32F4xx_HAL_Driver/Src/stm32f4xx_hal.o
LOAD ./Drivers/STM32F4xx_HAL_Driver/Src/stm32f4xx_hal_adc.o
LOAD ./Drivers/STM32F4xx_HAL_Driver/Src/stm32f4xx_hal_adc_ex.o
LOAD ./Drivers/STM32F4xx_HAL_Driver/Src/stm32f4xx_hal_cortex.o
LOAD ./Drivers/STM32F4xx_HAL_Driver/Src/stm32f4xx_hal_dma.o
LOAD ./Drivers/STM32F4xx_HAL_Driver/Src/stm32f4xx_hal_dma_ex.o
LOAD ./Drivers/STM32F4xx_HAL_Driver/Src/stm32f4xx_hal_exti.o
LOAD ./Drivers/STM32F4xx_HAL_Driver/Src/stm32f4xx_hal_flash.o
LOAD ./Drivers/STM32F4xx_HAL_Driver/Src/stm32f4xx_hal_flash_ex.o
LOAD ./Drivers/STM32F4xx_HAL_Driver/Src/stm32f4xx_hal_flash_ramfunc.o
LOAD ./Drivers/STM32F4xx_HAL_Driver/Src/stm32f4xx_hal_gpio.o
LOAD ./Drivers/STM32F4xx_HAL_Driver/Src/stm32f4xx_hal_i2c.o
LOAD ./Drivers/STM32F4xx_HAL_Driver/Src/stm32f4xx_hal_i2c_ex.o
LOAD ./Drivers/STM32F4xx_HAL_Driver/Src/stm32f4xx_hal_pcd.o
LOAD ./Drivers/STM32F4xx_HAL_Driver/Src/stm32f4xx_hal_pcd_ex.o
LOAD ./Drivers/STM32F4xx_HAL_Driver/Src/stm32f4xx_hal_pwr.o
LOAD ./Drivers/STM32F4xx_HAL_Driver/Src/stm32f4xx_hal_pwr_ex.o
LOAD ./Drivers/STM32F4xx_HAL_Driver/Src/stm32f4xx_hal_rcc.o
LOAD ./Drivers/STM32F4xx_HAL_Driver/Src/stm32f4xx_hal_rcc_ex.o
LOAD ./Drivers/STM32F4xx_HAL_Driver/Src/stm32f4xx_hal_spi.o
LOAD ./Drivers/STM32F4xx_HAL_Driver/Src/stm32f4xx_hal_tim.o
LOAD ./Drivers/STM32F4xx_HAL_Driver/Src/stm32f4xx_hal_tim_ex.o
LOAD ./Drivers/STM32F4xx_HAL_Driver/Src/stm32f4xx_hal_uart.o
LOAD ./Drivers/STM32F4xx_HAL_Driver/Src/stm32f4xx_ll_adc.o
LOAD ./Drivers/STM32F4xx_HAL_Driver/Src/stm32f4xx_ll_usb.o
LOAD ./Library_for_Ro_Bo_Rho/Encoder_Motor.o
LOAD ./Library_for_Ro_Bo_Rho/Forward_Kinematics.o
LOAD ./Library_for_Ro_Bo_Rho/Game_Play.o
LOAD ./Library_for_Ro_Bo_Rho/Inverse_Kinematics.o
LOAD ./Library_for_Ro_Bo_Rho/MPU6050.o
LOAD ./Library_for_Ro_Bo_Rho/Ramp_Robot.o
LOAD ./Library_for_Ro_Bo_Rho/app_ros_comm.o
LOAD ./Middlewares/ST/STM32_USB_Device_Library/Class/CDC/Src/usbd_cdc.o
LOAD ./Middlewares/ST/STM32_USB_Device_Library/Core/Src/usbd_core.o
LOAD ./Middlewares/ST/STM32_USB_Device_Library/Core/Src/usbd_ctlreq.o
LOAD ./Middlewares/ST/STM32_USB_Device_Library/Core/Src/usbd_ioreq.o
LOAD ./USB_DEVICE/App/usb_device.o
LOAD ./USB_DEVICE/App/usbd_cdc_if.o
LOAD ./USB_DEVICE/App/usbd_desc.o
LOAD ./USB_DEVICE/Target/usbd_conf.o
START GROUP
LOAD C:/ST/STM32CubeIDE_1.15.1/STM32CubeIDE/plugins/com.st.stm32cube.ide.mcu.externaltools.gnu-tools-for-stm32.12.3.rel1.win32_1.0.100.202403111256/tools/bin/../lib/gcc/arm-none-eabi/12.3.1/../../../../arm-none-eabi/lib/thumb/v7e-m+fp/hard\libc_nano.a
LOAD C:/ST/STM32CubeIDE_1.15.1/STM32CubeIDE/plugins/com.st.stm32cube.ide.mcu.externaltools.gnu-tools-for-stm32.12.3.rel1.win32_1.0.100.202403111256/tools/bin/../lib/gcc/arm-none-eabi/12.3.1/../../../../arm-none-eabi/lib/thumb/v7e-m+fp/hard\libm.a
END GROUP
START GROUP
LOAD C:/ST/STM32CubeIDE_1.15.1/STM32CubeIDE/plugins/com.st.stm32cube.ide.mcu.externaltools.gnu-tools-for-stm32.12.3.rel1.win32_1.0.100.202403111256/tools/bin/../lib/gcc/arm-none-eabi/12.3.1/thumb/v7e-m+fp/hard\libgcc.a
LOAD C:/ST/STM32CubeIDE_1.15.1/STM32CubeIDE/plugins/com.st.stm32cube.ide.mcu.externaltools.gnu-tools-for-stm32.12.3.rel1.win32_1.0.100.202403111256/tools/bin/../lib/gcc/arm-none-eabi/12.3.1/../../../../arm-none-eabi/lib/thumb/v7e-m+fp/hard\libc_nano.a
END GROUP
START GROUP
LOAD C:/ST/STM32CubeIDE_1.15.1/STM32CubeIDE/plugins/com.st.stm32cube.ide.mcu.externaltools.gnu-tools-for-stm32.12.3.rel1.win32_1.0.100.202403111256/tools/bin/../lib/gcc/arm-none-eabi/12.3.1/thumb/v7e-m+fp/hard\libgcc.a
LOAD C:/ST/STM32CubeIDE_1.15.1/STM32CubeIDE/plugins/com.st.stm32cube.ide.mcu.externaltools.gnu-tools-for-stm32.12.3.rel1.win32_1.0.100.202403111256/tools/bin/../lib/gcc/arm-none-eabi/12.3.1/../../../../arm-none-eabi/lib/thumb/v7e-m+fp/hard\libc_nano.a
LOAD C:/ST/STM32CubeIDE_1.15.1/STM32CubeIDE/plugins/com.st.stm32cube.ide.mcu.externaltools.gnu-tools-for-stm32.12.3.rel1.win32_1.0.100.202403111256/tools/bin/../lib/gcc/arm-none-eabi/12.3.1/../../../../arm-none-eabi/lib/thumb/v7e-m+fp/hard\libnosys.a
END GROUP
START GROUP
LOAD C:/ST/STM32CubeIDE_1.15.1/STM32CubeIDE/plugins/com.st.stm32cube.ide.mcu.externaltools.gnu-tools-for-stm32.12.3.rel1.win32_1.0.100.202403111256/tools/bin/../lib/gcc/arm-none-eabi/12.3.1/thumb/v7e-m+fp/hard\libgcc.a
LOAD C:/ST/STM32CubeIDE_1.15.1/STM32CubeIDE/plugins/com.st.stm32cube.ide.mcu.externaltools.gnu-tools-for-stm32.12.3.rel1.win32_1.0.100.202403111256/tools/bin/../lib/gcc/arm-none-eabi/12.3.1/../../../../arm-none-eabi/lib/thumb/v7e-m+fp/hard\libc_nano.a
LOAD C:/ST/STM32CubeIDE_1.15.1/STM32CubeIDE/plugins/com.st.stm32cube.ide.mcu.externaltools.gnu-tools-for-stm32.12.3.rel1.win32_1.0.100.202403111256/tools/bin/../lib/gcc/arm-none-eabi/12.3.1/../../../../arm-none-eabi/lib/thumb/v7e-m+fp/hard\libnosys.a
END GROUP
LOAD C:/ST/STM32CubeIDE_1.15.1/STM32CubeIDE/plugins/com.st.stm32cube.ide.mcu.externaltools.gnu-tools-for-stm32.12.3.rel1.win32_1.0.100.202403111256/tools/bin/../lib/gcc/arm-none-eabi/12.3.1/thumb/v7e-m+fp/hard/crtend.o
LOAD C:/ST/STM32CubeIDE_1.15.1/STM32CubeIDE/plugins/com.st.stm32cube.ide.mcu.externaltools.gnu-tools-for-stm32.12.3.rel1.win32_1.0.100.202403111256/tools/bin/../lib/gcc/arm-none-eabi/12.3.1/thumb/v7e-m+fp/hard/crtn.o
                0x20020000                        _estack = (ORIGIN (RAM) + LENGTH (RAM))
                0x00000200                        _Min_Heap_Size = 0x200
                0x00000400                        _Min_Stack_Size = 0x400

.isr_vector     0x08000000      0x188
                0x08000000                        . = ALIGN (0x4)
 *(.isr_vector)
 .isr_vector    0x08000000      0x188 ./Core/Startup/startup_stm32f407vetx.o
                0x08000000                g_pfnVectors
                0x08000188                        . = ALIGN (0x4)

.text           0x08000188     0xfb60
                0x08000188                        . = ALIGN (0x4)
 *(.text)
 .text          0x08000188       0x40 C:/ST/STM32CubeIDE_1.15.1/STM32CubeIDE/plugins/com.st.stm32cube.ide.mcu.externaltools.gnu-tools-for-stm32.12.3.rel1.win32_1.0.100.202403111256/tools/bin/../lib/gcc/arm-none-eabi/12.3.1/thumb/v7e-m+fp/hard/crtbegin.o
 .text          0x080001c8      0x378 C:/ST/STM32CubeIDE_1.15.1/STM32CubeIDE/plugins/com.st.stm32cube.ide.mcu.externaltools.gnu-tools-for-stm32.12.3.rel1.win32_1.0.100.202403111256/tools/bin/../lib/gcc/arm-none-eabi/12.3.1/thumb/v7e-m+fp/hard\libgcc.a(_arm_addsubdf3.o)
                0x080001c8                __aeabi_drsub
                0x080001d0                __aeabi_dsub
                0x080001d0                __subdf3
                0x080001d4                __aeabi_dadd
                0x080001d4                __adddf3
                0x0800044c                __floatunsidf
                0x0800044c                __aeabi_ui2d
                0x0800046c                __floatsidf
                0x0800046c                __aeabi_i2d
                0x08000490                __aeabi_f2d
                0x08000490                __extendsfdf2
                0x080004d4                __floatundidf
                0x080004d4                __aeabi_ul2d
                0x080004e4                __floatdidf
                0x080004e4                __aeabi_l2d
 .text          0x08000540      0x424 C:/ST/STM32CubeIDE_1.15.1/STM32CubeIDE/plugins/com.st.stm32cube.ide.mcu.externaltools.gnu-tools-for-stm32.12.3.rel1.win32_1.0.100.202403111256/tools/bin/../lib/gcc/arm-none-eabi/12.3.1/thumb/v7e-m+fp/hard\libgcc.a(_arm_muldivdf3.o)
                0x08000540                __aeabi_dmul
                0x08000540                __muldf3
                0x08000794                __divdf3
                0x08000794                __aeabi_ddiv
 .text          0x08000964      0x110 C:/ST/STM32CubeIDE_1.15.1/STM32CubeIDE/plugins/com.st.stm32cube.ide.mcu.externaltools.gnu-tools-for-stm32.12.3.rel1.win32_1.0.100.202403111256/tools/bin/../lib/gcc/arm-none-eabi/12.3.1/thumb/v7e-m+fp/hard\libgcc.a(_arm_cmpdf2.o)
                0x08000964                __gtdf2
                0x08000964                __gedf2
                0x0800096c                __ltdf2
                0x0800096c                __ledf2
                0x08000974                __nedf2
                0x08000974                __eqdf2
                0x08000974                __cmpdf2
                0x080009f0                __aeabi_cdrcmple
                0x08000a00                __aeabi_cdcmpeq
                0x08000a00                __aeabi_cdcmple
                0x08000a10                __aeabi_dcmpeq
                0x08000a24                __aeabi_dcmplt
                0x08000a38                __aeabi_dcmple
                0x08000a4c                __aeabi_dcmpge
                0x08000a60                __aeabi_dcmpgt
 .text          0x08000a74       0x2c C:/ST/STM32CubeIDE_1.15.1/STM32CubeIDE/plugins/com.st.stm32cube.ide.mcu.externaltools.gnu-tools-for-stm32.12.3.rel1.win32_1.0.100.202403111256/tools/bin/../lib/gcc/arm-none-eabi/12.3.1/thumb/v7e-m+fp/hard\libgcc.a(_arm_unorddf2.o)
                0x08000a74                __unorddf2
                0x08000a74                __aeabi_dcmpun
 .text          0x08000aa0       0x50 C:/ST/STM32CubeIDE_1.15.1/STM32CubeIDE/plugins/com.st.stm32cube.ide.mcu.externaltools.gnu-tools-for-stm32.12.3.rel1.win32_1.0.100.202403111256/tools/bin/../lib/gcc/arm-none-eabi/12.3.1/thumb/v7e-m+fp/hard\libgcc.a(_arm_fixdfsi.o)
                0x08000aa0                __aeabi_d2iz
                0x08000aa0                __fixdfsi
 .text          0x08000af0       0xa0 C:/ST/STM32CubeIDE_1.15.1/STM32CubeIDE/plugins/com.st.stm32cube.ide.mcu.externaltools.gnu-tools-for-stm32.12.3.rel1.win32_1.0.100.202403111256/tools/bin/../lib/gcc/arm-none-eabi/12.3.1/thumb/v7e-m+fp/hard\libgcc.a(_arm_truncdfsf2.o)
                0x08000af0                __truncdfsf2
                0x08000af0                __aeabi_d2f
 .text          0x08000b90       0x30 C:/ST/STM32CubeIDE_1.15.1/STM32CubeIDE/plugins/com.st.stm32cube.ide.mcu.externaltools.gnu-tools-for-stm32.12.3.rel1.win32_1.0.100.202403111256/tools/bin/../lib/gcc/arm-none-eabi/12.3.1/thumb/v7e-m+fp/hard\libgcc.a(_aeabi_uldivmod.o)
                0x08000b90                __aeabi_uldivmod
 .text          0x08000bc0      0x2bc C:/ST/STM32CubeIDE_1.15.1/STM32CubeIDE/plugins/com.st.stm32cube.ide.mcu.externaltools.gnu-tools-for-stm32.12.3.rel1.win32_1.0.100.202403111256/tools/bin/../lib/gcc/arm-none-eabi/12.3.1/thumb/v7e-m+fp/hard\libgcc.a(_udivmoddi4.o)
                0x08000bc0                __udivmoddi4
 .text          0x08000e7c        0x4 C:/ST/STM32CubeIDE_1.15.1/STM32CubeIDE/plugins/com.st.stm32cube.ide.mcu.externaltools.gnu-tools-for-stm32.12.3.rel1.win32_1.0.100.202403111256/tools/bin/../lib/gcc/arm-none-eabi/12.3.1/thumb/v7e-m+fp/hard\libgcc.a(_dvmd_tls.o)
                0x08000e7c                __aeabi_idiv0
                0x08000e7c                __aeabi_ldiv0
 *(.text*)
 .text.main     0x08000e80      0x628 ./Core/Src/main.o
                0x08000e80                main
 .text.SystemClock_Config
                0x080014a8       0xd4 ./Core/Src/main.o
                0x080014a8                SystemClock_Config
 .text.MX_ADC1_Init
                0x0800157c       0xa4 ./Core/Src/main.o
 .text.MX_I2C2_Init
                0x08001620       0x5c ./Core/Src/main.o
 .text.MX_SPI2_Init
                0x0800167c       0x6c ./Core/Src/main.o
 .text.MX_TIM1_Init
                0x080016e8       0xb0 ./Core/Src/main.o
 .text.MX_TIM2_Init
                0x08001798       0xa8 ./Core/Src/main.o
 .text.MX_TIM3_Init
                0x08001840       0xa8 ./Core/Src/main.o
 .text.MX_TIM4_Init
                0x080018e8       0xa8 ./Core/Src/main.o
 .text.MX_TIM5_Init
                0x08001990       0xa8 ./Core/Src/main.o
 .text.MX_TIM8_Init
                0x08001a38       0xb0 ./Core/Src/main.o
 .text.MX_TIM9_Init
                0x08001ae8       0xa0 ./Core/Src/main.o
 .text.MX_TIM10_Init
                0x08001b88       0x9c ./Core/Src/main.o
 .text.MX_TIM11_Init
                0x08001c24       0x9c ./Core/Src/main.o
 .text.MX_TIM12_Init
                0x08001cc0       0xa0 ./Core/Src/main.o
 .text.MX_TIM13_Init
                0x08001d60       0x9c ./Core/Src/main.o
 .text.MX_TIM14_Init
                0x08001dfc       0x9c ./Core/Src/main.o
 .text.MX_UART4_Init
                0x08001e98       0x54 ./Core/Src/main.o
 .text.MX_USART2_UART_Init
                0x08001eec       0x54 ./Core/Src/main.o
 .text.MX_GPIO_Init
                0x08001f40      0x180 ./Core/Src/main.o
 .text.HAL_UART_RxCpltCallback
                0x080020c0       0x4c ./Core/Src/main.o
                0x080020c0                HAL_UART_RxCpltCallback
 .text.Error_Handler
                0x0800210c        0xc ./Core/Src/main.o
                0x0800210c                Error_Handler
 .text.HAL_MspInit
                0x08002118       0x50 ./Core/Src/stm32f4xx_hal_msp.o
                0x08002118                HAL_MspInit
 .text.HAL_ADC_MspInit
                0x08002168       0xc0 ./Core/Src/stm32f4xx_hal_msp.o
                0x08002168                HAL_ADC_MspInit
 .text.HAL_I2C_MspInit
                0x08002228       0x90 ./Core/Src/stm32f4xx_hal_msp.o
                0x08002228                HAL_I2C_MspInit
 .text.HAL_SPI_MspInit
                0x080022b8       0xd0 ./Core/Src/stm32f4xx_hal_msp.o
                0x080022b8                HAL_SPI_MspInit
 .text.HAL_TIM_Encoder_MspInit
                0x08002388      0x2ec ./Core/Src/stm32f4xx_hal_msp.o
                0x08002388                HAL_TIM_Encoder_MspInit
 .text.HAL_TIM_PWM_MspInit
                0x08002674       0x70 ./Core/Src/stm32f4xx_hal_msp.o
                0x08002674                HAL_TIM_PWM_MspInit
 .text.HAL_TIM_Base_MspInit
                0x080026e4       0xc8 ./Core/Src/stm32f4xx_hal_msp.o
                0x080026e4                HAL_TIM_Base_MspInit
 .text.HAL_TIM_MspPostInit
                0x080027ac      0x1fc ./Core/Src/stm32f4xx_hal_msp.o
                0x080027ac                HAL_TIM_MspPostInit
 .text.HAL_UART_MspInit
                0x080029a8      0x10c ./Core/Src/stm32f4xx_hal_msp.o
                0x080029a8                HAL_UART_MspInit
 .text.HAL_UART_MspDeInit
                0x08002ab4       0x6c ./Core/Src/stm32f4xx_hal_msp.o
                0x08002ab4                HAL_UART_MspDeInit
 .text.NMI_Handler
                0x08002b20        0x8 ./Core/Src/stm32f4xx_it.o
                0x08002b20                NMI_Handler
 .text.HardFault_Handler
                0x08002b28        0x8 ./Core/Src/stm32f4xx_it.o
                0x08002b28                HardFault_Handler
 .text.MemManage_Handler
                0x08002b30        0x8 ./Core/Src/stm32f4xx_it.o
                0x08002b30                MemManage_Handler
 .text.BusFault_Handler
                0x08002b38        0x8 ./Core/Src/stm32f4xx_it.o
                0x08002b38                BusFault_Handler
 .text.UsageFault_Handler
                0x08002b40        0x8 ./Core/Src/stm32f4xx_it.o
                0x08002b40                UsageFault_Handler
 .text.SVC_Handler
                0x08002b48        0xe ./Core/Src/stm32f4xx_it.o
                0x08002b48                SVC_Handler
 .text.DebugMon_Handler
                0x08002b56        0xe ./Core/Src/stm32f4xx_it.o
                0x08002b56                DebugMon_Handler
 .text.PendSV_Handler
                0x08002b64        0xe ./Core/Src/stm32f4xx_it.o
                0x08002b64                PendSV_Handler
 .text.SysTick_Handler
                0x08002b72        0xc ./Core/Src/stm32f4xx_it.o
                0x08002b72                SysTick_Handler
 *fill*         0x08002b7e        0x2 
 .text.USART2_IRQHandler
                0x08002b80       0x14 ./Core/Src/stm32f4xx_it.o
                0x08002b80                USART2_IRQHandler
 .text.OTG_FS_IRQHandler
                0x08002b94       0x14 ./Core/Src/stm32f4xx_it.o
                0x08002b94                OTG_FS_IRQHandler
 .text.SystemInit
                0x08002ba8       0x24 ./Core/Src/system_stm32f4xx.o
                0x08002ba8                SystemInit
 .text.Reset_Handler
                0x08002bcc       0x50 ./Core/Startup/startup_stm32f407vetx.o
                0x08002bcc                Reset_Handler
 .text.Default_Handler
                0x08002c1c        0x2 ./Core/Startup/startup_stm32f407vetx.o
                0x08002c1c                RTC_Alarm_IRQHandler
                0x08002c1c                HASH_RNG_IRQHandler
                0x08002c1c                EXTI2_IRQHandler
                0x08002c1c                TIM8_CC_IRQHandler
                0x08002c1c                TIM1_CC_IRQHandler
                0x08002c1c                DMA2_Stream5_IRQHandler
                0x08002c1c                DMA1_Stream5_IRQHandler
                0x08002c1c                PVD_IRQHandler
                0x08002c1c                SDIO_IRQHandler
                0x08002c1c                TAMP_STAMP_IRQHandler
                0x08002c1c                CAN2_RX1_IRQHandler
                0x08002c1c                EXTI3_IRQHandler
                0x08002c1c                TIM8_TRG_COM_TIM14_IRQHandler
                0x08002c1c                TIM1_UP_TIM10_IRQHandler
                0x08002c1c                TIM8_UP_TIM13_IRQHandler
                0x08002c1c                I2C3_ER_IRQHandler
                0x08002c1c                EXTI0_IRQHandler
                0x08002c1c                I2C2_EV_IRQHandler
                0x08002c1c                DMA1_Stream2_IRQHandler
                0x08002c1c                CAN1_RX0_IRQHandler
                0x08002c1c                FPU_IRQHandler
                0x08002c1c                OTG_HS_WKUP_IRQHandler
                0x08002c1c                CAN2_SCE_IRQHandler
                0x08002c1c                DMA2_Stream2_IRQHandler
                0x08002c1c                SPI1_IRQHandler
                0x08002c1c                TIM6_DAC_IRQHandler
                0x08002c1c                TIM1_BRK_TIM9_IRQHandler
                0x08002c1c                DCMI_IRQHandler
                0x08002c1c                CAN2_RX0_IRQHandler
                0x08002c1c                DMA2_Stream3_IRQHandler
                0x08002c1c                USART6_IRQHandler
                0x08002c1c                USART3_IRQHandler
                0x08002c1c                CAN1_RX1_IRQHandler
                0x08002c1c                UART5_IRQHandler
                0x08002c1c                DMA2_Stream0_IRQHandler
                0x08002c1c                TIM4_IRQHandler
                0x08002c1c                I2C1_EV_IRQHandler
                0x08002c1c                DMA1_Stream6_IRQHandler
                0x08002c1c                DMA1_Stream1_IRQHandler
                0x08002c1c                UART4_IRQHandler
                0x08002c1c                TIM3_IRQHandler
                0x08002c1c                RCC_IRQHandler
                0x08002c1c                TIM8_BRK_TIM12_IRQHandler
                0x08002c1c                Default_Handler
                0x08002c1c                EXTI15_10_IRQHandler
                0x08002c1c                ADC_IRQHandler
                0x08002c1c                DMA1_Stream7_IRQHandler
                0x08002c1c                TIM7_IRQHandler
                0x08002c1c                CAN2_TX_IRQHandler
                0x08002c1c                TIM5_IRQHandler
                0x08002c1c                DMA2_Stream7_IRQHandler
                0x08002c1c                I2C3_EV_IRQHandler
                0x08002c1c                EXTI9_5_IRQHandler
                0x08002c1c                RTC_WKUP_IRQHandler
                0x08002c1c                ETH_WKUP_IRQHandler
                0x08002c1c                SPI2_IRQHandler
                0x08002c1c                OTG_HS_EP1_IN_IRQHandler
                0x08002c1c                DMA1_Stream0_IRQHandler
                0x08002c1c                CAN1_TX_IRQHandler
                0x08002c1c                EXTI4_IRQHandler
                0x08002c1c                FSMC_IRQHandler
                0x08002c1c                ETH_IRQHandler
                0x08002c1c                OTG_HS_EP1_OUT_IRQHandler
                0x08002c1c                WWDG_IRQHandler
                0x08002c1c                TIM2_IRQHandler
                0x08002c1c                OTG_FS_WKUP_IRQHandler
                0x08002c1c                TIM1_TRG_COM_TIM11_IRQHandler
                0x08002c1c                OTG_HS_IRQHandler
                0x08002c1c                EXTI1_IRQHandler
                0x08002c1c                I2C2_ER_IRQHandler
                0x08002c1c                DMA2_Stream1_IRQHandler
                0x08002c1c                CAN1_SCE_IRQHandler
                0x08002c1c                FLASH_IRQHandler
                0x08002c1c                DMA2_Stream4_IRQHandler
                0x08002c1c                USART1_IRQHandler
                0x08002c1c                SPI3_IRQHandler
                0x08002c1c                DMA1_Stream4_IRQHandler
                0x08002c1c                I2C1_ER_IRQHandler
                0x08002c1c                DMA2_Stream6_IRQHandler
                0x08002c1c                DMA1_Stream3_IRQHandler
 *fill*         0x08002c1e        0x2 
 .text.HAL_Init
                0x08002c20       0x44 ./Drivers/STM32F4xx_HAL_Driver/Src/stm32f4xx_hal.o
                0x08002c20                HAL_Init
 .text.HAL_InitTick
                0x08002c64       0x60 ./Drivers/STM32F4xx_HAL_Driver/Src/stm32f4xx_hal.o
                0x08002c64                HAL_InitTick
 .text.HAL_IncTick
                0x08002cc4       0x28 ./Drivers/STM32F4xx_HAL_Driver/Src/stm32f4xx_hal.o
                0x08002cc4                HAL_IncTick
 .text.HAL_GetTick
                0x08002cec       0x18 ./Drivers/STM32F4xx_HAL_Driver/Src/stm32f4xx_hal.o
                0x08002cec                HAL_GetTick
 .text.HAL_Delay
                0x08002d04       0x48 ./Drivers/STM32F4xx_HAL_Driver/Src/stm32f4xx_hal.o
                0x08002d04                HAL_Delay
 .text.HAL_ADC_Init
                0x08002d4c       0x86 ./Drivers/STM32F4xx_HAL_Driver/Src/stm32f4xx_hal_adc.o
                0x08002d4c                HAL_ADC_Init
 *fill*         0x08002dd2        0x2 
 .text.HAL_ADC_ConfigChannel
                0x08002dd4      0x244 ./Drivers/STM32F4xx_HAL_Driver/Src/stm32f4xx_hal_adc.o
                0x08002dd4                HAL_ADC_ConfigChannel
 .text.ADC_Init
                0x08003018      0x1f8 ./Drivers/STM32F4xx_HAL_Driver/Src/stm32f4xx_hal_adc.o
 .text.__NVIC_SetPriorityGrouping
                0x08003210       0x48 ./Drivers/STM32F4xx_HAL_Driver/Src/stm32f4xx_hal_cortex.o
 .text.__NVIC_GetPriorityGrouping
                0x08003258       0x1c ./Drivers/STM32F4xx_HAL_Driver/Src/stm32f4xx_hal_cortex.o
 .text.__NVIC_EnableIRQ
                0x08003274       0x3c ./Drivers/STM32F4xx_HAL_Driver/Src/stm32f4xx_hal_cortex.o
 .text.__NVIC_DisableIRQ
                0x080032b0       0x48 ./Drivers/STM32F4xx_HAL_Driver/Src/stm32f4xx_hal_cortex.o
 .text.__NVIC_SetPriority
                0x080032f8       0x54 ./Drivers/STM32F4xx_HAL_Driver/Src/stm32f4xx_hal_cortex.o
 .text.NVIC_EncodePriority
                0x0800334c       0x66 ./Drivers/STM32F4xx_HAL_Driver/Src/stm32f4xx_hal_cortex.o
 *fill*         0x080033b2        0x2 
 .text.SysTick_Config
                0x080033b4       0x44 ./Drivers/STM32F4xx_HAL_Driver/Src/stm32f4xx_hal_cortex.o
 .text.HAL_NVIC_SetPriorityGrouping
                0x080033f8       0x16 ./Drivers/STM32F4xx_HAL_Driver/Src/stm32f4xx_hal_cortex.o
                0x080033f8                HAL_NVIC_SetPriorityGrouping
 .text.HAL_NVIC_SetPriority
                0x0800340e       0x38 ./Drivers/STM32F4xx_HAL_Driver/Src/stm32f4xx_hal_cortex.o
                0x0800340e                HAL_NVIC_SetPriority
 .text.HAL_NVIC_EnableIRQ
                0x08003446       0x1c ./Drivers/STM32F4xx_HAL_Driver/Src/stm32f4xx_hal_cortex.o
                0x08003446                HAL_NVIC_EnableIRQ
 .text.HAL_NVIC_DisableIRQ
                0x08003462       0x1c ./Drivers/STM32F4xx_HAL_Driver/Src/stm32f4xx_hal_cortex.o
                0x08003462                HAL_NVIC_DisableIRQ
 .text.HAL_SYSTICK_Config
                0x0800347e       0x18 ./Drivers/STM32F4xx_HAL_Driver/Src/stm32f4xx_hal_cortex.o
                0x0800347e                HAL_SYSTICK_Config
 .text.HAL_DMA_Abort
                0x08003496       0xe0 ./Drivers/STM32F4xx_HAL_Driver/Src/stm32f4xx_hal_dma.o
                0x08003496                HAL_DMA_Abort
 .text.HAL_DMA_Abort_IT
                0x08003576       0x44 ./Drivers/STM32F4xx_HAL_Driver/Src/stm32f4xx_hal_dma.o
                0x08003576                HAL_DMA_Abort_IT
 *fill*         0x080035ba        0x2 
 .text.HAL_GPIO_Init
                0x080035bc      0x338 ./Drivers/STM32F4xx_HAL_Driver/Src/stm32f4xx_hal_gpio.o
                0x080035bc                HAL_GPIO_Init
 .text.HAL_GPIO_DeInit
                0x080038f4      0x1f8 ./Drivers/STM32F4xx_HAL_Driver/Src/stm32f4xx_hal_gpio.o
                0x080038f4                HAL_GPIO_DeInit
 .text.HAL_GPIO_WritePin
                0x08003aec       0x32 ./Drivers/STM32F4xx_HAL_Driver/Src/stm32f4xx_hal_gpio.o
                0x08003aec                HAL_GPIO_WritePin
 *fill*         0x08003b1e        0x2 
 .text.HAL_I2C_Init
                0x08003b20      0x288 ./Drivers/STM32F4xx_HAL_Driver/Src/stm32f4xx_hal_i2c.o
                0x08003b20                HAL_I2C_Init
 .text.HAL_I2C_Mem_Write
                0x08003da8      0x1f4 ./Drivers/STM32F4xx_HAL_Driver/Src/stm32f4xx_hal_i2c.o
                0x08003da8                HAL_I2C_Mem_Write
 .text.HAL_I2C_Mem_Read
                0x08003f9c      0x464 ./Drivers/STM32F4xx_HAL_Driver/Src/stm32f4xx_hal_i2c.o
                0x08003f9c                HAL_I2C_Mem_Read
 .text.I2C_RequestMemoryWrite
                0x08004400      0x12c ./Drivers/STM32F4xx_HAL_Driver/Src/stm32f4xx_hal_i2c.o
 .text.I2C_RequestMemoryRead
                0x0800452c      0x1d0 ./Drivers/STM32F4xx_HAL_Driver/Src/stm32f4xx_hal_i2c.o
 .text.I2C_WaitOnFlagUntilTimeout
                0x080046fc       0xf4 ./Drivers/STM32F4xx_HAL_Driver/Src/stm32f4xx_hal_i2c.o
 .text.I2C_WaitOnMasterAddressFlagUntilTimeout
                0x080047f0      0x140 ./Drivers/STM32F4xx_HAL_Driver/Src/stm32f4xx_hal_i2c.o
 .text.I2C_WaitOnTXEFlagUntilTimeout
                0x08004930       0x90 ./Drivers/STM32F4xx_HAL_Driver/Src/stm32f4xx_hal_i2c.o
 .text.I2C_WaitOnBTFFlagUntilTimeout
                0x080049c0       0x90 ./Drivers/STM32F4xx_HAL_Driver/Src/stm32f4xx_hal_i2c.o
 .text.I2C_WaitOnRXNEFlagUntilTimeout
                0x08004a50       0xba ./Drivers/STM32F4xx_HAL_Driver/Src/stm32f4xx_hal_i2c.o
 .text.I2C_IsAcknowledgeFailed
                0x08004b0a       0x5e ./Drivers/STM32F4xx_HAL_Driver/Src/stm32f4xx_hal_i2c.o
 .text.HAL_PCD_Init
                0x08004b68      0x21e ./Drivers/STM32F4xx_HAL_Driver/Src/stm32f4xx_hal_pcd.o
                0x08004b68                HAL_PCD_Init
 .text.HAL_PCD_Start
                0x08004d86       0x6a ./Drivers/STM32F4xx_HAL_Driver/Src/stm32f4xx_hal_pcd.o
                0x08004d86                HAL_PCD_Start
 .text.HAL_PCD_IRQHandler
                0x08004df0      0x942 ./Drivers/STM32F4xx_HAL_Driver/Src/stm32f4xx_hal_pcd.o
                0x08004df0                HAL_PCD_IRQHandler
 .text.HAL_PCD_SetAddress
                0x08005732       0x48 ./Drivers/STM32F4xx_HAL_Driver/Src/stm32f4xx_hal_pcd.o
                0x08005732                HAL_PCD_SetAddress
 .text.HAL_PCD_EP_Open
                0x0800577a       0xd4 ./Drivers/STM32F4xx_HAL_Driver/Src/stm32f4xx_hal_pcd.o
                0x0800577a                HAL_PCD_EP_Open
 .text.HAL_PCD_EP_Close
                0x0800584e       0x94 ./Drivers/STM32F4xx_HAL_Driver/Src/stm32f4xx_hal_pcd.o
                0x0800584e                HAL_PCD_EP_Close
 .text.HAL_PCD_EP_Receive
                0x080058e2       0x76 ./Drivers/STM32F4xx_HAL_Driver/Src/stm32f4xx_hal_pcd.o
                0x080058e2                HAL_PCD_EP_Receive
 .text.HAL_PCD_EP_GetRxCount
                0x08005958       0x30 ./Drivers/STM32F4xx_HAL_Driver/Src/stm32f4xx_hal_pcd.o
                0x08005958                HAL_PCD_EP_GetRxCount
 .text.HAL_PCD_EP_Transmit
                0x08005988       0x74 ./Drivers/STM32F4xx_HAL_Driver/Src/stm32f4xx_hal_pcd.o
                0x08005988                HAL_PCD_EP_Transmit
 .text.HAL_PCD_EP_SetStall
                0x080059fc       0xc6 ./Drivers/STM32F4xx_HAL_Driver/Src/stm32f4xx_hal_pcd.o
                0x080059fc                HAL_PCD_EP_SetStall
 .text.HAL_PCD_EP_ClrStall
                0x08005ac2       0xac ./Drivers/STM32F4xx_HAL_Driver/Src/stm32f4xx_hal_pcd.o
                0x08005ac2                HAL_PCD_EP_ClrStall
 .text.HAL_PCD_EP_Abort
                0x08005b6e       0x62 ./Drivers/STM32F4xx_HAL_Driver/Src/stm32f4xx_hal_pcd.o
                0x08005b6e                HAL_PCD_EP_Abort
 .text.PCD_WriteEmptyTxFifo
                0x08005bd0      0x118 ./Drivers/STM32F4xx_HAL_Driver/Src/stm32f4xx_hal_pcd.o
 .text.PCD_EP_OutXfrComplete_int
                0x08005ce8      0x1d0 ./Drivers/STM32F4xx_HAL_Driver/Src/stm32f4xx_hal_pcd.o
 .text.PCD_EP_OutSetupPacket_int
                0x08005eb8       0x8c ./Drivers/STM32F4xx_HAL_Driver/Src/stm32f4xx_hal_pcd.o
 .text.HAL_PCDEx_SetTxFiFo
                0x08005f44       0x8e ./Drivers/STM32F4xx_HAL_Driver/Src/stm32f4xx_hal_pcd_ex.o
                0x08005f44                HAL_PCDEx_SetTxFiFo
 .text.HAL_PCDEx_SetRxFiFo
                0x08005fd2       0x22 ./Drivers/STM32F4xx_HAL_Driver/Src/stm32f4xx_hal_pcd_ex.o
                0x08005fd2                HAL_PCDEx_SetRxFiFo
 .text.HAL_PCDEx_LPM_Callback
                0x08005ff4       0x18 ./Drivers/STM32F4xx_HAL_Driver/Src/stm32f4xx_hal_pcd_ex.o
                0x08005ff4                HAL_PCDEx_LPM_Callback
 .text.HAL_RCC_OscConfig
                0x0800600c      0x4f0 ./Drivers/STM32F4xx_HAL_Driver/Src/stm32f4xx_hal_rcc.o
                0x0800600c                HAL_RCC_OscConfig
 .text.HAL_RCC_ClockConfig
                0x080064fc      0x1cc ./Drivers/STM32F4xx_HAL_Driver/Src/stm32f4xx_hal_rcc.o
                0x080064fc                HAL_RCC_ClockConfig
 .text.HAL_RCC_GetSysClockFreq
                0x080066c8      0x20c ./Drivers/STM32F4xx_HAL_Driver/Src/stm32f4xx_hal_rcc.o
                0x080066c8                HAL_RCC_GetSysClockFreq
 .text.HAL_RCC_GetHCLKFreq
                0x080068d4       0x18 ./Drivers/STM32F4xx_HAL_Driver/Src/stm32f4xx_hal_rcc.o
                0x080068d4                HAL_RCC_GetHCLKFreq
 .text.HAL_RCC_GetPCLK1Freq
                0x080068ec       0x28 ./Drivers/STM32F4xx_HAL_Driver/Src/stm32f4xx_hal_rcc.o
                0x080068ec                HAL_RCC_GetPCLK1Freq
 .text.HAL_RCC_GetPCLK2Freq
                0x08006914       0x28 ./Drivers/STM32F4xx_HAL_Driver/Src/stm32f4xx_hal_rcc.o
                0x08006914                HAL_RCC_GetPCLK2Freq
 .text.HAL_SPI_Init
                0x0800693c      0x112 ./Drivers/STM32F4xx_HAL_Driver/Src/stm32f4xx_hal_spi.o
                0x0800693c                HAL_SPI_Init
 .text.HAL_TIM_Base_Init
                0x08006a4e       0x9e ./Drivers/STM32F4xx_HAL_Driver/Src/stm32f4xx_hal_tim.o
                0x08006a4e                HAL_TIM_Base_Init
 .text.HAL_TIM_PWM_Init
                0x08006aec       0x9e ./Drivers/STM32F4xx_HAL_Driver/Src/stm32f4xx_hal_tim.o
                0x08006aec                HAL_TIM_PWM_Init
 *fill*         0x08006b8a        0x2 
 .text.HAL_TIM_PWM_Start
                0x08006b8c      0x190 ./Drivers/STM32F4xx_HAL_Driver/Src/stm32f4xx_hal_tim.o
                0x08006b8c                HAL_TIM_PWM_Start
 .text.HAL_TIM_Encoder_Init
                0x08006d1c      0x14c ./Drivers/STM32F4xx_HAL_Driver/Src/stm32f4xx_hal_tim.o
                0x08006d1c                HAL_TIM_Encoder_Init
 .text.HAL_TIM_Encoder_Start
                0x08006e68      0x11c ./Drivers/STM32F4xx_HAL_Driver/Src/stm32f4xx_hal_tim.o
                0x08006e68                HAL_TIM_Encoder_Start
 .text.HAL_TIM_PWM_ConfigChannel
                0x08006f84      0x184 ./Drivers/STM32F4xx_HAL_Driver/Src/stm32f4xx_hal_tim.o
                0x08006f84                HAL_TIM_PWM_ConfigChannel
 .text.TIM_Base_SetConfig
                0x08007108      0x158 ./Drivers/STM32F4xx_HAL_Driver/Src/stm32f4xx_hal_tim.o
                0x08007108                TIM_Base_SetConfig
 .text.TIM_OC1_SetConfig
                0x08007260       0xe0 ./Drivers/STM32F4xx_HAL_Driver/Src/stm32f4xx_hal_tim.o
 .text.TIM_OC2_SetConfig
                0x08007340       0xec ./Drivers/STM32F4xx_HAL_Driver/Src/stm32f4xx_hal_tim.o
                0x08007340                TIM_OC2_SetConfig
 .text.TIM_OC3_SetConfig
                0x0800742c       0xe8 ./Drivers/STM32F4xx_HAL_Driver/Src/stm32f4xx_hal_tim.o
 .text.TIM_OC4_SetConfig
                0x08007514       0xac ./Drivers/STM32F4xx_HAL_Driver/Src/stm32f4xx_hal_tim.o
 .text.TIM_CCxChannelCmd
                0x080075c0       0x4a ./Drivers/STM32F4xx_HAL_Driver/Src/stm32f4xx_hal_tim.o
                0x080075c0                TIM_CCxChannelCmd
 *fill*         0x0800760a        0x2 
 .text.HAL_TIMEx_MasterConfigSynchronization
                0x0800760c       0xf8 ./Drivers/STM32F4xx_HAL_Driver/Src/stm32f4xx_hal_tim_ex.o
                0x0800760c                HAL_TIMEx_MasterConfigSynchronization
 .text.HAL_UART_Init
                0x08007704       0xa0 ./Drivers/STM32F4xx_HAL_Driver/Src/stm32f4xx_hal_uart.o
                0x08007704                HAL_UART_Init
 .text.HAL_UART_DeInit
                0x080077a4       0x64 ./Drivers/STM32F4xx_HAL_Driver/Src/stm32f4xx_hal_uart.o
                0x080077a4                HAL_UART_DeInit
 .text.HAL_UART_Receive_IT
                0x08007808       0x4a ./Drivers/STM32F4xx_HAL_Driver/Src/stm32f4xx_hal_uart.o
                0x08007808                HAL_UART_Receive_IT
 *fill*         0x08007852        0x2 
 .text.HAL_UART_IRQHandler
                0x08007854      0x524 ./Drivers/STM32F4xx_HAL_Driver/Src/stm32f4xx_hal_uart.o
                0x08007854                HAL_UART_IRQHandler
 .text.HAL_UART_TxCpltCallback
                0x08007d78       0x14 ./Drivers/STM32F4xx_HAL_Driver/Src/stm32f4xx_hal_uart.o
                0x08007d78                HAL_UART_TxCpltCallback
 .text.HAL_UART_ErrorCallback
                0x08007d8c       0x14 ./Drivers/STM32F4xx_HAL_Driver/Src/stm32f4xx_hal_uart.o
                0x08007d8c                HAL_UART_ErrorCallback
 .text.HAL_UARTEx_RxEventCallback
                0x08007da0       0x18 ./Drivers/STM32F4xx_HAL_Driver/Src/stm32f4xx_hal_uart.o
                0x08007da0                HAL_UARTEx_RxEventCallback
 .text.UART_Start_Receive_IT
                0x08007db8       0x74 ./Drivers/STM32F4xx_HAL_Driver/Src/stm32f4xx_hal_uart.o
                0x08007db8                UART_Start_Receive_IT
 .text.UART_EndRxTransfer
                0x08007e2c       0xc6 ./Drivers/STM32F4xx_HAL_Driver/Src/stm32f4xx_hal_uart.o
 .text.UART_DMAAbortOnError
                0x08007ef2       0x28 ./Drivers/STM32F4xx_HAL_Driver/Src/stm32f4xx_hal_uart.o
 .text.UART_Transmit_IT
                0x08007f1a       0xa0 ./Drivers/STM32F4xx_HAL_Driver/Src/stm32f4xx_hal_uart.o
 .text.UART_EndTransmit_IT
                0x08007fba       0x30 ./Drivers/STM32F4xx_HAL_Driver/Src/stm32f4xx_hal_uart.o
 .text.UART_Receive_IT
                0x08007fea      0x17c ./Drivers/STM32F4xx_HAL_Driver/Src/stm32f4xx_hal_uart.o
 *fill*         0x08008166        0x2 
 .text.UART_SetConfig
                0x08008168      0x4e8 ./Drivers/STM32F4xx_HAL_Driver/Src/stm32f4xx_hal_uart.o
 .text.USB_CoreInit
                0x08008650       0xc8 ./Drivers/STM32F4xx_HAL_Driver/Src/stm32f4xx_ll_usb.o
                0x08008650                USB_CoreInit
 .text.USB_SetTurnaroundTime
                0x08008718      0x144 ./Drivers/STM32F4xx_HAL_Driver/Src/stm32f4xx_ll_usb.o
                0x08008718                USB_SetTurnaroundTime
 .text.USB_EnableGlobalInt
                0x0800885c       0x22 ./Drivers/STM32F4xx_HAL_Driver/Src/stm32f4xx_ll_usb.o
                0x0800885c                USB_EnableGlobalInt
 .text.USB_DisableGlobalInt
                0x0800887e       0x22 ./Drivers/STM32F4xx_HAL_Driver/Src/stm32f4xx_ll_usb.o
                0x0800887e                USB_DisableGlobalInt
 .text.USB_SetCurrentMode
                0x080088a0       0x98 ./Drivers/STM32F4xx_HAL_Driver/Src/stm32f4xx_ll_usb.o
                0x080088a0                USB_SetCurrentMode
 .text.USB_DevInit
                0x08008938      0x2c8 ./Drivers/STM32F4xx_HAL_Driver/Src/stm32f4xx_ll_usb.o
                0x08008938                USB_DevInit
 .text.USB_FlushTxFifo
                0x08008c00       0x64 ./Drivers/STM32F4xx_HAL_Driver/Src/stm32f4xx_ll_usb.o
                0x08008c00                USB_FlushTxFifo
 .text.USB_FlushRxFifo
                0x08008c64       0x5c ./Drivers/STM32F4xx_HAL_Driver/Src/stm32f4xx_ll_usb.o
                0x08008c64                USB_FlushRxFifo
 .text.USB_SetDevSpeed
                0x08008cc0       0x32 ./Drivers/STM32F4xx_HAL_Driver/Src/stm32f4xx_ll_usb.o
                0x08008cc0                USB_SetDevSpeed
 .text.USB_GetDevSpeed
                0x08008cf2       0x4a ./Drivers/STM32F4xx_HAL_Driver/Src/stm32f4xx_ll_usb.o
                0x08008cf2                USB_GetDevSpeed
 .text.USB_ActivateEndpoint
                0x08008d3c      0x10e ./Drivers/STM32F4xx_HAL_Driver/Src/stm32f4xx_ll_usb.o
                0x08008d3c                USB_ActivateEndpoint
 *fill*         0x08008e4a        0x2 
 .text.USB_DeactivateEndpoint
                0x08008e4c      0x1b8 ./Drivers/STM32F4xx_HAL_Driver/Src/stm32f4xx_ll_usb.o
                0x08008e4c                USB_DeactivateEndpoint
 .text.USB_EPStartXfer
                0x08009004      0x53c ./Drivers/STM32F4xx_HAL_Driver/Src/stm32f4xx_ll_usb.o
                0x08009004                USB_EPStartXfer
 .text.USB_EPStopXfer
                0x08009540      0x154 ./Drivers/STM32F4xx_HAL_Driver/Src/stm32f4xx_ll_usb.o
                0x08009540                USB_EPStopXfer
 .text.USB_WritePacket
                0x08009694       0x7c ./Drivers/STM32F4xx_HAL_Driver/Src/stm32f4xx_ll_usb.o
                0x08009694                USB_WritePacket
 .text.USB_ReadPacket
                0x08009710       0xb0 ./Drivers/STM32F4xx_HAL_Driver/Src/stm32f4xx_ll_usb.o
                0x08009710                USB_ReadPacket
 .text.USB_EPSetStall
                0x080097c0       0xdc ./Drivers/STM32F4xx_HAL_Driver/Src/stm32f4xx_ll_usb.o
                0x080097c0                USB_EPSetStall
 .text.USB_EPClearStall
                0x0800989c       0xcc ./Drivers/STM32F4xx_HAL_Driver/Src/stm32f4xx_ll_usb.o
                0x0800989c                USB_EPClearStall
 .text.USB_SetDevAddress
                0x08009968       0x4c ./Drivers/STM32F4xx_HAL_Driver/Src/stm32f4xx_ll_usb.o
                0x08009968                USB_SetDevAddress
 .text.USB_DevConnect
                0x080099b4       0x42 ./Drivers/STM32F4xx_HAL_Driver/Src/stm32f4xx_ll_usb.o
                0x080099b4                USB_DevConnect
 .text.USB_DevDisconnect
                0x080099f6       0x42 ./Drivers/STM32F4xx_HAL_Driver/Src/stm32f4xx_ll_usb.o
                0x080099f6                USB_DevDisconnect
 .text.USB_ReadInterrupts
                0x08009a38       0x26 ./Drivers/STM32F4xx_HAL_Driver/Src/stm32f4xx_ll_usb.o
                0x08009a38                USB_ReadInterrupts
 .text.USB_ReadDevAllOutEpInterrupt
                0x08009a5e       0x34 ./Drivers/STM32F4xx_HAL_Driver/Src/stm32f4xx_ll_usb.o
                0x08009a5e                USB_ReadDevAllOutEpInterrupt
 .text.USB_ReadDevAllInEpInterrupt
                0x08009a92       0x34 ./Drivers/STM32F4xx_HAL_Driver/Src/stm32f4xx_ll_usb.o
                0x08009a92                USB_ReadDevAllInEpInterrupt
 .text.USB_ReadDevOutEPInterrupt
                0x08009ac6       0x3c ./Drivers/STM32F4xx_HAL_Driver/Src/stm32f4xx_ll_usb.o
                0x08009ac6                USB_ReadDevOutEPInterrupt
 .text.USB_ReadDevInEPInterrupt
                0x08009b02       0x5c ./Drivers/STM32F4xx_HAL_Driver/Src/stm32f4xx_ll_usb.o
                0x08009b02                USB_ReadDevInEPInterrupt
 .text.USB_GetMode
                0x08009b5e       0x1c ./Drivers/STM32F4xx_HAL_Driver/Src/stm32f4xx_ll_usb.o
                0x08009b5e                USB_GetMode
 .text.USB_ActivateSetup
                0x08009b7a       0x46 ./Drivers/STM32F4xx_HAL_Driver/Src/stm32f4xx_ll_usb.o
                0x08009b7a                USB_ActivateSetup
 .text.USB_EP0_OutStart
                0x08009bc0       0xbc ./Drivers/STM32F4xx_HAL_Driver/Src/stm32f4xx_ll_usb.o
                0x08009bc0                USB_EP0_OutStart
 .text.USB_CoreReset
                0x08009c7c       0x62 ./Drivers/STM32F4xx_HAL_Driver/Src/stm32f4xx_ll_usb.o
 *fill*         0x08009cde        0x2 
 .text.Motor_setup_LF
                0x08009ce0       0x5c ./Library_for_Ro_Bo_Rho/Encoder_Motor.o
                0x08009ce0                Motor_setup_LF
 .text.Motor_setup_LB
                0x08009d3c       0x5c ./Library_for_Ro_Bo_Rho/Encoder_Motor.o
                0x08009d3c                Motor_setup_LB
 .text.Motor_setup_RF
                0x08009d98       0x5c ./Library_for_Ro_Bo_Rho/Encoder_Motor.o
                0x08009d98                Motor_setup_RF
 .text.Motor_setup_RB
                0x08009df4       0x5c ./Library_for_Ro_Bo_Rho/Encoder_Motor.o
                0x08009df4                Motor_setup_RB
 .text.Motor_setup_EXTRA1
                0x08009e50       0x5c ./Library_for_Ro_Bo_Rho/Encoder_Motor.o
                0x08009e50                Motor_setup_EXTRA1
 .text.Motor_setup_EXTRA2
                0x08009eac       0x5c ./Library_for_Ro_Bo_Rho/Encoder_Motor.o
                0x08009eac                Motor_setup_EXTRA2
 .text.getCount
                0x08009f08       0x20 ./Library_for_Ro_Bo_Rho/Encoder_Motor.o
                0x08009f08                getCount
 .text.Setup_CPR
                0x08009f28       0x20 ./Library_for_Ro_Bo_Rho/Encoder_Motor.o
                0x08009f28                Setup_CPR
 .text.Setup_Gear_Ratio
                0x08009f48       0x20 ./Library_for_Ro_Bo_Rho/Encoder_Motor.o
                0x08009f48                Setup_Gear_Ratio
 .text.Setup_frequency_Motor
                0x08009f68       0x20 ./Library_for_Ro_Bo_Rho/Encoder_Motor.o
                0x08009f68                Setup_frequency_Motor
 .text.getRad_s_to_RPM
                0x08009f88       0x34 ./Library_for_Ro_Bo_Rho/Encoder_Motor.o
                0x08009f88                getRad_s_to_RPM
 .text.getRPM_TIM_Wheel
                0x08009fbc       0xdc ./Library_for_Ro_Bo_Rho/Encoder_Motor.o
                0x08009fbc                getRPM_TIM_Wheel
 .text.Setup_PID_LF
                0x0800a098       0x58 ./Library_for_Ro_Bo_Rho/Encoder_Motor.o
                0x0800a098                Setup_PID_LF
 .text.Setup_PID_LB
                0x0800a0f0       0x58 ./Library_for_Ro_Bo_Rho/Encoder_Motor.o
                0x0800a0f0                Setup_PID_LB
 .text.Setup_PID_RF
                0x0800a148       0x58 ./Library_for_Ro_Bo_Rho/Encoder_Motor.o
                0x0800a148                Setup_PID_RF
 .text.Setup_PID_RB
                0x0800a1a0       0x58 ./Library_for_Ro_Bo_Rho/Encoder_Motor.o
                0x0800a1a0                Setup_PID_RB
 .text.PID_Speed
                0x0800a1f8      0x154 ./Library_for_Ro_Bo_Rho/Encoder_Motor.o
                0x0800a1f8                PID_Speed
 .text.Motor_DutyCycle_LF
                0x0800a34c       0xb0 ./Library_for_Ro_Bo_Rho/Encoder_Motor.o
                0x0800a34c                Motor_DutyCycle_LF
 .text.Motor_DutyCycle_LB
                0x0800a3fc       0xb8 ./Library_for_Ro_Bo_Rho/Encoder_Motor.o
                0x0800a3fc                Motor_DutyCycle_LB
 .text.Motor_DutyCycle_RF
                0x0800a4b4       0xb8 ./Library_for_Ro_Bo_Rho/Encoder_Motor.o
                0x0800a4b4                Motor_DutyCycle_RF
 .text.Motor_DutyCycle_RB
                0x0800a56c       0xb0 ./Library_for_Ro_Bo_Rho/Encoder_Motor.o
                0x0800a56c                Motor_DutyCycle_RB
 .text.Motor_DutyCycle_EXTRA1
                0x0800a61c       0xb0 ./Library_for_Ro_Bo_Rho/Encoder_Motor.o
                0x0800a61c                Motor_DutyCycle_EXTRA1
 .text.Motor_DutyCycle_EXTRA2
                0x0800a6cc       0xb0 ./Library_for_Ro_Bo_Rho/Encoder_Motor.o
                0x0800a6cc                Motor_DutyCycle_EXTRA2
 .text.Motor_Speed_LF
                0x0800a77c       0xe4 ./Library_for_Ro_Bo_Rho/Encoder_Motor.o
                0x0800a77c                Motor_Speed_LF
 .text.Motor_Speed_LB
                0x0800a860       0xe4 ./Library_for_Ro_Bo_Rho/Encoder_Motor.o
                0x0800a860                Motor_Speed_LB
 .text.Motor_Speed_RF
                0x0800a944       0xe4 ./Library_for_Ro_Bo_Rho/Encoder_Motor.o
                0x0800a944                Motor_Speed_RF
 .text.Motor_Speed_RB
                0x0800aa28       0xe4 ./Library_for_Ro_Bo_Rho/Encoder_Motor.o
                0x0800aa28                Motor_Speed_RB
 .text.digitalWrite
                0x0800ab0c      0x6cc ./Library_for_Ro_Bo_Rho/Encoder_Motor.o
                0x0800ab0c                digitalWrite
 .text.Setup_Forward_Kinematic
                0x0800b1d8       0x3c ./Library_for_Ro_Bo_Rho/Forward_Kinematics.o
                0x0800b1d8                Setup_Forward_Kinematic
 .text.Setup_frequency_Forward_Kinematic
                0x0800b214       0x20 ./Library_for_Ro_Bo_Rho/Forward_Kinematics.o
                0x0800b214                Setup_frequency_Forward_Kinematic
 .text.Game_Play_ROBOT_1
                0x0800b234      0x118 ./Library_for_Ro_Bo_Rho/Game_Play.o
                0x0800b234                Game_Play_ROBOT_1
 .text.Setup_Inverse_Kinematic
                0x0800b34c       0x3c ./Library_for_Ro_Bo_Rho/Inverse_Kinematics.o
                0x0800b34c                Setup_Inverse_Kinematic
 .text.Inverse_Kinematic_Lock_Direction
                0x0800b388      0x240 ./Library_for_Ro_Bo_Rho/Inverse_Kinematics.o
                0x0800b388                Inverse_Kinematic_Lock_Direction
 .text.get_w_LF
                0x0800b5c8       0x1c ./Library_for_Ro_Bo_Rho/Inverse_Kinematics.o
                0x0800b5c8                get_w_LF
 .text.get_w_LB
                0x0800b5e4       0x1c ./Library_for_Ro_Bo_Rho/Inverse_Kinematics.o
                0x0800b5e4                get_w_LB
 .text.get_w_RF
                0x0800b600       0x1c ./Library_for_Ro_Bo_Rho/Inverse_Kinematics.o
                0x0800b600                get_w_RF
 .text.get_w_RB
                0x0800b61c       0x1c ./Library_for_Ro_Bo_Rho/Inverse_Kinematics.o
                0x0800b61c                get_w_RB
 .text.map      0x0800b638       0x5c ./Library_for_Ro_Bo_Rho/Inverse_Kinematics.o
                0x0800b638                map
 .text.Setup_MPU6050
                0x0800b694       0xa8 ./Library_for_Ro_Bo_Rho/MPU6050.o
                0x0800b694                Setup_MPU6050
 .text.ReadMPU6050
                0x0800b73c       0xbc ./Library_for_Ro_Bo_Rho/MPU6050.o
                0x0800b73c                ReadMPU6050
 .text.MPU6050_calib
                0x0800b7f8       0x70 ./Library_for_Ro_Bo_Rho/MPU6050.o
                0x0800b7f8                MPU6050_calib
 .text.app_ros_comm_runner
                0x0800b868       0x8c ./Library_for_Ro_Bo_Rho/app_ros_comm.o
                0x0800b868                app_ros_comm_runner
 .text.app_ros_comm_processRX
                0x0800b8f4       0x94 ./Library_for_Ro_Bo_Rho/app_ros_comm.o
                0x0800b8f4                app_ros_comm_processRX
 .text.app_ros_comm_comandProcessor
                0x0800b988        0xe ./Library_for_Ro_Bo_Rho/app_ros_comm.o
                0x0800b988                app_ros_comm_comandProcessor
 *fill*         0x0800b996        0x2 
 .text.app_ros_comm_txPoll
                0x0800b998       0xc0 ./Library_for_Ro_Bo_Rho/app_ros_comm.o
                0x0800b998                app_ros_comm_txPoll
 .text.USBD_CDC_Init
                0x0800ba58      0x1f0 ./Middlewares/ST/STM32_USB_Device_Library/Class/CDC/Src/usbd_cdc.o
 .text.USBD_CDC_DeInit
                0x0800bc48      0x104 ./Middlewares/ST/STM32_USB_Device_Library/Class/CDC/Src/usbd_cdc.o
 .text.USBD_CDC_Setup
                0x0800bd4c      0x1b8 ./Middlewares/ST/STM32_USB_Device_Library/Class/CDC/Src/usbd_cdc.o
 .text.USBD_CDC_DataIn
                0x0800bf04       0xfe ./Middlewares/ST/STM32_USB_Device_Library/Class/CDC/Src/usbd_cdc.o
 .text.USBD_CDC_DataOut
                0x0800c002       0x70 ./Middlewares/ST/STM32_USB_Device_Library/Class/CDC/Src/usbd_cdc.o
 .text.USBD_CDC_EP0_RxReady
                0x0800c072       0x74 ./Middlewares/ST/STM32_USB_Device_Library/Class/CDC/Src/usbd_cdc.o
 *fill*         0x0800c0e6        0x2 
 .text.USBD_CDC_GetFSCfgDesc
                0x0800c0e8       0x70 ./Middlewares/ST/STM32_USB_Device_Library/Class/CDC/Src/usbd_cdc.o
 .text.USBD_CDC_GetHSCfgDesc
                0x0800c158       0x70 ./Middlewares/ST/STM32_USB_Device_Library/Class/CDC/Src/usbd_cdc.o
 .text.USBD_CDC_GetOtherSpeedCfgDesc
                0x0800c1c8       0x70 ./Middlewares/ST/STM32_USB_Device_Library/Class/CDC/Src/usbd_cdc.o
 .text.USBD_CDC_GetDeviceQualifierDescriptor
                0x0800c238       0x20 ./Middlewares/ST/STM32_USB_Device_Library/Class/CDC/Src/usbd_cdc.o
                0x0800c238                USBD_CDC_GetDeviceQualifierDescriptor
 .text.USBD_CDC_RegisterInterface
                0x0800c258       0x34 ./Middlewares/ST/STM32_USB_Device_Library/Class/CDC/Src/usbd_cdc.o
                0x0800c258                USBD_CDC_RegisterInterface
 .text.USBD_CDC_SetTxBuffer
                0x0800c28c       0x44 ./Middlewares/ST/STM32_USB_Device_Library/Class/CDC/Src/usbd_cdc.o
                0x0800c28c                USBD_CDC_SetTxBuffer
 .text.USBD_CDC_SetRxBuffer
                0x0800c2d0       0x3a ./Middlewares/ST/STM32_USB_Device_Library/Class/CDC/Src/usbd_cdc.o
                0x0800c2d0                USBD_CDC_SetRxBuffer
 *fill*         0x0800c30a        0x2 
 .text.USBD_CDC_TransmitPacket
                0x0800c30c       0x80 ./Middlewares/ST/STM32_USB_Device_Library/Class/CDC/Src/usbd_cdc.o
                0x0800c30c                USBD_CDC_TransmitPacket
 .text.USBD_CDC_ReceivePacket
                0x0800c38c       0x6c ./Middlewares/ST/STM32_USB_Device_Library/Class/CDC/Src/usbd_cdc.o
                0x0800c38c                USBD_CDC_ReceivePacket
 .text.USBD_Init
                0x0800c3f8       0x60 ./Middlewares/ST/STM32_USB_Device_Library/Core/Src/usbd_core.o
                0x0800c3f8                USBD_Init
 .text.USBD_RegisterClass
                0x0800c458       0x6c ./Middlewares/ST/STM32_USB_Device_Library/Core/Src/usbd_core.o
                0x0800c458                USBD_RegisterClass
 .text.USBD_Start
                0x0800c4c4       0x18 ./Middlewares/ST/STM32_USB_Device_Library/Core/Src/usbd_core.o
                0x0800c4c4                USBD_Start
 .text.USBD_RunTestMode
                0x0800c4dc       0x16 ./Middlewares/ST/STM32_USB_Device_Library/Core/Src/usbd_core.o
                0x0800c4dc                USBD_RunTestMode
 .text.USBD_SetClassConfig
                0x0800c4f2       0x38 ./Middlewares/ST/STM32_USB_Device_Library/Core/Src/usbd_core.o
                0x0800c4f2                USBD_SetClassConfig
 .text.USBD_ClrClassConfig
                0x0800c52a       0x34 ./Middlewares/ST/STM32_USB_Device_Library/Core/Src/usbd_core.o
                0x0800c52a                USBD_ClrClassConfig
 .text.USBD_LL_SetupStage
                0x0800c55e       0xaa ./Middlewares/ST/STM32_USB_Device_Library/Core/Src/usbd_core.o
                0x0800c55e                USBD_LL_SetupStage
 .text.USBD_LL_DataOutStage
                0x0800c608      0x166 ./Middlewares/ST/STM32_USB_Device_Library/Core/Src/usbd_core.o
                0x0800c608                USBD_LL_DataOutStage
 .text.USBD_LL_DataInStage
                0x0800c76e      0x164 ./Middlewares/ST/STM32_USB_Device_Library/Core/Src/usbd_core.o
                0x0800c76e                USBD_LL_DataInStage
 .text.USBD_LL_Reset
                0x0800c8d2       0xa4 ./Middlewares/ST/STM32_USB_Device_Library/Core/Src/usbd_core.o
                0x0800c8d2                USBD_LL_Reset
 .text.USBD_LL_SetSpeed
                0x0800c976       0x20 ./Middlewares/ST/STM32_USB_Device_Library/Core/Src/usbd_core.o
                0x0800c976                USBD_LL_SetSpeed
 .text.USBD_LL_Suspend
                0x0800c996       0x38 ./Middlewares/ST/STM32_USB_Device_Library/Core/Src/usbd_core.o
                0x0800c996                USBD_LL_Suspend
 .text.USBD_LL_Resume
                0x0800c9ce       0x30 ./Middlewares/ST/STM32_USB_Device_Library/Core/Src/usbd_core.o
                0x0800c9ce                USBD_LL_Resume
 .text.USBD_LL_SOF
                0x0800c9fe       0x40 ./Middlewares/ST/STM32_USB_Device_Library/Core/Src/usbd_core.o
                0x0800c9fe                USBD_LL_SOF
 .text.USBD_LL_IsoINIncomplete
                0x0800ca3e       0x64 ./Middlewares/ST/STM32_USB_Device_Library/Core/Src/usbd_core.o
                0x0800ca3e                USBD_LL_IsoINIncomplete
 .text.USBD_LL_IsoOUTIncomplete
                0x0800caa2       0x64 ./Middlewares/ST/STM32_USB_Device_Library/Core/Src/usbd_core.o
                0x0800caa2                USBD_LL_IsoOUTIncomplete
 .text.USBD_LL_DevConnected
                0x0800cb06       0x16 ./Middlewares/ST/STM32_USB_Device_Library/Core/Src/usbd_core.o
                0x0800cb06                USBD_LL_DevConnected
 .text.USBD_LL_DevDisconnected
                0x0800cb1c       0x46 ./Middlewares/ST/STM32_USB_Device_Library/Core/Src/usbd_core.o
                0x0800cb1c                USBD_LL_DevDisconnected
 .text.USBD_CoreFindIF
                0x0800cb62       0x1a ./Middlewares/ST/STM32_USB_Device_Library/Core/Src/usbd_core.o
                0x0800cb62                USBD_CoreFindIF
 .text.USBD_CoreFindEP
                0x0800cb7c       0x1a ./Middlewares/ST/STM32_USB_Device_Library/Core/Src/usbd_core.o
                0x0800cb7c                USBD_CoreFindEP
 .text.USBD_GetEpDesc
                0x0800cb96       0x70 ./Middlewares/ST/STM32_USB_Device_Library/Core/Src/usbd_core.o
                0x0800cb96                USBD_GetEpDesc
 .text.USBD_GetNextDesc
                0x0800cc06       0x38 ./Middlewares/ST/STM32_USB_Device_Library/Core/Src/usbd_core.o
                0x0800cc06                USBD_GetNextDesc
 .text.SWAPBYTE
                0x0800cc3e       0x3c ./Middlewares/ST/STM32_USB_Device_Library/Core/Src/usbd_ctlreq.o
 *fill*         0x0800cc7a        0x2 
 .text.USBD_StdDevReq
                0x0800cc7c       0xe4 ./Middlewares/ST/STM32_USB_Device_Library/Core/Src/usbd_ctlreq.o
                0x0800cc7c                USBD_StdDevReq
 .text.USBD_StdItfReq
                0x0800cd60       0xd8 ./Middlewares/ST/STM32_USB_Device_Library/Core/Src/usbd_ctlreq.o
                0x0800cd60                USBD_StdItfReq
 .text.USBD_StdEPReq
                0x0800ce38      0x33a ./Middlewares/ST/STM32_USB_Device_Library/Core/Src/usbd_ctlreq.o
                0x0800ce38                USBD_StdEPReq
 *fill*         0x0800d172        0x2 
 .text.USBD_GetDescriptor
                0x0800d174      0x2d4 ./Middlewares/ST/STM32_USB_Device_Library/Core/Src/usbd_ctlreq.o
 .text.USBD_SetAddress
                0x0800d448       0x88 ./Middlewares/ST/STM32_USB_Device_Library/Core/Src/usbd_ctlreq.o
 .text.USBD_SetConfig
                0x0800d4d0      0x154 ./Middlewares/ST/STM32_USB_Device_Library/Core/Src/usbd_ctlreq.o
 .text.USBD_GetConfig
                0x0800d624       0x6c ./Middlewares/ST/STM32_USB_Device_Library/Core/Src/usbd_ctlreq.o
 .text.USBD_GetStatus
                0x0800d690       0x68 ./Middlewares/ST/STM32_USB_Device_Library/Core/Src/usbd_ctlreq.o
 .text.USBD_SetFeature
                0x0800d6f8       0x52 ./Middlewares/ST/STM32_USB_Device_Library/Core/Src/usbd_ctlreq.o
 .text.USBD_ClrFeature
                0x0800d74a       0x44 ./Middlewares/ST/STM32_USB_Device_Library/Core/Src/usbd_ctlreq.o
 .text.USBD_ParseSetupRequest
                0x0800d78e       0x74 ./Middlewares/ST/STM32_USB_Device_Library/Core/Src/usbd_ctlreq.o
                0x0800d78e                USBD_ParseSetupRequest
 .text.USBD_CtlError
                0x0800d802       0x22 ./Middlewares/ST/STM32_USB_Device_Library/Core/Src/usbd_ctlreq.o
                0x0800d802                USBD_CtlError
 .text.USBD_GetString
                0x0800d824       0xa4 ./Middlewares/ST/STM32_USB_Device_Library/Core/Src/usbd_ctlreq.o
                0x0800d824                USBD_GetString
 .text.USBD_GetLen
                0x0800d8c8       0x34 ./Middlewares/ST/STM32_USB_Device_Library/Core/Src/usbd_ctlreq.o
 .text.USBD_CtlSendData
                0x0800d8fc       0x36 ./Middlewares/ST/STM32_USB_Device_Library/Core/Src/usbd_ioreq.o
                0x0800d8fc                USBD_CtlSendData
 .text.USBD_CtlContinueSendData
                0x0800d932       0x22 ./Middlewares/ST/STM32_USB_Device_Library/Core/Src/usbd_ioreq.o
                0x0800d932                USBD_CtlContinueSendData
 .text.USBD_CtlPrepareRx
                0x0800d954       0x3a ./Middlewares/ST/STM32_USB_Device_Library/Core/Src/usbd_ioreq.o
                0x0800d954                USBD_CtlPrepareRx
 .text.USBD_CtlContinueRx
                0x0800d98e       0x22 ./Middlewares/ST/STM32_USB_Device_Library/Core/Src/usbd_ioreq.o
                0x0800d98e                USBD_CtlContinueRx
 .text.USBD_CtlSendStatus
                0x0800d9b0       0x26 ./Middlewares/ST/STM32_USB_Device_Library/Core/Src/usbd_ioreq.o
                0x0800d9b0                USBD_CtlSendStatus
 .text.USBD_CtlReceiveStatus
                0x0800d9d6       0x26 ./Middlewares/ST/STM32_USB_Device_Library/Core/Src/usbd_ioreq.o
                0x0800d9d6                USBD_CtlReceiveStatus
 .text.MX_USB_DEVICE_Init
                0x0800d9fc       0x60 ./USB_DEVICE/App/usb_device.o
                0x0800d9fc                MX_USB_DEVICE_Init
 .text.CDC_Init_FS
                0x0800da5c       0x28 ./USB_DEVICE/App/usbd_cdc_if.o
 .text.CDC_DeInit_FS
                0x0800da84       0x10 ./USB_DEVICE/App/usbd_cdc_if.o
 .text.CDC_Control_FS
                0x0800da94       0xbc ./USB_DEVICE/App/usbd_cdc_if.o
 .text.CDC_Receive_FS
                0x0800db50       0x58 ./USB_DEVICE/App/usbd_cdc_if.o
 .text.CDC_Transmit_FS
                0x0800dba8       0x60 ./USB_DEVICE/App/usbd_cdc_if.o
                0x0800dba8                CDC_Transmit_FS
 .text.CDC_TransmitCplt_FS
                0x0800dc08       0x22 ./USB_DEVICE/App/usbd_cdc_if.o
 *fill*         0x0800dc2a        0x2 
 .text.USBD_FS_DeviceDescriptor
                0x0800dc2c       0x24 ./USB_DEVICE/App/usbd_desc.o
                0x0800dc2c                USBD_FS_DeviceDescriptor
 .text.USBD_FS_LangIDStrDescriptor
                0x0800dc50       0x24 ./USB_DEVICE/App/usbd_desc.o
                0x0800dc50                USBD_FS_LangIDStrDescriptor
 .text.USBD_FS_ProductStrDescriptor
                0x0800dc74       0x3c ./USB_DEVICE/App/usbd_desc.o
                0x0800dc74                USBD_FS_ProductStrDescriptor
 .text.USBD_FS_ManufacturerStrDescriptor
                0x0800dcb0       0x28 ./USB_DEVICE/App/usbd_desc.o
                0x0800dcb0                USBD_FS_ManufacturerStrDescriptor
 .text.USBD_FS_SerialStrDescriptor
                0x0800dcd8       0x24 ./USB_DEVICE/App/usbd_desc.o
                0x0800dcd8                USBD_FS_SerialStrDescriptor
 .text.USBD_FS_ConfigStrDescriptor
                0x0800dcfc       0x3c ./USB_DEVICE/App/usbd_desc.o
                0x0800dcfc                USBD_FS_ConfigStrDescriptor
 .text.USBD_FS_InterfaceStrDescriptor
                0x0800dd38       0x3c ./USB_DEVICE/App/usbd_desc.o
                0x0800dd38                USBD_FS_InterfaceStrDescriptor
 .text.Get_SerialNum
                0x0800dd74       0x58 ./USB_DEVICE/App/usbd_desc.o
 .text.IntToUnicode
                0x0800ddcc       0x7e ./USB_DEVICE/App/usbd_desc.o
 *fill*         0x0800de4a        0x2 
 .text.HAL_PCD_MspInit
                0x0800de4c       0xa8 ./USB_DEVICE/Target/usbd_conf.o
                0x0800de4c                HAL_PCD_MspInit
 .text.HAL_PCD_SetupStageCallback
                0x0800def4       0x24 ./USB_DEVICE/Target/usbd_conf.o
                0x0800def4                HAL_PCD_SetupStageCallback
 .text.HAL_PCD_DataOutStageCallback
                0x0800df18       0x36 ./USB_DEVICE/Target/usbd_conf.o
                0x0800df18                HAL_PCD_DataOutStageCallback
 .text.HAL_PCD_DataInStageCallback
                0x0800df4e       0x34 ./USB_DEVICE/Target/usbd_conf.o
                0x0800df4e                HAL_PCD_DataInStageCallback
 .text.HAL_PCD_SOFCallback
                0x0800df82       0x1c ./USB_DEVICE/Target/usbd_conf.o
                0x0800df82                HAL_PCD_SOFCallback
 .text.HAL_PCD_ResetCallback
                0x0800df9e       0x50 ./USB_DEVICE/Target/usbd_conf.o
                0x0800df9e                HAL_PCD_ResetCallback
 *fill*         0x0800dfee        0x2 
 .text.HAL_PCD_SuspendCallback
                0x0800dff0       0x4c ./USB_DEVICE/Target/usbd_conf.o
                0x0800dff0                HAL_PCD_SuspendCallback
 .text.HAL_PCD_ResumeCallback
                0x0800e03c       0x1c ./USB_DEVICE/Target/usbd_conf.o
                0x0800e03c                HAL_PCD_ResumeCallback
 .text.HAL_PCD_ISOOUTIncompleteCallback
                0x0800e058       0x24 ./USB_DEVICE/Target/usbd_conf.o
                0x0800e058                HAL_PCD_ISOOUTIncompleteCallback
 .text.HAL_PCD_ISOINIncompleteCallback
                0x0800e07c       0x24 ./USB_DEVICE/Target/usbd_conf.o
                0x0800e07c                HAL_PCD_ISOINIncompleteCallback
 .text.HAL_PCD_ConnectCallback
                0x0800e0a0       0x1c ./USB_DEVICE/Target/usbd_conf.o
                0x0800e0a0                HAL_PCD_ConnectCallback
 .text.HAL_PCD_DisconnectCallback
                0x0800e0bc       0x1c ./USB_DEVICE/Target/usbd_conf.o
                0x0800e0bc                HAL_PCD_DisconnectCallback
 .text.USBD_LL_Init
                0x0800e0d8       0x98 ./USB_DEVICE/Target/usbd_conf.o
                0x0800e0d8                USBD_LL_Init
 .text.USBD_LL_Start
                0x0800e170       0x36 ./USB_DEVICE/Target/usbd_conf.o
                0x0800e170                USBD_LL_Start
 .text.USBD_LL_OpenEP
                0x0800e1a6       0x4c ./USB_DEVICE/Target/usbd_conf.o
                0x0800e1a6                USBD_LL_OpenEP
 .text.USBD_LL_CloseEP
                0x0800e1f2       0x3e ./USB_DEVICE/Target/usbd_conf.o
                0x0800e1f2                USBD_LL_CloseEP
 .text.USBD_LL_StallEP
                0x0800e230       0x3e ./USB_DEVICE/Target/usbd_conf.o
                0x0800e230                USBD_LL_StallEP
 .text.USBD_LL_ClearStallEP
                0x0800e26e       0x3e ./USB_DEVICE/Target/usbd_conf.o
                0x0800e26e                USBD_LL_ClearStallEP
 .text.USBD_LL_IsStallEP
                0x0800e2ac       0x58 ./USB_DEVICE/Target/usbd_conf.o
                0x0800e2ac                USBD_LL_IsStallEP
 .text.USBD_LL_SetUSBAddress
                0x0800e304       0x3e ./USB_DEVICE/Target/usbd_conf.o
                0x0800e304                USBD_LL_SetUSBAddress
 .text.USBD_LL_Transmit
                0x0800e342       0x42 ./USB_DEVICE/Target/usbd_conf.o
                0x0800e342                USBD_LL_Transmit
 .text.USBD_LL_PrepareReceive
                0x0800e384       0x42 ./USB_DEVICE/Target/usbd_conf.o
                0x0800e384                USBD_LL_PrepareReceive
 .text.USBD_LL_GetRxDataSize
                0x0800e3c6       0x26 ./USB_DEVICE/Target/usbd_conf.o
                0x0800e3c6                USBD_LL_GetRxDataSize
 .text.USBD_static_malloc
                0x0800e3ec       0x1c ./USB_DEVICE/Target/usbd_conf.o
                0x0800e3ec                USBD_static_malloc
 .text.USBD_static_free
                0x0800e408       0x14 ./USB_DEVICE/Target/usbd_conf.o
                0x0800e408                USBD_static_free
 .text.USBD_Get_USB_Status
                0x0800e41c       0x58 ./USB_DEVICE/Target/usbd_conf.o
                0x0800e41c                USBD_Get_USB_Status
 .text.memset   0x0800e474       0x10 C:/ST/STM32CubeIDE_1.15.1/STM32CubeIDE/plugins/com.st.stm32cube.ide.mcu.externaltools.gnu-tools-for-stm32.12.3.rel1.win32_1.0.100.202403111256/tools/bin/../lib/gcc/arm-none-eabi/12.3.1/../../../../arm-none-eabi/lib/thumb/v7e-m+fp/hard\libc_nano.a(libc_a-memset.o)
                0x0800e474                memset
 .text.__errno  0x0800e484        0xc C:/ST/STM32CubeIDE_1.15.1/STM32CubeIDE/plugins/com.st.stm32cube.ide.mcu.externaltools.gnu-tools-for-stm32.12.3.rel1.win32_1.0.100.202403111256/tools/bin/../lib/gcc/arm-none-eabi/12.3.1/../../../../arm-none-eabi/lib/thumb/v7e-m+fp/hard\libc_nano.a(libc_a-errno.o)
                0x0800e484                __errno
 .text.__libc_init_array
                0x0800e490       0x48 C:/ST/STM32CubeIDE_1.15.1/STM32CubeIDE/plugins/com.st.stm32cube.ide.mcu.externaltools.gnu-tools-for-stm32.12.3.rel1.win32_1.0.100.202403111256/tools/bin/../lib/gcc/arm-none-eabi/12.3.1/../../../../arm-none-eabi/lib/thumb/v7e-m+fp/hard\libc_nano.a(libc_a-init.o)
                0x0800e490                __libc_init_array
 .text.memcpy   0x0800e4d8       0x1c C:/ST/STM32CubeIDE_1.15.1/STM32CubeIDE/plugins/com.st.stm32cube.ide.mcu.externaltools.gnu-tools-for-stm32.12.3.rel1.win32_1.0.100.202403111256/tools/bin/../lib/gcc/arm-none-eabi/12.3.1/../../../../arm-none-eabi/lib/thumb/v7e-m+fp/hard\libc_nano.a(libc_a-memcpy-stub.o)
                0x0800e4d8                memcpy
 .text.atan2    0x0800e4f4        0x4 C:/ST/STM32CubeIDE_1.15.1/STM32CubeIDE/plugins/com.st.stm32cube.ide.mcu.externaltools.gnu-tools-for-stm32.12.3.rel1.win32_1.0.100.202403111256/tools/bin/../lib/gcc/arm-none-eabi/12.3.1/../../../../arm-none-eabi/lib/thumb/v7e-m+fp/hard\libm.a(libm_a-w_atan2.o)
                0x0800e4f4                atan2
 .text.sqrt     0x0800e4f8       0x58 C:/ST/STM32CubeIDE_1.15.1/STM32CubeIDE/plugins/com.st.stm32cube.ide.mcu.externaltools.gnu-tools-for-stm32.12.3.rel1.win32_1.0.100.202403111256/tools/bin/../lib/gcc/arm-none-eabi/12.3.1/../../../../arm-none-eabi/lib/thumb/v7e-m+fp/hard\libm.a(libm_a-w_sqrt.o)
                0x0800e4f8                sqrt
 .text.cos      0x0800e550       0xa8 C:/ST/STM32CubeIDE_1.15.1/STM32CubeIDE/plugins/com.st.stm32cube.ide.mcu.externaltools.gnu-tools-for-stm32.12.3.rel1.win32_1.0.100.202403111256/tools/bin/../lib/gcc/arm-none-eabi/12.3.1/../../../../arm-none-eabi/lib/thumb/v7e-m+fp/hard\libm.a(libm_a-s_cos.o)
                0x0800e550                cos
 .text.sin      0x0800e5f8       0xa8 C:/ST/STM32CubeIDE_1.15.1/STM32CubeIDE/plugins/com.st.stm32cube.ide.mcu.externaltools.gnu-tools-for-stm32.12.3.rel1.win32_1.0.100.202403111256/tools/bin/../lib/gcc/arm-none-eabi/12.3.1/../../../../arm-none-eabi/lib/thumb/v7e-m+fp/hard\libm.a(libm_a-s_sin.o)
                0x0800e5f8                sin
 .text.__ieee754_sqrt
                0x0800e6a0      0x1b4 C:/ST/STM32CubeIDE_1.15.1/STM32CubeIDE/plugins/com.st.stm32cube.ide.mcu.externaltools.gnu-tools-for-stm32.12.3.rel1.win32_1.0.100.202403111256/tools/bin/../lib/gcc/arm-none-eabi/12.3.1/../../../../arm-none-eabi/lib/thumb/v7e-m+fp/hard\libm.a(libm_a-e_sqrt.o)
                0x0800e6a0                __ieee754_sqrt
 *fill*         0x0800e854        0x4 
 .text.__kernel_cos
                0x0800e858      0x18c C:/ST/STM32CubeIDE_1.15.1/STM32CubeIDE/plugins/com.st.stm32cube.ide.mcu.externaltools.gnu-tools-for-stm32.12.3.rel1.win32_1.0.100.202403111256/tools/bin/../lib/gcc/arm-none-eabi/12.3.1/../../../../arm-none-eabi/lib/thumb/v7e-m+fp/hard\libm.a(libm_a-k_cos.o)
                0x0800e858                __kernel_cos
 *fill*         0x0800e9e4        0x4 
 .text.__kernel_sin
                0x0800e9e8      0x174 C:/ST/STM32CubeIDE_1.15.1/STM32CubeIDE/plugins/com.st.stm32cube.ide.mcu.externaltools.gnu-tools-for-stm32.12.3.rel1.win32_1.0.100.202403111256/tools/bin/../lib/gcc/arm-none-eabi/12.3.1/../../../../arm-none-eabi/lib/thumb/v7e-m+fp/hard\libm.a(libm_a-k_sin.o)
                0x0800e9e8                __kernel_sin
 *fill*         0x0800eb5c        0x4 
 .text.__ieee754_atan2
                0x0800eb60      0x18c C:/ST/STM32CubeIDE_1.15.1/STM32CubeIDE/plugins/com.st.stm32cube.ide.mcu.externaltools.gnu-tools-for-stm32.12.3.rel1.win32_1.0.100.202403111256/tools/bin/../lib/gcc/arm-none-eabi/12.3.1/../../../../arm-none-eabi/lib/thumb/v7e-m+fp/hard\libm.a(libm_a-e_atan2.o)
                0x0800eb60                __ieee754_atan2
 *fill*         0x0800ecec        0x4 
 .text.__ieee754_rem_pio2
                0x0800ecf0      0x3f8 C:/ST/STM32CubeIDE_1.15.1/STM32CubeIDE/plugins/com.st.stm32cube.ide.mcu.externaltools.gnu-tools-for-stm32.12.3.rel1.win32_1.0.100.202403111256/tools/bin/../lib/gcc/arm-none-eabi/12.3.1/../../../../arm-none-eabi/lib/thumb/v7e-m+fp/hard\libm.a(libm_a-e_rem_pio2.o)
                0x0800ecf0                __ieee754_rem_pio2
 .text.atan     0x0800f0e8      0x330 C:/ST/STM32CubeIDE_1.15.1/STM32CubeIDE/plugins/com.st.stm32cube.ide.mcu.externaltools.gnu-tools-for-stm32.12.3.rel1.win32_1.0.100.202403111256/tools/bin/../lib/gcc/arm-none-eabi/12.3.1/../../../../arm-none-eabi/lib/thumb/v7e-m+fp/hard\libm.a(libm_a-s_atan.o)
                0x0800f0e8                atan
 .text.fabs     0x0800f418       0x10 C:/ST/STM32CubeIDE_1.15.1/STM32CubeIDE/plugins/com.st.stm32cube.ide.mcu.externaltools.gnu-tools-for-stm32.12.3.rel1.win32_1.0.100.202403111256/tools/bin/../lib/gcc/arm-none-eabi/12.3.1/../../../../arm-none-eabi/lib/thumb/v7e-m+fp/hard\libm.a(libm_a-s_fabs.o)
                0x0800f418                fabs
 .text.__kernel_rem_pio2
                0x0800f428      0x6b0 C:/ST/STM32CubeIDE_1.15.1/STM32CubeIDE/plugins/com.st.stm32cube.ide.mcu.externaltools.gnu-tools-for-stm32.12.3.rel1.win32_1.0.100.202403111256/tools/bin/../lib/gcc/arm-none-eabi/12.3.1/../../../../arm-none-eabi/lib/thumb/v7e-m+fp/hard\libm.a(libm_a-k_rem_pio2.o)
                0x0800f428                __kernel_rem_pio2
 .text.scalbn   0x0800fad8       0xfc C:/ST/STM32CubeIDE_1.15.1/STM32CubeIDE/plugins/com.st.stm32cube.ide.mcu.externaltools.gnu-tools-for-stm32.12.3.rel1.win32_1.0.100.202403111256/tools/bin/../lib/gcc/arm-none-eabi/12.3.1/../../../../arm-none-eabi/lib/thumb/v7e-m+fp/hard\libm.a(libm_a-s_scalbn.o)
                0x0800fad8                scalbn
 *fill*         0x0800fbd4        0x4 
 .text.floor    0x0800fbd8       0xf8 C:/ST/STM32CubeIDE_1.15.1/STM32CubeIDE/plugins/com.st.stm32cube.ide.mcu.externaltools.gnu-tools-for-stm32.12.3.rel1.win32_1.0.100.202403111256/tools/bin/../lib/gcc/arm-none-eabi/12.3.1/../../../../arm-none-eabi/lib/thumb/v7e-m+fp/hard\libm.a(libm_a-s_floor.o)
                0x0800fbd8                floor
 *(.glue_7)
 .glue_7        0x0800fcd0        0x0 linker stubs
 *(.glue_7t)
 .glue_7t       0x0800fcd0        0x0 linker stubs
 *(.eh_frame)
 .eh_frame      0x0800fcd0        0x0 C:/ST/STM32CubeIDE_1.15.1/STM32CubeIDE/plugins/com.st.stm32cube.ide.mcu.externaltools.gnu-tools-for-stm32.12.3.rel1.win32_1.0.100.202403111256/tools/bin/../lib/gcc/arm-none-eabi/12.3.1/thumb/v7e-m+fp/hard/crtbegin.o
 *(.init)
 .init          0x0800fcd0        0x4 C:/ST/STM32CubeIDE_1.15.1/STM32CubeIDE/plugins/com.st.stm32cube.ide.mcu.externaltools.gnu-tools-for-stm32.12.3.rel1.win32_1.0.100.202403111256/tools/bin/../lib/gcc/arm-none-eabi/12.3.1/thumb/v7e-m+fp/hard/crti.o
                0x0800fcd0                _init
 .init          0x0800fcd4        0x8 C:/ST/STM32CubeIDE_1.15.1/STM32CubeIDE/plugins/com.st.stm32cube.ide.mcu.externaltools.gnu-tools-for-stm32.12.3.rel1.win32_1.0.100.202403111256/tools/bin/../lib/gcc/arm-none-eabi/12.3.1/thumb/v7e-m+fp/hard/crtn.o
 *(.fini)
 .fini          0x0800fcdc        0x4 C:/ST/STM32CubeIDE_1.15.1/STM32CubeIDE/plugins/com.st.stm32cube.ide.mcu.externaltools.gnu-tools-for-stm32.12.3.rel1.win32_1.0.100.202403111256/tools/bin/../lib/gcc/arm-none-eabi/12.3.1/thumb/v7e-m+fp/hard/crti.o
                0x0800fcdc                _fini
 .fini          0x0800fce0        0x8 C:/ST/STM32CubeIDE_1.15.1/STM32CubeIDE/plugins/com.st.stm32cube.ide.mcu.externaltools.gnu-tools-for-stm32.12.3.rel1.win32_1.0.100.202403111256/tools/bin/../lib/gcc/arm-none-eabi/12.3.1/thumb/v7e-m+fp/hard/crtn.o
                0x0800fce8                        . = ALIGN (0x4)
                0x0800fce8                        _etext = .

.vfp11_veneer   0x0800fce8        0x0
 .vfp11_veneer  0x0800fce8        0x0 linker stubs

.v4_bx          0x0800fce8        0x0
 .v4_bx         0x0800fce8        0x0 linker stubs

.iplt           0x0800fce8        0x0
 .iplt          0x0800fce8        0x0 C:/ST/STM32CubeIDE_1.15.1/STM32CubeIDE/plugins/com.st.stm32cube.ide.mcu.externaltools.gnu-tools-for-stm32.12.3.rel1.win32_1.0.100.202403111256/tools/bin/../lib/gcc/arm-none-eabi/12.3.1/thumb/v7e-m+fp/hard/crtbegin.o

.rodata         0x0800fce8      0x310
                0x0800fce8                        . = ALIGN (0x4)
 *(.rodata)
 .rodata        0x0800fce8       0x35 ./Core/Src/main.o
 *fill*         0x0800fd1d        0x3 
 .rodata        0x0800fd20       0x2d ./Library_for_Ro_Bo_Rho/Game_Play.o
 *fill*         0x0800fd4d        0x3 
 .rodata        0x0800fd50       0x46 ./USB_DEVICE/App/usbd_desc.o
 *(.rodata*)
 *fill*         0x0800fd96        0x2 
 .rodata.AHBPrescTable
                0x0800fd98       0x10 ./Core/Src/system_stm32f4xx.o
                0x0800fd98                AHBPrescTable
 .rodata.APBPrescTable
                0x0800fda8        0x8 ./Core/Src/system_stm32f4xx.o
                0x0800fda8                APBPrescTable
 .rodata.CSWTCH.9
                0x0800fdb0       0x18 C:/ST/STM32CubeIDE_1.15.1/STM32CubeIDE/plugins/com.st.stm32cube.ide.mcu.externaltools.gnu-tools-for-stm32.12.3.rel1.win32_1.0.100.202403111256/tools/bin/../lib/gcc/arm-none-eabi/12.3.1/../../../../arm-none-eabi/lib/thumb/v7e-m+fp/hard\libm.a(libm_a-e_atan2.o)
 .rodata.CSWTCH.8
                0x0800fdc8       0x18 C:/ST/STM32CubeIDE_1.15.1/STM32CubeIDE/plugins/com.st.stm32cube.ide.mcu.externaltools.gnu-tools-for-stm32.12.3.rel1.win32_1.0.100.202403111256/tools/bin/../lib/gcc/arm-none-eabi/12.3.1/../../../../arm-none-eabi/lib/thumb/v7e-m+fp/hard\libm.a(libm_a-e_atan2.o)
 .rodata.npio2_hw
                0x0800fde0       0x80 C:/ST/STM32CubeIDE_1.15.1/STM32CubeIDE/plugins/com.st.stm32cube.ide.mcu.externaltools.gnu-tools-for-stm32.12.3.rel1.win32_1.0.100.202403111256/tools/bin/../lib/gcc/arm-none-eabi/12.3.1/../../../../arm-none-eabi/lib/thumb/v7e-m+fp/hard\libm.a(libm_a-e_rem_pio2.o)
 .rodata.two_over_pi
                0x0800fe60      0x108 C:/ST/STM32CubeIDE_1.15.1/STM32CubeIDE/plugins/com.st.stm32cube.ide.mcu.externaltools.gnu-tools-for-stm32.12.3.rel1.win32_1.0.100.202403111256/tools/bin/../lib/gcc/arm-none-eabi/12.3.1/../../../../arm-none-eabi/lib/thumb/v7e-m+fp/hard\libm.a(libm_a-e_rem_pio2.o)
 .rodata.atanlo
                0x0800ff68       0x20 C:/ST/STM32CubeIDE_1.15.1/STM32CubeIDE/plugins/com.st.stm32cube.ide.mcu.externaltools.gnu-tools-for-stm32.12.3.rel1.win32_1.0.100.202403111256/tools/bin/../lib/gcc/arm-none-eabi/12.3.1/../../../../arm-none-eabi/lib/thumb/v7e-m+fp/hard\libm.a(libm_a-s_atan.o)
 .rodata.atanhi
                0x0800ff88       0x20 C:/ST/STM32CubeIDE_1.15.1/STM32CubeIDE/plugins/com.st.stm32cube.ide.mcu.externaltools.gnu-tools-for-stm32.12.3.rel1.win32_1.0.100.202403111256/tools/bin/../lib/gcc/arm-none-eabi/12.3.1/../../../../arm-none-eabi/lib/thumb/v7e-m+fp/hard\libm.a(libm_a-s_atan.o)
 .rodata.PIo2   0x0800ffa8       0x40 C:/ST/STM32CubeIDE_1.15.1/STM32CubeIDE/plugins/com.st.stm32cube.ide.mcu.externaltools.gnu-tools-for-stm32.12.3.rel1.win32_1.0.100.202403111256/tools/bin/../lib/gcc/arm-none-eabi/12.3.1/../../../../arm-none-eabi/lib/thumb/v7e-m+fp/hard\libm.a(libm_a-k_rem_pio2.o)
 .rodata.init_jk
                0x0800ffe8       0x10 C:/ST/STM32CubeIDE_1.15.1/STM32CubeIDE/plugins/com.st.stm32cube.ide.mcu.externaltools.gnu-tools-for-stm32.12.3.rel1.win32_1.0.100.202403111256/tools/bin/../lib/gcc/arm-none-eabi/12.3.1/../../../../arm-none-eabi/lib/thumb/v7e-m+fp/hard\libm.a(libm_a-k_rem_pio2.o)
                0x0800fff8                        . = ALIGN (0x4)

.ARM.extab      0x0800fff8        0x0
                0x0800fff8                        . = ALIGN (0x4)
 *(.ARM.extab* .gnu.linkonce.armextab.*)
                0x0800fff8                        . = ALIGN (0x4)

.ARM            0x0800fff8        0x8
                0x0800fff8                        . = ALIGN (0x4)
                0x0800fff8                        __exidx_start = .
 *(.ARM.exidx*)
 .ARM.exidx     0x0800fff8        0x8 C:/ST/STM32CubeIDE_1.15.1/STM32CubeIDE/plugins/com.st.stm32cube.ide.mcu.externaltools.gnu-tools-for-stm32.12.3.rel1.win32_1.0.100.202403111256/tools/bin/../lib/gcc/arm-none-eabi/12.3.1/thumb/v7e-m+fp/hard\libgcc.a(_udivmoddi4.o)
                0x08010000                        __exidx_end = .
                0x08010000                        . = ALIGN (0x4)

.preinit_array  0x08010000        0x0
                0x08010000                        . = ALIGN (0x4)
                0x08010000                        PROVIDE (__preinit_array_start = .)
 *(.preinit_array*)
                0x08010000                        PROVIDE (__preinit_array_end = .)
                0x08010000                        . = ALIGN (0x4)

.init_array     0x08010000        0x4
                0x08010000                        . = ALIGN (0x4)
                0x08010000                        PROVIDE (__init_array_start = .)
 *(SORT_BY_NAME(.init_array.*))
 *(.init_array*)
 .init_array    0x08010000        0x4 C:/ST/STM32CubeIDE_1.15.1/STM32CubeIDE/plugins/com.st.stm32cube.ide.mcu.externaltools.gnu-tools-for-stm32.12.3.rel1.win32_1.0.100.202403111256/tools/bin/../lib/gcc/arm-none-eabi/12.3.1/thumb/v7e-m+fp/hard/crtbegin.o
                0x08010004                        PROVIDE (__init_array_end = .)
                0x08010004                        . = ALIGN (0x4)

.fini_array     0x08010004        0x4
                0x08010004                        . = ALIGN (0x4)
                [!provide]                        PROVIDE (__fini_array_start = .)
 *(SORT_BY_NAME(.fini_array.*))
 *(.fini_array*)
 .fini_array    0x08010004        0x4 C:/ST/STM32CubeIDE_1.15.1/STM32CubeIDE/plugins/com.st.stm32cube.ide.mcu.externaltools.gnu-tools-for-stm32.12.3.rel1.win32_1.0.100.202403111256/tools/bin/../lib/gcc/arm-none-eabi/12.3.1/thumb/v7e-m+fp/hard/crtbegin.o
                [!provide]                        PROVIDE (__fini_array_end = .)
                0x08010008                        . = ALIGN (0x4)
                0x08010008                        _sidata = LOADADDR (.data)

.rel.dyn        0x08010008        0x0
 .rel.iplt      0x08010008        0x0 C:/ST/STM32CubeIDE_1.15.1/STM32CubeIDE/plugins/com.st.stm32cube.ide.mcu.externaltools.gnu-tools-for-stm32.12.3.rel1.win32_1.0.100.202403111256/tools/bin/../lib/gcc/arm-none-eabi/12.3.1/thumb/v7e-m+fp/hard/crtbegin.o

.data           0x20000000      0x168 load address 0x08010008
                0x20000000                        . = ALIGN (0x4)
                0x20000000                        _sdata = .
 *(.data)
 *(.data*)
 .data.SystemCoreClock
                0x20000000        0x4 ./Core/Src/system_stm32f4xx.o
                0x20000000                SystemCoreClock
 .data.uwTickPrio
                0x20000004        0x4 ./Drivers/STM32F4xx_HAL_Driver/Src/stm32f4xx_hal.o
                0x20000004                uwTickPrio
 .data.uwTickFreq
                0x20000008        0x1 ./Drivers/STM32F4xx_HAL_Driver/Src/stm32f4xx_hal.o
                0x20000008                uwTickFreq
 *fill*         0x20000009        0x1 
 .data._freq    0x2000000a        0x2 ./Library_for_Ro_Bo_Rho/Encoder_Motor.o
                0x2000000a                _freq
 .data.CPR      0x2000000c        0x2 ./Library_for_Ro_Bo_Rho/Encoder_Motor.o
                0x2000000c                CPR
 .data.Gear_Ratio
                0x2000000e        0x2 ./Library_for_Ro_Bo_Rho/Encoder_Motor.o
                0x2000000e                Gear_Ratio
 .data.__freq   0x20000010        0x1 ./Library_for_Ro_Bo_Rho/Forward_Kinematics.o
                0x20000010                __freq
 *fill*         0x20000011        0x3 
 .data.USBD_CDC_DeviceQualifierDesc
                0x20000014        0xa ./Middlewares/ST/STM32_USB_Device_Library/Class/CDC/Src/usbd_cdc.o
 *fill*         0x2000001e        0x2 
 .data.USBD_CDC
                0x20000020       0x38 ./Middlewares/ST/STM32_USB_Device_Library/Class/CDC/Src/usbd_cdc.o
                0x20000020                USBD_CDC
 .data.USBD_CDC_CfgDesc
                0x20000058       0x43 ./Middlewares/ST/STM32_USB_Device_Library/Class/CDC/Src/usbd_cdc.o
 .data.CDCInEpAdd
                0x2000009b        0x1 ./Middlewares/ST/STM32_USB_Device_Library/Class/CDC/Src/usbd_cdc.o
 .data.CDCOutEpAdd
                0x2000009c        0x1 ./Middlewares/ST/STM32_USB_Device_Library/Class/CDC/Src/usbd_cdc.o
 .data.CDCCmdEpAdd
                0x2000009d        0x1 ./Middlewares/ST/STM32_USB_Device_Library/Class/CDC/Src/usbd_cdc.o
 .data.tx_flag  0x2000009e        0x1 ./USB_DEVICE/App/usbd_cdc_if.o
                0x2000009e                tx_flag
 *fill*         0x2000009f        0x1 
 .data.USBD_Interface_fops_FS
                0x200000a0       0x14 ./USB_DEVICE/App/usbd_cdc_if.o
                0x200000a0                USBD_Interface_fops_FS
 .data.FS_Desc  0x200000b4       0x1c ./USB_DEVICE/App/usbd_desc.o
                0x200000b4                FS_Desc
 .data.USBD_FS_DeviceDesc
                0x200000d0       0x12 ./USB_DEVICE/App/usbd_desc.o
                0x200000d0                USBD_FS_DeviceDesc
 *fill*         0x200000e2        0x2 
 .data.USBD_LangIDDesc
                0x200000e4        0x4 ./USB_DEVICE/App/usbd_desc.o
                0x200000e4                USBD_LangIDDesc
 .data.USBD_StringSerial
                0x200000e8       0x1a ./USB_DEVICE/App/usbd_desc.o
                0x200000e8                USBD_StringSerial
 *fill*         0x20000102        0x2 
 .data._impure_ptr
                0x20000104        0x4 C:/ST/STM32CubeIDE_1.15.1/STM32CubeIDE/plugins/com.st.stm32cube.ide.mcu.externaltools.gnu-tools-for-stm32.12.3.rel1.win32_1.0.100.202403111256/tools/bin/../lib/gcc/arm-none-eabi/12.3.1/../../../../arm-none-eabi/lib/thumb/v7e-m+fp/hard\libc_nano.a(libc_a-impure.o)
                0x20000104                _impure_ptr
 .data._impure_data
                0x20000108       0x4c C:/ST/STM32CubeIDE_1.15.1/STM32CubeIDE/plugins/com.st.stm32cube.ide.mcu.externaltools.gnu-tools-for-stm32.12.3.rel1.win32_1.0.100.202403111256/tools/bin/../lib/gcc/arm-none-eabi/12.3.1/../../../../arm-none-eabi/lib/thumb/v7e-m+fp/hard\libc_nano.a(libc_a-impure.o)
                0x20000108                _impure_data
 *fill*         0x20000154        0x4 
 .data.tiny     0x20000158        0x8 C:/ST/STM32CubeIDE_1.15.1/STM32CubeIDE/plugins/com.st.stm32cube.ide.mcu.externaltools.gnu-tools-for-stm32.12.3.rel1.win32_1.0.100.202403111256/tools/bin/../lib/gcc/arm-none-eabi/12.3.1/../../../../arm-none-eabi/lib/thumb/v7e-m+fp/hard\libm.a(libm_a-e_sqrt.o)
 .data.one      0x20000160        0x8 C:/ST/STM32CubeIDE_1.15.1/STM32CubeIDE/plugins/com.st.stm32cube.ide.mcu.externaltools.gnu-tools-for-stm32.12.3.rel1.win32_1.0.100.202403111256/tools/bin/../lib/gcc/arm-none-eabi/12.3.1/../../../../arm-none-eabi/lib/thumb/v7e-m+fp/hard\libm.a(libm_a-e_sqrt.o)
 *(.RamFunc)
 *(.RamFunc*)
                0x20000168                        . = ALIGN (0x4)
                0x20000168                        _edata = .
                0x08010170                        _siccmram = LOADADDR (.ccmram)

.igot.plt       0x20000168        0x0 load address 0x08010170
 .igot.plt      0x20000168        0x0 C:/ST/STM32CubeIDE_1.15.1/STM32CubeIDE/plugins/com.st.stm32cube.ide.mcu.externaltools.gnu-tools-for-stm32.12.3.rel1.win32_1.0.100.202403111256/tools/bin/../lib/gcc/arm-none-eabi/12.3.1/thumb/v7e-m+fp/hard/crtbegin.o

.ccmram         0x10000000        0x0 load address 0x08010170
                0x10000000                        . = ALIGN (0x4)
                0x10000000                        _sccmram = .
 *(.ccmram)
 *(.ccmram*)
                0x10000000                        . = ALIGN (0x4)
                0x10000000                        _eccmram = .
                0x10000000                        . = ALIGN (0x4)

.bss            0x20000168     0x2498
                0x20000168                        _sbss = .
                0x20000168                        __bss_start__ = _sbss
 *(.bss)
 .bss           0x20000168       0x1c C:/ST/STM32CubeIDE_1.15.1/STM32CubeIDE/plugins/com.st.stm32cube.ide.mcu.externaltools.gnu-tools-for-stm32.12.3.rel1.win32_1.0.100.202403111256/tools/bin/../lib/gcc/arm-none-eabi/12.3.1/thumb/v7e-m+fp/hard/crtbegin.o
 *(.bss*)
 .bss.hadc1     0x20000184       0x48 ./Core/Src/main.o
                0x20000184                hadc1
 .bss.hi2c2     0x200001cc       0x54 ./Core/Src/main.o
                0x200001cc                hi2c2
 .bss.hspi2     0x20000220       0x58 ./Core/Src/main.o
                0x20000220                hspi2
 .bss.htim1     0x20000278       0x48 ./Core/Src/main.o
                0x20000278                htim1
 .bss.htim2     0x200002c0       0x48 ./Core/Src/main.o
                0x200002c0                htim2
 .bss.htim3     0x20000308       0x48 ./Core/Src/main.o
                0x20000308                htim3
 .bss.htim4     0x20000350       0x48 ./Core/Src/main.o
                0x20000350                htim4
 .bss.htim5     0x20000398       0x48 ./Core/Src/main.o
                0x20000398                htim5
 .bss.htim8     0x200003e0       0x48 ./Core/Src/main.o
                0x200003e0                htim8
 .bss.htim9     0x20000428       0x48 ./Core/Src/main.o
                0x20000428                htim9
 .bss.htim10    0x20000470       0x48 ./Core/Src/main.o
                0x20000470                htim10
 .bss.htim11    0x200004b8       0x48 ./Core/Src/main.o
                0x200004b8                htim11
 .bss.htim12    0x20000500       0x48 ./Core/Src/main.o
                0x20000500                htim12
 .bss.htim13    0x20000548       0x48 ./Core/Src/main.o
                0x20000548                htim13
 .bss.htim14    0x20000590       0x48 ./Core/Src/main.o
                0x20000590                htim14
 .bss.huart4    0x200005d8       0x48 ./Core/Src/main.o
                0x200005d8                huart4
 .bss.huart2    0x20000620       0x48 ./Core/Src/main.o
                0x20000620                huart2
 .bss.RPM       0x20000668        0xc ./Core/Src/main.o
                0x20000668                RPM
 .bss.Vx        0x20000674        0x4 ./Core/Src/main.o
                0x20000674                Vx
 .bss.Vy        0x20000678        0x4 ./Core/Src/main.o
                0x20000678                Vy
 .bss.Vz        0x2000067c        0x4 ./Core/Src/main.o
                0x2000067c                Vz
 .bss.Rad       0x20000680        0x4 ./Core/Src/main.o
                0x20000680                Rad
 .bss.last_uart_data_time
                0x20000684        0x4 ./Core/Src/main.o
                0x20000684                last_uart_data_time
 .bss.uart_resetting
                0x20000688        0x1 ./Core/Src/main.o
                0x20000688                uart_resetting
 *fill*         0x20000689        0x3 
 .bss.PastTime  0x2000068c        0x4 ./Core/Src/main.o
                0x2000068c                PastTime
 .bss.PID       0x20000690       0x18 ./Core/Src/main.o
                0x20000690                PID
 .bss.Str_PS2   0x200006a8        0x8 ./Core/Src/main.o
                0x200006a8                Str_PS2
 .bss.uwTick    0x200006b0        0x4 ./Drivers/STM32F4xx_HAL_Driver/Src/stm32f4xx_hal.o
                0x200006b0                uwTick
 .bss.EN_LF     0x200006b4        0x4 ./Library_for_Ro_Bo_Rho/Encoder_Motor.o
                0x200006b4                EN_LF
 .bss.EN_LB     0x200006b8        0x4 ./Library_for_Ro_Bo_Rho/Encoder_Motor.o
                0x200006b8                EN_LB
 .bss.EN_RF     0x200006bc        0x4 ./Library_for_Ro_Bo_Rho/Encoder_Motor.o
                0x200006bc                EN_RF
 .bss.EN_RB     0x200006c0        0x4 ./Library_for_Ro_Bo_Rho/Encoder_Motor.o
                0x200006c0                EN_RB
 .bss.EN_X      0x200006c4        0x4 ./Library_for_Ro_Bo_Rho/Encoder_Motor.o
                0x200006c4                EN_X
 .bss.EN_Y      0x200006c8        0x4 ./Library_for_Ro_Bo_Rho/Encoder_Motor.o
                0x200006c8                EN_Y
 .bss.LF_PWM    0x200006cc        0x4 ./Library_for_Ro_Bo_Rho/Encoder_Motor.o
                0x200006cc                LF_PWM
 .bss.LB_PWM    0x200006d0        0x4 ./Library_for_Ro_Bo_Rho/Encoder_Motor.o
                0x200006d0                LB_PWM
 .bss.RF_PWM    0x200006d4        0x4 ./Library_for_Ro_Bo_Rho/Encoder_Motor.o
                0x200006d4                RF_PWM
 .bss.RB_PWM    0x200006d8        0x4 ./Library_for_Ro_Bo_Rho/Encoder_Motor.o
                0x200006d8                RB_PWM
 .bss.EXTRA1_PWM
                0x200006dc        0x4 ./Library_for_Ro_Bo_Rho/Encoder_Motor.o
                0x200006dc                EXTRA1_PWM
 .bss.EXTRA2_PWM
                0x200006e0        0x4 ./Library_for_Ro_Bo_Rho/Encoder_Motor.o
                0x200006e0                EXTRA2_PWM
 .bss.DutyCycle_LF_MAX
                0x200006e4        0x2 ./Library_for_Ro_Bo_Rho/Encoder_Motor.o
                0x200006e4                DutyCycle_LF_MAX
 .bss.DutyCycle_LB_MAX
                0x200006e6        0x2 ./Library_for_Ro_Bo_Rho/Encoder_Motor.o
                0x200006e6                DutyCycle_LB_MAX
 .bss.DutyCycle_RF_MAX
                0x200006e8        0x2 ./Library_for_Ro_Bo_Rho/Encoder_Motor.o
                0x200006e8                DutyCycle_RF_MAX
 .bss.DutyCycle_RB_MAX
                0x200006ea        0x2 ./Library_for_Ro_Bo_Rho/Encoder_Motor.o
                0x200006ea                DutyCycle_RB_MAX
 .bss.DutyCycle_EXTRA1_MAX
                0x200006ec        0x2 ./Library_for_Ro_Bo_Rho/Encoder_Motor.o
                0x200006ec                DutyCycle_EXTRA1_MAX
 .bss.DutyCycle_EXTRA2_MAX
                0x200006ee        0x2 ./Library_for_Ro_Bo_Rho/Encoder_Motor.o
                0x200006ee                DutyCycle_EXTRA2_MAX
 .bss.IN_LF     0x200006f0        0x4 ./Library_for_Ro_Bo_Rho/Encoder_Motor.o
                0x200006f0                IN_LF
 .bss.IN_LB     0x200006f4        0x4 ./Library_for_Ro_Bo_Rho/Encoder_Motor.o
                0x200006f4                IN_LB
 .bss.IN_RF     0x200006f8        0x4 ./Library_for_Ro_Bo_Rho/Encoder_Motor.o
                0x200006f8                IN_RF
 .bss.IN_RB     0x200006fc        0x4 ./Library_for_Ro_Bo_Rho/Encoder_Motor.o
                0x200006fc                IN_RB
 .bss.IN_EXTRA1
                0x20000700        0x4 ./Library_for_Ro_Bo_Rho/Encoder_Motor.o
                0x20000700                IN_EXTRA1
 .bss.IN_EXTRA2
                0x20000704        0x4 ./Library_for_Ro_Bo_Rho/Encoder_Motor.o
                0x20000704                IN_EXTRA2
 .bss.Present_Count
                0x20000708        0xc ./Library_for_Ro_Bo_Rho/Encoder_Motor.o
                0x20000708                Present_Count
 .bss.Past_Count
                0x20000714        0xc ./Library_for_Ro_Bo_Rho/Encoder_Motor.o
                0x20000714                Past_Count
 .bss._RPM      0x20000720       0x18 ./Library_for_Ro_Bo_Rho/Encoder_Motor.o
                0x20000720                _RPM
 .bss.Kp_Wheel  0x20000738       0x18 ./Library_for_Ro_Bo_Rho/Encoder_Motor.o
                0x20000738                Kp_Wheel
 .bss.Ki_Wheel  0x20000750       0x18 ./Library_for_Ro_Bo_Rho/Encoder_Motor.o
                0x20000750                Ki_Wheel
 .bss.Kd_Wheel  0x20000768       0x18 ./Library_for_Ro_Bo_Rho/Encoder_Motor.o
                0x20000768                Kd_Wheel
 .bss.min_speed
                0x20000780       0x18 ./Library_for_Ro_Bo_Rho/Encoder_Motor.o
                0x20000780                min_speed
 .bss.max_speed
                0x20000798       0x18 ./Library_for_Ro_Bo_Rho/Encoder_Motor.o
                0x20000798                max_speed
 .bss.Error_Speed
                0x200007b0       0x18 ./Library_for_Ro_Bo_Rho/Encoder_Motor.o
                0x200007b0                Error_Speed
 .bss.Proportional
                0x200007c8       0x18 ./Library_for_Ro_Bo_Rho/Encoder_Motor.o
                0x200007c8                Proportional
 .bss.Integnator