Archive member included to satisfy reference by file (symbol)

C:/ST/STM32CubeIDE_1.15.1/STM32CubeIDE/plugins/com.st.stm32cube.ide.mcu.externaltools.gnu-tools-for-stm32.12.3.rel1.win32_1.0.100.202403111256/tools/bin/../lib/gcc/arm-none-eabi/12.3.1/../../../../arm-none-eabi/lib/thumb/v7e-m+fp/hard\libc_nano.a(libc_a-exit.o)
                              C:/ST/STM32CubeIDE_1.15.1/STM32CubeIDE/plugins/com.st.stm32cube.ide.mcu.externaltools.gnu-tools-for-stm32.12.3.rel1.win32_1.0.100.202403111256/tools/bin/../lib/gcc/arm-none-eabi/12.3.1/../../../../arm-none-eabi/lib/thumb/v7e-m+fp/hard/crt0.o (exit)
C:/ST/STM32CubeIDE_1.15.1/STM32CubeIDE/plugins/com.st.stm32cube.ide.mcu.externaltools.gnu-tools-for-stm32.12.3.rel1.win32_1.0.100.202403111256/tools/bin/../lib/gcc/arm-none-eabi/12.3.1/../../../../arm-none-eabi/lib/thumb/v7e-m+fp/hard\libc_nano.a(libc_a-findfp.o)
                              C:/ST/STM32CubeIDE_1.15.1/STM32CubeIDE/plugins/com.st.stm32cube.ide.mcu.externaltools.gnu-tools-for-stm32.12.3.rel1.win32_1.0.100.202403111256/tools/bin/../lib/gcc/arm-none-eabi/12.3.1/../../../../arm-none-eabi/lib/thumb/v7e-m+fp/hard\libc_nano.a(libc_a-exit.o) (__stdio_exit_handler)
C:/ST/STM32CubeIDE_1.15.1/STM32CubeIDE/plugins/com.st.stm32cube.ide.mcu.externaltools.gnu-tools-for-stm32.12.3.rel1.win32_1.0.100.202403111256/tools/bin/../lib/gcc/arm-none-eabi/12.3.1/../../../../arm-none-eabi/lib/thumb/v7e-m+fp/hard\libc_nano.a(libc_a-fwalk.o)
                              C:/ST/STM32CubeIDE_1.15.1/STM32CubeIDE/plugins/com.st.stm32cube.ide.mcu.externaltools.gnu-tools-for-stm32.12.3.rel1.win32_1.0.100.202403111256/tools/bin/../lib/gcc/arm-none-eabi/12.3.1/../../../../arm-none-eabi/lib/thumb/v7e-m+fp/hard\libc_nano.a(libc_a-findfp.o) (_fwalk_sglue)
C:/ST/STM32CubeIDE_1.15.1/STM32CubeIDE/plugins/com.st.stm32cube.ide.mcu.externaltools.gnu-tools-for-stm32.12.3.rel1.win32_1.0.100.202403111256/tools/bin/../lib/gcc/arm-none-eabi/12.3.1/../../../../arm-none-eabi/lib/thumb/v7e-m+fp/hard\libc_nano.a(libc_a-stdio.o)
                              C:/ST/STM32CubeIDE_1.15.1/STM32CubeIDE/plugins/com.st.stm32cube.ide.mcu.externaltools.gnu-tools-for-stm32.12.3.rel1.win32_1.0.100.202403111256/tools/bin/../lib/gcc/arm-none-eabi/12.3.1/../../../../arm-none-eabi/lib/thumb/v7e-m+fp/hard\libc_nano.a(libc_a-findfp.o) (__sread)
C:/ST/STM32CubeIDE_1.15.1/STM32CubeIDE/plugins/com.st.stm32cube.ide.mcu.externaltools.gnu-tools-for-stm32.12.3.rel1.win32_1.0.100.202403111256/tools/bin/../lib/gcc/arm-none-eabi/12.3.1/../../../../arm-none-eabi/lib/thumb/v7e-m+fp/hard\libc_nano.a(libc_a-memset.o)
                              C:/ST/STM32CubeIDE_1.15.1/STM32CubeIDE/plugins/com.st.stm32cube.ide.mcu.externaltools.gnu-tools-for-stm32.12.3.rel1.win32_1.0.100.202403111256/tools/bin/../lib/gcc/arm-none-eabi/12.3.1/../../../../arm-none-eabi/lib/thumb/v7e-m+fp/hard/crt0.o (memset)
C:/ST/STM32CubeIDE_1.15.1/STM32CubeIDE/plugins/com.st.stm32cube.ide.mcu.externaltools.gnu-tools-for-stm32.12.3.rel1.win32_1.0.100.202403111256/tools/bin/../lib/gcc/arm-none-eabi/12.3.1/../../../../arm-none-eabi/lib/thumb/v7e-m+fp/hard\libc_nano.a(libc_a-closer.o)
                              C:/ST/STM32CubeIDE_1.15.1/STM32CubeIDE/plugins/com.st.stm32cube.ide.mcu.externaltools.gnu-tools-for-stm32.12.3.rel1.win32_1.0.100.202403111256/tools/bin/../lib/gcc/arm-none-eabi/12.3.1/../../../../arm-none-eabi/lib/thumb/v7e-m+fp/hard\libc_nano.a(libc_a-stdio.o) (_close_r)
C:/ST/STM32CubeIDE_1.15.1/STM32CubeIDE/plugins/com.st.stm32cube.ide.mcu.externaltools.gnu-tools-for-stm32.12.3.rel1.win32_1.0.100.202403111256/tools/bin/../lib/gcc/arm-none-eabi/12.3.1/../../../../arm-none-eabi/lib/thumb/v7e-m+fp/hard\libc_nano.a(libc_a-reent.o)
                              C:/ST/STM32CubeIDE_1.15.1/STM32CubeIDE/plugins/com.st.stm32cube.ide.mcu.externaltools.gnu-tools-for-stm32.12.3.rel1.win32_1.0.100.202403111256/tools/bin/../lib/gcc/arm-none-eabi/12.3.1/../../../../arm-none-eabi/lib/thumb/v7e-m+fp/hard\libc_nano.a(libc_a-closer.o) (errno)
C:/ST/STM32CubeIDE_1.15.1/STM32CubeIDE/plugins/com.st.stm32cube.ide.mcu.externaltools.gnu-tools-for-stm32.12.3.rel1.win32_1.0.100.202403111256/tools/bin/../lib/gcc/arm-none-eabi/12.3.1/../../../../arm-none-eabi/lib/thumb/v7e-m+fp/hard\libc_nano.a(libc_a-impure.o)
                              C:/ST/STM32CubeIDE_1.15.1/STM32CubeIDE/plugins/com.st.stm32cube.ide.mcu.externaltools.gnu-tools-for-stm32.12.3.rel1.win32_1.0.100.202403111256/tools/bin/../lib/gcc/arm-none-eabi/12.3.1/../../../../arm-none-eabi/lib/thumb/v7e-m+fp/hard\libc_nano.a(libc_a-reent.o) (_impure_ptr)
C:/ST/STM32CubeIDE_1.15.1/STM32CubeIDE/plugins/com.st.stm32cube.ide.mcu.externaltools.gnu-tools-for-stm32.12.3.rel1.win32_1.0.100.202403111256/tools/bin/../lib/gcc/arm-none-eabi/12.3.1/../../../../arm-none-eabi/lib/thumb/v7e-m+fp/hard\libc_nano.a(libc_a-lseekr.o)
[...]
Memory Configuration

Name             Origin             Length             Attributes
CCMRAM           0x10000000         0x00010000         xrw
RAM              0x20000000         0x00020000         xrw
FLASH            0x08000000         0x00080000         xr
*default*        0x00000000         0xffffffff

Linker script and memory map

LOAD C:/ST/STM32CubeIDE_1.15.1/STM32CubeIDE/plugins/com.st.stm32cube.ide.mcu.externaltools.gnu-tools-for-stm32.12.3.rel1.win32_1.0.100.202403111256/tools/bin/../lib/gcc/arm-none-eabi/12.3.1/thumb/v7e-m+fp/hard/crti.o
LOAD C:/ST/STM32CubeIDE_1.15.1/STM32CubeIDE/plugins/com.st.stm32cube.ide.mcu.externaltools.gnu-tools-for-stm32.12.3.rel1.win32_1.0.100.202403111256/tools/bin/../lib/gcc/arm-none-eabi/12.3.1/thumb/v7e-m+fp/hard/crtbegin.o
LOAD C:/ST/STM32CubeIDE_1.15.1/STM32CubeIDE/plugins/com.st.stm32cube.ide.mcu.externaltools.gnu-tools-for-stm32.12.3.rel1.win32_1.0.100.202403111256/tools/bin/../lib/gcc/arm-none-eabi/12.3.1/../../../../arm-none-eabi/lib/thumb/v7e-m+fp/hard/crt0.o
LOAD ./Core/Src/main.o
LOAD ./Core/Src/stm32f4xx_hal_msp.o
LOAD ./Core/Src/stm32f4xx_it.o
LOAD ./Core/Src/syscalls.o
LOAD ./Core/Src/sysmem.o
LOAD ./Core/Src/system_stm32f4xx.o
LOAD ./Core/Startup/startup_stm32f407vetx.o
LOAD ./Drivers/STM32F4xx_HAL_Driver/Src/stm32f4xx_hal.o
LOAD ./Drivers/STM32F4xx_HAL_Driver/Src/stm32f4xx_hal_adc.o
LOAD ./Drivers/STM32F4xx_HAL_Driver/Src/stm32f4xx_hal_adc_ex.o
LOAD ./Drivers/STM32F4xx_HAL_Driver/Src/stm32f4xx_hal_cortex.o
LOAD ./Drivers/STM32F4xx_HAL_Driver/Src/stm32f4xx_hal_dma.o
LOAD ./Drivers/STM32F4xx_HAL_Driver/Src/stm32f4xx_hal_dma_ex.o
LOAD ./Drivers/STM32F4xx_HAL_Driver/Src/stm32f4xx_hal_exti.o
LOAD ./Drivers/STM32F4xx_HAL_Driver/Src/stm32f4xx_hal_flash.o
LOAD ./Drivers/STM32F4xx_HAL_Driver/Src/stm32f4xx_hal_flash_ex.o
LOAD ./Drivers/STM32F4xx_HAL_Driver/Src/stm32f4xx_hal_flash_ramfunc.o
LOAD ./Drivers/STM32F4xx_HAL_Driver/Src/stm32f4xx_hal_gpio.o
LOAD ./Drivers/STM32F4xx_HAL_Driver/Src/stm32f4xx_hal_i2c.o
LOAD ./Drivers/STM32F4xx_HAL_Driver/Src/stm32f4xx_hal_i2c_ex.o
LOAD ./Drivers/STM32F4xx_HAL_Driver/Src/stm32f4xx_hal_pcd.o
LOAD ./Drivers/STM32F4xx_HAL_Driver/Src/stm32f4xx_hal_pcd_ex.o
LOAD ./Drivers/STM32F4xx_HAL_Driver/Src/stm32f4xx_hal_pwr.o
LOAD ./Drivers/STM32F4xx_HAL_Driver/Src/stm32f4xx_hal_pwr_ex.o
LOAD ./Drivers/STM32F4xx_HAL_Driver/Src/stm32f4xx_hal_rcc.o
LOAD ./Drivers/STM32F4xx_HAL_Driver/Src/stm32f4xx_hal_rcc_ex.o
LOAD ./Drivers/STM32F4xx_HAL_Driver/Src/stm32f4xx_hal_spi.o
LOAD ./Drivers/STM32F4xx_HAL_Driver/Src/stm32f4xx_hal_tim.o
LOAD ./Drivers/STM32F4xx_HAL_Driver/Src/stm32f4xx_hal_tim_ex.o
LOAD ./Drivers/STM32F4xx_HAL_Driver/Src/stm32f4xx_hal_uart.o
LOAD ./Drivers/STM32F4xx_HAL_Driver/Src/stm32f4xx_ll_adc.o
LOAD ./Drivers/STM32F4xx_HAL_Driver/Src/stm32f4xx_ll_usb.o
LOAD ./Library_for_Ro_Bo_Rho/Encoder_Motor.o
LOAD ./Library_for_Ro_Bo_Rho/Forward_Kinematics.o
LOAD ./Library_for_Ro_Bo_Rho/Inverse_Kinematics.o
LOAD ./Library_for_Ro_Bo_Rho/MPU6050.o
LOAD ./Library_for_Ro_Bo_Rho/Ramp_Robot.o
LOAD ./Library_for_Ro_Bo_Rho/app_ros_comm.o
LOAD ./Middlewares/ST/STM32_USB_Device_Library/Class/CDC/Src/usbd_cdc.o
LOAD ./Middlewares/ST/STM32_USB_Device_Library/Core/Src/usbd_core.o
LOAD ./Middlewares/ST/STM32_USB_Device_Library/Core/Src/usbd_ctlreq.o
LOAD ./Middlewares/ST/STM32_USB_Device_Library/Core/Src/usbd_ioreq.o
LOAD ./USB_DEVICE/App/usb_device.o
LOAD ./USB_DEVICE/App/usbd_cdc_if.o
LOAD ./USB_DEVICE/App/usbd_desc.o
LOAD ./USB_DEVICE/Target/usbd_conf.o
START GROUP
LOAD C:/ST/STM32CubeIDE_1.15.1/STM32CubeIDE/plugins/com.st.stm32cube.ide.mcu.externaltools.gnu-tools-for-stm32.12.3.rel1.win32_1.0.100.202403111256/tools/bin/../lib/gcc/arm-none-eabi/12.3.1/../../../../arm-none-eabi/lib/thumb/v7e-m+fp/hard\libc_nano.a
LOAD C:/ST/STM32CubeIDE_1.15.1/STM32CubeIDE/plugins/com.st.stm32cube.ide.mcu.externaltools.gnu-tools-for-stm32.12.3.rel1.win32_1.0.100.202403111256/tools/bin/../lib/gcc/arm-none-eabi/12.3.1/../../../../arm-none-eabi/lib/thumb/v7e-m+fp/hard\libm.a
END GROUP
START GROUP
LOAD C:/ST/STM32CubeIDE_1.15.1/STM32CubeIDE/plugins/com.st.stm32cube.ide.mcu.externaltools.gnu-tools-for-stm32.12.3.rel1.win32_1.0.100.202403111256/tools/bin/../lib/gcc/arm-none-eabi/12.3.1/thumb/v7e-m+fp/hard\libgcc.a
LOAD C:/ST/STM32CubeIDE_1.15.1/STM32CubeIDE/plugins/com.st.stm32cube.ide.mcu.externaltools.gnu-tools-for-stm32.12.3.rel1.win32_1.0.100.202403111256/tools/bin/../lib/gcc/arm-none-eabi/12.3.1/../../../../arm-none-eabi/lib/thumb/v7e-m+fp/hard\libc_nano.a
END GROUP
START GROUP
LOAD C:/ST/STM32CubeIDE_1.15.1/STM32CubeIDE/plugins/com.st.stm32cube.ide.mcu.externaltools.gnu-tools-for-stm32.12.3.rel1.win32_1.0.100.202403111256/tools/bin/../lib/gcc/arm-none-eabi/12.3.1/thumb/v7e-m+fp/hard\libgcc.a
LOAD C:/ST/STM32CubeIDE_1.15.1/STM32CubeIDE/plugins/com.st.stm32cube.ide.mcu.externaltools.gnu-tools-for-stm32.12.3.rel1.win32_1.0.100.202403111256/tools/bin/../lib/gcc/arm-none-eabi/12.3.1/../../../../arm-none-eabi/lib/thumb/v7e-m+fp/hard\libc_nano.a
LOAD C:/ST/STM32CubeIDE_1.15.1/STM32CubeIDE/plugins/com.st.stm32cube.ide.mcu.externaltools.gnu-tools-for-stm32.12.3.rel1.win32_1.0.100.202403111256/tools/bin/../lib/gcc/arm-none-eabi/12.3.1/../../../../arm-none-eabi/lib/thumb/v7e-m+fp/hard\libnosys.a
END GROUP
START GROUP
LOAD C:/ST/STM32CubeIDE_1.15.1/STM32CubeIDE/plugins/com.st.stm32cube.ide.mcu.externaltools.gnu-tools-for-stm32.12.3.rel1.win32_1.0.100.202403111256/tools/bin/../lib/gcc/arm-none-eabi/12.3.1/thumb/v7e-m+fp/hard\libgcc.a
LOAD C:/ST/STM32CubeIDE_1.15.1/STM32CubeIDE/plugins/com.st.stm32cube.ide.mcu.externaltools.gnu-tools-for-stm32.12.3.rel1.win32_1.0.100.202403111256/tools/bin/../lib/gcc/arm-none-eabi/12.3.1/../../../../arm-none-eabi/lib/thumb/v7e-m+fp/hard\libc_nano.a
LOAD C:/ST/STM32CubeIDE_1.15.1/STM32CubeIDE/plugins/com.st.stm32cube.ide.mcu.externaltools.gnu-tools-for-stm32.12.3.rel1.win32_1.0.100.202403111256/tools/bin/../lib/gcc/arm-none-eabi/12.3.1/../../../../arm-none-eabi/lib/thumb/v7e-m+fp/hard\libnosys.a
END GROUP
LOAD C:/ST/STM32CubeIDE_1.15.1/STM32CubeIDE/plugins/com.st.stm32cube.ide.mcu.externaltools.gnu-tools-for-stm32.12.3.rel1.win32_1.0.100.202403111256/tools/bin/../lib/gcc/arm-none-eabi/12.3.1/thumb/v7e-m+fp/hard/crtend.o
LOAD C:/ST/STM32CubeIDE_1.15.1/STM32CubeIDE/plugins/com.st.stm32cube.ide.mcu.externaltools.gnu-tools-for-stm32.12.3.rel1.win32_1.0.100.202403111256/tools/bin/../lib/gcc/arm-none-eabi/12.3.1/thumb/v7e-m+fp/hard/crtn.o
                0x20020000                        _estack = (ORIGIN (RAM) + LENGTH (RAM))
                0x00000200                        _Min_Heap_Size = 0x200
                0x00000400                        _Min_Stack_Size = 0x400

.isr_vector     0x08000000      0x188
                0x08000000                        . = ALIGN (0x4)
 *(.isr_vector)
 .isr_vector    0x08000000      0x188 ./Core/Startup/startup_stm32f407vetx.o
                0x08000000                g_pfnVectors
                0x08000188                        . = ALIGN (0x4)

.text           0x08000188     0xbee0
                0x08000188                        . = ALIGN (0x4)
 *(.text)
 .text          0x08000188       0x40 C:/ST/STM32CubeIDE_1.15.1/STM32CubeIDE/plugins/com.st.stm32cube.ide.mcu.externaltools.gnu-tools-for-stm32.12.3.rel1.win32_1.0.100.202403111256/tools/bin/../lib/gcc/arm-none-eabi/12.3.1/thumb/v7e-m+fp/hard/crtbegin.o
 .text          0x080001c8       0x30 C:/ST/STM32CubeIDE_1.15.1/STM32CubeIDE/plugins/com.st.stm32cube.ide.mcu.externaltools.gnu-tools-for-stm32.12.3.rel1.win32_1.0.100.202403111256/tools/bin/../lib/gcc/arm-none-eabi/12.3.1/thumb/v7e-m+fp/hard\libgcc.a(_aeabi_uldivmod.o)
                0x080001c8                __aeabi_uldivmod
 .text          0x080001f8      0x2bc C:/ST/STM32CubeIDE_1.15.1/STM32CubeIDE/plugins/com.st.stm32cube.ide.mcu.externaltools.gnu-tools-for-stm32.12.3.rel1.win32_1.0.100.202403111256/tools/bin/../lib/gcc/arm-none-eabi/12.3.1/thumb/v7e-m+fp/hard\libgcc.a(_udivmoddi4.o)
                0x080001f8                __udivmoddi4
 .text          0x080004b4        0x4 C:/ST/STM32CubeIDE_1.15.1/STM32CubeIDE/plugins/com.st.stm32cube.ide.mcu.externaltools.gnu-tools-for-stm32.12.3.rel1.win32_1.0.100.202403111256/tools/bin/../lib/gcc/arm-none-eabi/12.3.1/thumb/v7e-m+fp/hard\libgcc.a(_dvmd_tls.o)
                0x080004b4                __aeabi_idiv0
                0x080004b4                __aeabi_ldiv0
 *(.text*)
 .text.main     0x080004b8      0x344 ./Core/Src/main.o
                0x080004b8                main
 .text.SystemClock_Config
                0x080007fc       0xd4 ./Core/Src/main.o
                0x080007fc                SystemClock_Config
 .text.MX_ADC1_Init
                0x080008d0       0xa4 ./Core/Src/main.o
 .text.MX_I2C2_Init
                0x08000974       0x5c ./Core/Src/main.o
 .text.MX_SPI2_Init
                0x080009d0       0x6c ./Core/Src/main.o
 .text.MX_TIM1_Init
                0x08000a3c       0xb0 ./Core/Src/main.o
 .text.MX_TIM2_Init
                0x08000aec       0xa8 ./Core/Src/main.o
 .text.MX_TIM3_Init
                0x08000b94       0xa8 ./Core/Src/main.o
 .text.MX_TIM4_Init
                0x08000c3c       0xa8 ./Core/Src/main.o
 .text.MX_TIM5_Init
                0x08000ce4       0xa8 ./Core/Src/main.o
 .text.MX_TIM8_Init
                0x08000d8c       0xb0 ./Core/Src/main.o
 .text.MX_TIM9_Init
                0x08000e3c       0xa0 ./Core/Src/main.o
 .text.MX_TIM10_Init
                0x08000edc       0x9c ./Core/Src/main.o
 .text.MX_TIM11_Init
                0x08000f78       0x9c ./Core/Src/main.o
 .text.MX_TIM12_Init
                0x08001014       0xa0 ./Core/Src/main.o
 .text.MX_TIM13_Init
                0x080010b4       0x9c ./Core/Src/main.o
 .text.MX_TIM14_Init
                0x08001150       0x9c ./Core/Src/main.o
 .text.MX_UART4_Init
                0x080011ec       0x54 ./Core/Src/main.o
 .text.MX_USART2_UART_Init
                0x08001240       0x54 ./Core/Src/main.o
 .text.MX_GPIO_Init
                0x08001294      0x180 ./Core/Src/main.o
 .text.HAL_UART_RxCpltCallback
                0x08001414       0xd8 ./Core/Src/main.o
                0x08001414                HAL_UART_RxCpltCallback
 .text.Error_Handler
                0x080014ec        0xc ./Core/Src/main.o
                0x080014ec                Error_Handler
 .text.HAL_MspInit
                0x080014f8       0x50 ./Core/Src/stm32f4xx_hal_msp.o
                0x080014f8                HAL_MspInit
 .text.HAL_ADC_MspInit
                0x08001548       0xc0 ./Core/Src/stm32f4xx_hal_msp.o
                0x08001548                HAL_ADC_MspInit
 .text.HAL_I2C_MspInit
                0x08001608       0x90 ./Core/Src/stm32f4xx_hal_msp.o
                0x08001608                HAL_I2C_MspInit
 .text.HAL_SPI_MspInit
                0x08001698       0xd0 ./Core/Src/stm32f4xx_hal_msp.o
                0x08001698                HAL_SPI_MspInit
 .text.HAL_TIM_Encoder_MspInit
                0x08001768      0x2ec ./Core/Src/stm32f4xx_hal_msp.o
                0x08001768                HAL_TIM_Encoder_MspInit
 .text.HAL_TIM_PWM_MspInit
                0x08001a54       0x70 ./Core/Src/stm32f4xx_hal_msp.o
                0x08001a54                HAL_TIM_PWM_MspInit
 .text.HAL_TIM_Base_MspInit
                0x08001ac4       0xc8 ./Core/Src/stm32f4xx_hal_msp.o
                0x08001ac4                HAL_TIM_Base_MspInit
 .text.HAL_TIM_MspPostInit
                0x08001b8c      0x1fc ./Core/Src/stm32f4xx_hal_msp.o
                0x08001b8c                HAL_TIM_MspPostInit
 .text.HAL_UART_MspInit
                0x08001d88      0x10c ./Core/Src/stm32f4xx_hal_msp.o
                0x08001d88                HAL_UART_MspInit
 .text.NMI_Handler
                0x08001e94        0x8 ./Core/Src/stm32f4xx_it.o
                0x08001e94                NMI_Handler
 .text.HardFault_Handler
                0x08001e9c        0x8 ./Core/Src/stm32f4xx_it.o
                0x08001e9c                HardFault_Handler
 .text.MemManage_Handler
                0x08001ea4        0x8 ./Core/Src/stm32f4xx_it.o
                0x08001ea4                MemManage_Handler
 .text.BusFault_Handler
                0x08001eac        0x8 ./Core/Src/stm32f4xx_it.o
                0x08001eac                BusFault_Handler
 .text.UsageFault_Handler
                0x08001eb4        0x8 ./Core/Src/stm32f4xx_it.o
                0x08001eb4                UsageFault_Handler
 .text.SVC_Handler
                0x08001ebc        0xe ./Core/Src/stm32f4xx_it.o
                0x08001ebc                SVC_Handler
 .text.DebugMon_Handler
                0x08001eca        0xe ./Core/Src/stm32f4xx_it.o
                0x08001eca                DebugMon_Handler
 .text.PendSV_Handler
                0x08001ed8        0xe ./Core/Src/stm32f4xx_it.o
                0x08001ed8                PendSV_Handler
 .text.SysTick_Handler
                0x08001ee6        0xc ./Core/Src/stm32f4xx_it.o
                0x08001ee6                SysTick_Handler
 *fill*         0x08001ef2        0x2 
 .text.USART2_IRQHandler
                0x08001ef4       0x14 ./Core/Src/stm32f4xx_it.o
                0x08001ef4                USART2_IRQHandler
 .text.OTG_FS_IRQHandler
                0x08001f08       0x14 ./Core/Src/stm32f4xx_it.o
                0x08001f08                OTG_FS_IRQHandler
 .text.SystemInit
                0x08001f1c       0x24 ./Core/Src/system_stm32f4xx.o
                0x08001f1c                SystemInit
 .text.Reset_Handler
                0x08001f40       0x50 ./Core/Startup/startup_stm32f407vetx.o
                0x08001f40                Reset_Handler
 .text.Default_Handler
                0x08001f90        0x2 ./Core/Startup/startup_stm32f407vetx.o
                0x08001f90                RTC_Alarm_IRQHandler
                0x08001f90                HASH_RNG_IRQHandler
                0x08001f90                EXTI2_IRQHandler
                0x08001f90                TIM8_CC_IRQHandler
                0x08001f90                TIM1_CC_IRQHandler
                0x08001f90                DMA2_Stream5_IRQHandler
                0x08001f90                DMA1_Stream5_IRQHandler
                0x08001f90                PVD_IRQHandler
                0x08001f90                SDIO_IRQHandler
                0x08001f90                TAMP_STAMP_IRQHandler
                0x08001f90                CAN2_RX1_IRQHandler
                0x08001f90                EXTI3_IRQHandler
                0x08001f90                TIM8_TRG_COM_TIM14_IRQHandler
                0x08001f90                TIM1_UP_TIM10_IRQHandler
                0x08001f90                TIM8_UP_TIM13_IRQHandler
                0x08001f90                I2C3_ER_IRQHandler
                0x08001f90                EXTI0_IRQHandler
                0x08001f90                I2C2_EV_IRQHandler
                0x08001f90                DMA1_Stream2_IRQHandler
                0x08001f90                CAN1_RX0_IRQHandler
                0x08001f90                FPU_IRQHandler
                0x08001f90                OTG_HS_WKUP_IRQHandler
                0x08001f90                CAN2_SCE_IRQHandler
                0x08001f90                DMA2_Stream2_IRQHandler
                0x08001f90                SPI1_IRQHandler
                0x08001f90                TIM6_DAC_IRQHandler
                0x08001f90                TIM1_BRK_TIM9_IRQHandler
                0x08001f90                DCMI_IRQHandler
                0x08001f90                CAN2_RX0_IRQHandler
                0x08001f90                DMA2_Stream3_IRQHandler
                0x08001f90                USART6_IRQHandler
                0x08001f90                USART3_IRQHandler
                0x08001f90                CAN1_RX1_IRQHandler
                0x08001f90                UART5_IRQHandler
                0x08001f90                DMA2_Stream0_IRQHandler
                0x08001f90                TIM4_IRQHandler
                0x08001f90                I2C1_EV_IRQHandler
                0x08001f90                DMA1_Stream6_IRQHandler
                0x08001f90                DMA1_Stream1_IRQHandler
                0x08001f90                UART4_IRQHandler
                0x08001f90                TIM3_IRQHandler
                0x08001f90                RCC_IRQHandler
                0x08001f90                TIM8_BRK_TIM12_IRQHandler
                0x08001f90                Default_Handler
                0x08001f90                EXTI15_10_IRQHandler
                0x08001f90                ADC_IRQHandler
                0x08001f90                DMA1_Stream7_IRQHandler
                0x08001f90                TIM7_IRQHandler
                0x08001f90                CAN2_TX_IRQHandler
                0x08001f90                TIM5_IRQHandler
                0x08001f90                DMA2_Stream7_IRQHandler
                0x08001f90                I2C3_EV_IRQHandler
                0x08001f90                EXTI9_5_IRQHandler
                0x08001f90                RTC_WKUP_IRQHandler
                0x08001f90                ETH_WKUP_IRQHandler
                0x08001f90                SPI2_IRQHandler
                0x08001f90                OTG_HS_EP1_IN_IRQHandler
                0x08001f90                DMA1_Stream0_IRQHandler
                0x08001f90                CAN1_TX_IRQHandler
                0x08001f90                EXTI4_IRQHandler
                0x08001f90                FSMC_IRQHandler
                0x08001f90                ETH_IRQHandler
                0x08001f90                OTG_HS_EP1_OUT_IRQHandler
                0x08001f90                WWDG_IRQHandler
                0x08001f90                TIM2_IRQHandler
                0x08001f90                OTG_FS_WKUP_IRQHandler
                0x08001f90                TIM1_TRG_COM_TIM11_IRQHandler
                0x08001f90                OTG_HS_IRQHandler
                0x08001f90                EXTI1_IRQHandler
                0x08001f90                I2C2_ER_IRQHandler
                0x08001f90                DMA2_Stream1_IRQHandler
                0x08001f90                CAN1_SCE_IRQHandler
                0x08001f90                FLASH_IRQHandler
                0x08001f90                DMA2_Stream4_IRQHandler
                0x08001f90                USART1_IRQHandler
                0x08001f90                SPI3_IRQHandler
                0x08001f90                DMA1_Stream4_IRQHandler
                0x08001f90                I2C1_ER_IRQHandler
                0x08001f90                DMA2_Stream6_IRQHandler
                0x08001f90                DMA1_Stream3_IRQHandler
 *fill*         0x08001f92        0x2 
 .text.HAL_Init
                0x08001f94       0x44 ./Drivers/STM32F4xx_HAL_Driver/Src/stm32f4xx_hal.o
                0x08001f94                HAL_Init
 .text.HAL_InitTick
                0x08001fd8       0x60 ./Drivers/STM32F4xx_HAL_Driver/Src/stm32f4xx_hal.o
                0x08001fd8                HAL_InitTick
 .text.HAL_IncTick
                0x08002038       0x28 ./Drivers/STM32F4xx_HAL_Driver/Src/stm32f4xx_hal.o
                0x08002038                HAL_IncTick
 .text.HAL_GetTick
                0x08002060       0x18 ./Drivers/STM32F4xx_HAL_Driver/Src/stm32f4xx_hal.o
                0x08002060                HAL_GetTick
 .text.HAL_Delay
                0x08002078       0x48 ./Drivers/STM32F4xx_HAL_Driver/Src/stm32f4xx_hal.o
                0x08002078                HAL_Delay
 .text.HAL_ADC_Init
                0x080020c0       0x86 ./Drivers/STM32F4xx_HAL_Driver/Src/stm32f4xx_hal_adc.o
                0x080020c0                HAL_ADC_Init
 *fill*         0x08002146        0x2 
 .text.HAL_ADC_ConfigChannel
                0x08002148      0x244 ./Drivers/STM32F4xx_HAL_Driver/Src/stm32f4xx_hal_adc.o
                0x08002148                HAL_ADC_ConfigChannel
 .text.ADC_Init
                0x0800238c      0x1f8 ./Drivers/STM32F4xx_HAL_Driver/Src/stm32f4xx_hal_adc.o
 .text.__NVIC_SetPriorityGrouping
                0x08002584       0x48 ./Drivers/STM32F4xx_HAL_Driver/Src/stm32f4xx_hal_cortex.o
 .text.__NVIC_GetPriorityGrouping
                0x080025cc       0x1c ./Drivers/STM32F4xx_HAL_Driver/Src/stm32f4xx_hal_cortex.o
 .text.__NVIC_EnableIRQ
                0x080025e8       0x3c ./Drivers/STM32F4xx_HAL_Driver/Src/stm32f4xx_hal_cortex.o
 .text.__NVIC_SetPriority
                0x08002624       0x54 ./Drivers/STM32F4xx_HAL_Driver/Src/stm32f4xx_hal_cortex.o
 .text.NVIC_EncodePriority
                0x08002678       0x66 ./Drivers/STM32F4xx_HAL_Driver/Src/stm32f4xx_hal_cortex.o
 *fill*         0x080026de        0x2 
 .text.SysTick_Config
                0x080026e0       0x44 ./Drivers/STM32F4xx_HAL_Driver/Src/stm32f4xx_hal_cortex.o
 .text.HAL_NVIC_SetPriorityGrouping
                0x08002724       0x16 ./Drivers/STM32F4xx_HAL_Driver/Src/stm32f4xx_hal_cortex.o
                0x08002724                HAL_NVIC_SetPriorityGrouping
 .text.HAL_NVIC_SetPriority
                0x0800273a       0x38 ./Drivers/STM32F4xx_HAL_Driver/Src/stm32f4xx_hal_cortex.o
                0x0800273a                HAL_NVIC_SetPriority
 .text.HAL_NVIC_EnableIRQ
                0x08002772       0x1c ./Drivers/STM32F4xx_HAL_Driver/Src/stm32f4xx_hal_cortex.o
                0x08002772                HAL_NVIC_EnableIRQ
 .text.HAL_SYSTICK_Config
                0x0800278e       0x18 ./Drivers/STM32F4xx_HAL_Driver/Src/stm32f4xx_hal_cortex.o
                0x0800278e                HAL_SYSTICK_Config
 .text.HAL_DMA_Abort
                0x080027a6       0xe0 ./Drivers/STM32F4xx_HAL_Driver/Src/stm32f4xx_hal_dma.o
                0x080027a6                HAL_DMA_Abort
 .text.HAL_DMA_Abort_IT
                0x08002886       0x44 ./Drivers/STM32F4xx_HAL_Driver/Src/stm32f4xx_hal_dma.o
                0x08002886                HAL_DMA_Abort_IT
 *fill*         0x080028ca        0x2 
 .text.HAL_GPIO_Init
                0x080028cc      0x338 ./Drivers/STM32F4xx_HAL_Driver/Src/stm32f4xx_hal_gpio.o
                0x080028cc                HAL_GPIO_Init
 .text.HAL_GPIO_WritePin
                0x08002c04       0x32 ./Drivers/STM32F4xx_HAL_Driver/Src/stm32f4xx_hal_gpio.o
                0x08002c04                HAL_GPIO_WritePin
 *fill*         0x08002c36        0x2 
 .text.HAL_I2C_Init
                0x08002c38      0x288 ./Drivers/STM32F4xx_HAL_Driver/Src/stm32f4xx_hal_i2c.o
                0x08002c38                HAL_I2C_Init
 .text.HAL_PCD_Init
                0x08002ec0      0x21e ./Drivers/STM32F4xx_HAL_Driver/Src/stm32f4xx_hal_pcd.o
                0x08002ec0                HAL_PCD_Init
 .text.HAL_PCD_Start
                0x080030de       0x6a ./Drivers/STM32F4xx_HAL_Driver/Src/stm32f4xx_hal_pcd.o
                0x080030de                HAL_PCD_Start
 .text.HAL_PCD_IRQHandler
                0x08003148      0x942 ./Drivers/STM32F4xx_HAL_Driver/Src/stm32f4xx_hal_pcd.o
                0x08003148                HAL_PCD_IRQHandler
 .text.HAL_PCD_SetAddress
                0x08003a8a       0x48 ./Drivers/STM32F4xx_HAL_Driver/Src/stm32f4xx_hal_pcd.o
                0x08003a8a                HAL_PCD_SetAddress
 .text.HAL_PCD_EP_Open
                0x08003ad2       0xd4 ./Drivers/STM32F4xx_HAL_Driver/Src/stm32f4xx_hal_pcd.o
                0x08003ad2                HAL_PCD_EP_Open
 .text.HAL_PCD_EP_Close
                0x08003ba6       0x94 ./Drivers/STM32F4xx_HAL_Driver/Src/stm32f4xx_hal_pcd.o
                0x08003ba6                HAL_PCD_EP_Close
 .text.HAL_PCD_EP_Receive
                0x08003c3a       0x76 ./Drivers/STM32F4xx_HAL_Driver/Src/stm32f4xx_hal_pcd.o
                0x08003c3a                HAL_PCD_EP_Receive
 .text.HAL_PCD_EP_GetRxCount
                0x08003cb0       0x30 ./Drivers/STM32F4xx_HAL_Driver/Src/stm32f4xx_hal_pcd.o
                0x08003cb0                HAL_PCD_EP_GetRxCount
 .text.HAL_PCD_EP_Transmit
                0x08003ce0       0x74 ./Drivers/STM32F4xx_HAL_Driver/Src/stm32f4xx_hal_pcd.o
                0x08003ce0                HAL_PCD_EP_Transmit
 .text.HAL_PCD_EP_SetStall
                0x08003d54       0xc6 ./Drivers/STM32F4xx_HAL_Driver/Src/stm32f4xx_hal_pcd.o
                0x08003d54                HAL_PCD_EP_SetStall
 .text.HAL_PCD_EP_ClrStall
                0x08003e1a       0xac ./Drivers/STM32F4xx_HAL_Driver/Src/stm32f4xx_hal_pcd.o
                0x08003e1a                HAL_PCD_EP_ClrStall
 .text.HAL_PCD_EP_Abort
                0x08003ec6       0x62 ./Drivers/STM32F4xx_HAL_Driver/Src/stm32f4xx_hal_pcd.o
                0x08003ec6                HAL_PCD_EP_Abort
 .text.PCD_WriteEmptyTxFifo
                0x08003f28      0x118 ./Drivers/STM32F4xx_HAL_Driver/Src/stm32f4xx_hal_pcd.o
 .text.PCD_EP_OutXfrComplete_int
                0x08004040      0x1d0 ./Drivers/STM32F4xx_HAL_Driver/Src/stm32f4xx_hal_pcd.o
 .text.PCD_EP_OutSetupPacket_int
                0x08004210       0x8c ./Drivers/STM32F4xx_HAL_Driver/Src/stm32f4xx_hal_pcd.o
 .text.HAL_PCDEx_SetTxFiFo
                0x0800429c       0x8e ./Drivers/STM32F4xx_HAL_Driver/Src/stm32f4xx_hal_pcd_ex.o
                0x0800429c                HAL_PCDEx_SetTxFiFo
 .text.HAL_PCDEx_SetRxFiFo
                0x0800432a       0x22 ./Drivers/STM32F4xx_HAL_Driver/Src/stm32f4xx_hal_pcd_ex.o
                0x0800432a                HAL_PCDEx_SetRxFiFo
 .text.HAL_PCDEx_LPM_Callback
                0x0800434c       0x18 ./Drivers/STM32F4xx_HAL_Driver/Src/stm32f4xx_hal_pcd_ex.o
                0x0800434c                HAL_PCDEx_LPM_Callback
 .text.HAL_RCC_OscConfig
                0x08004364      0x4f0 ./Drivers/STM32F4xx_HAL_Driver/Src/stm32f4xx_hal_rcc.o
                0x08004364                HAL_RCC_OscConfig
 .text.HAL_RCC_ClockConfig
                0x08004854      0x1cc ./Drivers/STM32F4xx_HAL_Driver/Src/stm32f4xx_hal_rcc.o
                0x08004854                HAL_RCC_ClockConfig
 .text.HAL_RCC_GetSysClockFreq
                0x08004a20      0x20c ./Drivers/STM32F4xx_HAL_Driver/Src/stm32f4xx_hal_rcc.o
                0x08004a20                HAL_RCC_GetSysClockFreq
 .text.HAL_RCC_GetHCLKFreq
                0x08004c2c       0x18 ./Drivers/STM32F4xx_HAL_Driver/Src/stm32f4xx_hal_rcc.o
                0x08004c2c                HAL_RCC_GetHCLKFreq
 .text.HAL_RCC_GetPCLK1Freq
                0x08004c44       0x28 ./Drivers/STM32F4xx_HAL_Driver/Src/stm32f4xx_hal_rcc.o
                0x08004c44                HAL_RCC_GetPCLK1Freq
 .text.HAL_RCC_GetPCLK2Freq
                0x08004c6c       0x28 ./Drivers/STM32F4xx_HAL_Driver/Src/stm32f4xx_hal_rcc.o
                0x08004c6c                HAL_RCC_GetPCLK2Freq
 .text.HAL_SPI_Init
                0x08004c94      0x112 ./Drivers/STM32F4xx_HAL_Driver/Src/stm32f4xx_hal_spi.o
                0x08004c94                HAL_SPI_Init
 .text.HAL_TIM_Base_Init
                0x08004da6       0x9e ./Drivers/STM32F4xx_HAL_Driver/Src/stm32f4xx_hal_tim.o
                0x08004da6                HAL_TIM_Base_Init
 .text.HAL_TIM_PWM_Init
                0x08004e44       0x9e ./Drivers/STM32F4xx_HAL_Driver/Src/stm32f4xx_hal_tim.o
                0x08004e44                HAL_TIM_PWM_Init
 *fill*         0x08004ee2        0x2 
 .text.HAL_TIM_PWM_Start
                0x08004ee4      0x190 ./Drivers/STM32F4xx_HAL_Driver/Src/stm32f4xx_hal_tim.o
                0x08004ee4                HAL_TIM_PWM_Start
 .text.HAL_TIM_Encoder_Init
                0x08005074      0x14c ./Drivers/STM32F4xx_HAL_Driver/Src/stm32f4xx_hal_tim.o
                0x08005074                HAL_TIM_Encoder_Init
 .text.HAL_TIM_Encoder_Start
                0x080051c0      0x11c ./Drivers/STM32F4xx_HAL_Driver/Src/stm32f4xx_hal_tim.o
                0x080051c0                HAL_TIM_Encoder_Start
 .text.HAL_TIM_PWM_ConfigChannel
                0x080052dc      0x184 ./Drivers/STM32F4xx_HAL_Driver/Src/stm32f4xx_hal_tim.o
                0x080052dc                HAL_TIM_PWM_ConfigChannel
 .text.TIM_Base_SetConfig
                0x08005460      0x158 ./Drivers/STM32F4xx_HAL_Driver/Src/stm32f4xx_hal_tim.o
                0x08005460                TIM_Base_SetConfig
 .text.TIM_OC1_SetConfig
                0x080055b8       0xe0 ./Drivers/STM32F4xx_HAL_Driver/Src/stm32f4xx_hal_tim.o
 .text.TIM_OC2_SetConfig
                0x08005698       0xec ./Drivers/STM32F4xx_HAL_Driver/Src/stm32f4xx_hal_tim.o
                0x08005698                TIM_OC2_SetConfig
 .text.TIM_OC3_SetConfig
                0x08005784       0xe8 ./Drivers/STM32F4xx_HAL_Driver/Src/stm32f4xx_hal_tim.o
 .text.TIM_OC4_SetConfig
                0x0800586c       0xac ./Drivers/STM32F4xx_HAL_Driver/Src/stm32f4xx_hal_tim.o
 .text.TIM_CCxChannelCmd
                0x08005918       0x4a ./Drivers/STM32F4xx_HAL_Driver/Src/stm32f4xx_hal_tim.o
                0x08005918                TIM_CCxChannelCmd
 *fill*         0x08005962        0x2 
 .text.HAL_TIMEx_MasterConfigSynchronization
                0x08005964       0xf8 ./Drivers/STM32F4xx_HAL_Driver/Src/stm32f4xx_hal_tim_ex.o
                0x08005964                HAL_TIMEx_MasterConfigSynchronization
 .text.HAL_UART_Init
                0x08005a5c       0xa0 ./Drivers/STM32F4xx_HAL_Driver/Src/stm32f4xx_hal_uart.o
                0x08005a5c                HAL_UART_Init
 .text.HAL_UART_Receive_IT
                0x08005afc       0x4a ./Drivers/STM32F4xx_HAL_Driver/Src/stm32f4xx_hal_uart.o
                0x08005afc                HAL_UART_Receive_IT
 *fill*         0x08005b46        0x2 
 .text.HAL_UART_IRQHandler
                0x08005b48      0x524 ./Drivers/STM32F4xx_HAL_Driver/Src/stm32f4xx_hal_uart.o
                0x08005b48                HAL_UART_IRQHandler
 .text.HAL_UART_TxCpltCallback
                0x0800606c       0x14 ./Drivers/STM32F4xx_HAL_Driver/Src/stm32f4xx_hal_uart.o
                0x0800606c                HAL_UART_TxCpltCallback
 .text.HAL_UART_ErrorCallback
                0x08006080       0x14 ./Drivers/STM32F4xx_HAL_Driver/Src/stm32f4xx_hal_uart.o
                0x08006080                HAL_UART_ErrorCallback
 .text.HAL_UARTEx_RxEventCallback
                0x08006094       0x18 ./Drivers/STM32F4xx_HAL_Driver/Src/stm32f4xx_hal_uart.o
                0x08006094                HAL_UARTEx_RxEventCallback
 .text.UART_Start_Receive_IT
                0x080060ac       0x74 ./Drivers/STM32F4xx_HAL_Driver/Src/stm32f4xx_hal_uart.o
                0x080060ac                UART_Start_Receive_IT
 .text.UART_EndRxTransfer
                0x08006120       0xc6 ./Drivers/STM32F4xx_HAL_Driver/Src/stm32f4xx_hal_uart.o
 .text.UART_DMAAbortOnError
                0x080061e6       0x28 ./Drivers/STM32F4xx_HAL_Driver/Src/stm32f4xx_hal_uart.o
 .text.UART_Transmit_IT
                0x0800620e       0xa0 ./Drivers/STM32F4xx_HAL_Driver/Src/stm32f4xx_hal_uart.o
 .text.UART_EndTransmit_IT
                0x080062ae       0x30 ./Drivers/STM32F4xx_HAL_Driver/Src/stm32f4xx_hal_uart.o
 .text.UART_Receive_IT
                0x080062de      0x17c ./Drivers/STM32F4xx_HAL_Driver/Src/stm32f4xx_hal_uart.o
 *fill*         0x0800645a        0x2 
 .text.UART_SetConfig
                0x0800645c      0x4e8 ./Drivers/STM32F4xx_HAL_Driver/Src/stm32f4xx_hal_uart.o
 .text.USB_CoreInit
                0x08006944       0xc8 ./Drivers/STM32F4xx_HAL_Driver/Src/stm32f4xx_ll_usb.o
                0x08006944                USB_CoreInit
 .text.USB_SetTurnaroundTime
                0x08006a0c      0x144 ./Drivers/STM32F4xx_HAL_Driver/Src/stm32f4xx_ll_usb.o
                0x08006a0c                USB_SetTurnaroundTime
 .text.USB_EnableGlobalInt
                0x08006b50       0x22 ./Drivers/STM32F4xx_HAL_Driver/Src/stm32f4xx_ll_usb.o
                0x08006b50                USB_EnableGlobalInt
 .text.USB_DisableGlobalInt
                0x08006b72       0x22 ./Drivers/STM32F4xx_HAL_Driver/Src/stm32f4xx_ll_usb.o
                0x08006b72                USB_DisableGlobalInt
 .text.USB_SetCurrentMode
                0x08006b94       0x98 ./Drivers/STM32F4xx_HAL_Driver/Src/stm32f4xx_ll_usb.o
                0x08006b94                USB_SetCurrentMode
 .text.USB_DevInit
                0x08006c2c      0x2c8 ./Drivers/STM32F4xx_HAL_Driver/Src/stm32f4xx_ll_usb.o
                0x08006c2c                USB_DevInit
 .text.USB_FlushTxFifo
                0x08006ef4       0x64 ./Drivers/STM32F4xx_HAL_Driver/Src/stm32f4xx_ll_usb.o
                0x08006ef4                USB_FlushTxFifo
 .text.USB_FlushRxFifo
                0x08006f58       0x5c ./Drivers/STM32F4xx_HAL_Driver/Src/stm32f4xx_ll_usb.o
                0x08006f58                USB_FlushRxFifo
 .text.USB_SetDevSpeed
                0x08006fb4       0x32 ./Drivers/STM32F4xx_HAL_Driver/Src/stm32f4xx_ll_usb.o
                0x08006fb4                USB_SetDevSpeed
 .text.USB_GetDevSpeed
                0x08006fe6       0x4a ./Drivers/STM32F4xx_HAL_Driver/Src/stm32f4xx_ll_usb.o
                0x08006fe6                USB_GetDevSpeed
 .text.USB_ActivateEndpoint
                0x08007030      0x10e ./Drivers/STM32F4xx_HAL_Driver/Src/stm32f4xx_ll_usb.o
                0x08007030                USB_ActivateEndpoint
 *fill*         0x0800713e        0x2 
 .text.USB_DeactivateEndpoint
                0x08007140      0x1b8 ./Drivers/STM32F4xx_HAL_Driver/Src/stm32f4xx_ll_usb.o
                0x08007140                USB_DeactivateEndpoint
 .text.USB_EPStartXfer
                0x080072f8      0x53c ./Drivers/STM32F4xx_HAL_Driver/Src/stm32f4xx_ll_usb.o
                0x080072f8                USB_EPStartXfer
 .text.USB_EPStopXfer
                0x08007834      0x154 ./Drivers/STM32F4xx_HAL_Driver/Src/stm32f4xx_ll_usb.o
                0x08007834                USB_EPStopXfer
 .text.USB_WritePacket
                0x08007988       0x7c ./Drivers/STM32F4xx_HAL_Driver/Src/stm32f4xx_ll_usb.o
                0x08007988                USB_WritePacket
 .text.USB_ReadPacket
                0x08007a04       0xb0 ./Drivers/STM32F4xx_HAL_Driver/Src/stm32f4xx_ll_usb.o
                0x08007a04                USB_ReadPacket
 .text.USB_EPSetStall
                0x08007ab4       0xdc ./Drivers/STM32F4xx_HAL_Driver/Src/stm32f4xx_ll_usb.o
                0x08007ab4                USB_EPSetStall
 .text.USB_EPClearStall
                0x08007b90       0xcc ./Drivers/STM32F4xx_HAL_Driver/Src/stm32f4xx_ll_usb.o
                0x08007b90                USB_EPClearStall
 .text.USB_SetDevAddress
                0x08007c5c       0x4c ./Drivers/STM32F4xx_HAL_Driver/Src/stm32f4xx_ll_usb.o
                0x08007c5c                USB_SetDevAddress
 .text.USB_DevConnect
                0x08007ca8       0x42 ./Drivers/STM32F4xx_HAL_Driver/Src/stm32f4xx_ll_usb.o
                0x08007ca8                USB_DevConnect
 .text.USB_DevDisconnect
                0x08007cea       0x42 ./Drivers/STM32F4xx_HAL_Driver/Src/stm32f4xx_ll_usb.o
                0x08007cea                USB_DevDisconnect
 .text.USB_ReadInterrupts
                0x08007d2c       0x26 ./Drivers/STM32F4xx_HAL_Driver/Src/stm32f4xx_ll_usb.o
                0x08007d2c                USB_ReadInterrupts
 .text.USB_ReadDevAllOutEpInterrupt
                0x08007d52       0x34 ./Drivers/STM32F4xx_HAL_Driver/Src/stm32f4xx_ll_usb.o
                0x08007d52                USB_ReadDevAllOutEpInterrupt
 .text.USB_ReadDevAllInEpInterrupt
                0x08007d86       0x34 ./Drivers/STM32F4xx_HAL_Driver/Src/stm32f4xx_ll_usb.o
                0x08007d86                USB_ReadDevAllInEpInterrupt
 .text.USB_ReadDevOutEPInterrupt
                0x08007dba       0x3c ./Drivers/STM32F4xx_HAL_Driver/Src/stm32f4xx_ll_usb.o
                0x08007dba                USB_ReadDevOutEPInterrupt
 .text.USB_ReadDevInEPInterrupt
                0x08007df6       0x5c ./Drivers/STM32F4xx_HAL_Driver/Src/stm32f4xx_ll_usb.o
                0x08007df6                USB_ReadDevInEPInterrupt
 .text.USB_GetMode
                0x08007e52       0x1c ./Drivers/STM32F4xx_HAL_Driver/Src/stm32f4xx_ll_usb.o
                0x08007e52                USB_GetMode
 .text.USB_ActivateSetup
                0x08007e6e       0x46 ./Drivers/STM32F4xx_HAL_Driver/Src/stm32f4xx_ll_usb.o
                0x08007e6e                USB_ActivateSetup
 .text.USB_EP0_OutStart
                0x08007eb4       0xbc ./Drivers/STM32F4xx_HAL_Driver/Src/stm32f4xx_ll_usb.o
                0x08007eb4                USB_EP0_OutStart
 .text.USB_CoreReset
                0x08007f70       0x62 ./Drivers/STM32F4xx_HAL_Driver/Src/stm32f4xx_ll_usb.o
 *fill*         0x08007fd2        0x2 
 .text.Motor_setup_LF
                0x08007fd4       0x5c ./Library_for_Ro_Bo_Rho/Encoder_Motor.o
                0x08007fd4                Motor_setup_LF
 .text.Motor_setup_LB
                0x08008030       0x5c ./Library_for_Ro_Bo_Rho/Encoder_Motor.o
                0x08008030                Motor_setup_LB
 .text.Motor_setup_RF
                0x0800808c       0x5c ./Library_for_Ro_Bo_Rho/Encoder_Motor.o
                0x0800808c                Motor_setup_RF
 .text.Motor_setup_RB
                0x080080e8       0x5c ./Library_for_Ro_Bo_Rho/Encoder_Motor.o
                0x080080e8                Motor_setup_RB
 .text.Motor_setup_EXTRA1
                0x08008144       0x5c ./Library_for_Ro_Bo_Rho/Encoder_Motor.o
                0x08008144                Motor_setup_EXTRA1
 .text.Motor_setup_EXTRA2
                0x080081a0       0x5c ./Library_for_Ro_Bo_Rho/Encoder_Motor.o
                0x080081a0                Motor_setup_EXTRA2
 .text.getCount
                0x080081fc       0x20 ./Library_for_Ro_Bo_Rho/Encoder_Motor.o
                0x080081fc                getCount
 .text.Setup_CPR
                0x0800821c       0x20 ./Library_for_Ro_Bo_Rho/Encoder_Motor.o
                0x0800821c                Setup_CPR
 .text.Setup_Gear_Ratio
                0x0800823c       0x20 ./Library_for_Ro_Bo_Rho/Encoder_Motor.o
                0x0800823c                Setup_Gear_Ratio
 .text.Setup_frequency_Motor
                0x0800825c       0x20 ./Library_for_Ro_Bo_Rho/Encoder_Motor.o
                0x0800825c                Setup_frequency_Motor
 .text.getRPM_TIM_Wheel
                0x0800827c       0xdc ./Library_for_Ro_Bo_Rho/Encoder_Motor.o
                0x0800827c                getRPM_TIM_Wheel
 .text.Setup_PID_LF
                0x08008358       0x58 ./Library_for_Ro_Bo_Rho/Encoder_Motor.o
                0x08008358                Setup_PID_LF
 .text.Setup_PID_LB
                0x080083b0       0x58 ./Library_for_Ro_Bo_Rho/Encoder_Motor.o
                0x080083b0                Setup_PID_LB
 .text.Setup_PID_RF
                0x08008408       0x58 ./Library_for_Ro_Bo_Rho/Encoder_Motor.o
                0x08008408                Setup_PID_RF
 .text.Setup_PID_RB
                0x08008460       0x58 ./Library_for_Ro_Bo_Rho/Encoder_Motor.o
                0x08008460                Setup_PID_RB
 .text.PID_Speed
                0x080084b8      0x154 ./Library_for_Ro_Bo_Rho/Encoder_Motor.o
                0x080084b8                PID_Speed
 .text.Motor_DutyCycle_LF
                0x0800860c       0xb0 ./Library_for_Ro_Bo_Rho/Encoder_Motor.o
                0x0800860c                Motor_DutyCycle_LF
 .text.Motor_DutyCycle_LB
                0x080086bc       0xb8 ./Library_for_Ro_Bo_Rho/Encoder_Motor.o
                0x080086bc                Motor_DutyCycle_LB
 .text.Motor_DutyCycle_RF
                0x08008774       0xb8 ./Library_for_Ro_Bo_Rho/Encoder_Motor.o
                0x08008774                Motor_DutyCycle_RF
 .text.Motor_DutyCycle_RB
                0x0800882c       0xb0 ./Library_for_Ro_Bo_Rho/Encoder_Motor.o
                0x0800882c                Motor_DutyCycle_RB
 .text.Motor_Speed_LF
                0x080088dc       0xe4 ./Library_for_Ro_Bo_Rho/Encoder_Motor.o
                0x080088dc                Motor_Speed_LF
 .text.Motor_Speed_LB
                0x080089c0       0xe4 ./Library_for_Ro_Bo_Rho/Encoder_Motor.o
                0x080089c0                Motor_Speed_LB
 .text.Motor_Speed_RF
                0x08008aa4       0xe4 ./Library_for_Ro_Bo_Rho/Encoder_Motor.o
                0x08008aa4                Motor_Speed_RF
 .text.Motor_Speed_RB
                0x08008b88       0xe4 ./Library_for_Ro_Bo_Rho/Encoder_Motor.o
                0x08008b88                Motor_Speed_RB
 .text.digitalWrite
                0x08008c6c      0x6cc ./Library_for_Ro_Bo_Rho/Encoder_Motor.o
                0x08008c6c                digitalWrite
 .text.Setup_Forward_Kinematic
                0x08009338       0x3c ./Library_for_Ro_Bo_Rho/Forward_Kinematics.o
                0x08009338                Setup_Forward_Kinematic
 .text.Setup_frequency_Forward_Kinematic
                0x08009374       0x20 ./Library_for_Ro_Bo_Rho/Forward_Kinematics.o
                0x08009374                Setup_frequency_Forward_Kinematic
 .text.Setup_Inverse_Kinematic
                0x08009394       0x3c ./Library_for_Ro_Bo_Rho/Inverse_Kinematics.o
                0x08009394                Setup_Inverse_Kinematic
 .text.app_ros_comm_runner
                0x080093d0       0x8c ./Library_for_Ro_Bo_Rho/app_ros_comm.o
                0x080093d0                app_ros_comm_runner
 .text.app_ros_comm_processRX
                0x0800945c       0x94 ./Library_for_Ro_Bo_Rho/app_ros_comm.o
                0x0800945c                app_ros_comm_processRX
 .text.app_ros_comm_comandProcessor
                0x080094f0        0xe ./Library_for_Ro_Bo_Rho/app_ros_comm.o
                0x080094f0                app_ros_comm_comandProcessor
 *fill*         0x080094fe        0x2 
 .text.app_ros_comm_txPoll
                0x08009500       0xc0 ./Library_for_Ro_Bo_Rho/app_ros_comm.o
                0x08009500                app_ros_comm_txPoll
 .text.USBD_CDC_Init
                0x080095c0      0x1f0 ./Middlewares/ST/STM32_USB_Device_Library/Class/CDC/Src/usbd_cdc.o
 .text.USBD_CDC_DeInit
                0x080097b0      0x104 ./Middlewares/ST/STM32_USB_Device_Library/Class/CDC/Src/usbd_cdc.o
 .text.USBD_CDC_Setup
                0x080098b4      0x1b8 ./Middlewares/ST/STM32_USB_Device_Library/Class/CDC/Src/usbd_cdc.o
 .text.USBD_CDC_DataIn
                0x08009a6c       0xfe ./Middlewares/ST/STM32_USB_Device_Library/Class/CDC/Src/usbd_cdc.o
 .text.USBD_CDC_DataOut
                0x08009b6a       0x70 ./Middlewares/ST/STM32_USB_Device_Library/Class/CDC/Src/usbd_cdc.o
 .text.USBD_CDC_EP0_RxReady
                0x08009bda       0x74 ./Middlewares/ST/STM32_USB_Device_Library/Class/CDC/Src/usbd_cdc.o
 *fill*         0x08009c4e        0x2 
 .text.USBD_CDC_GetFSCfgDesc
                0x08009c50       0x70 ./Middlewares/ST/STM32_USB_Device_Library/Class/CDC/Src/usbd_cdc.o
 .text.USBD_CDC_GetHSCfgDesc
                0x08009cc0       0x70 ./Middlewares/ST/STM32_USB_Device_Library/Class/CDC/Src/usbd_cdc.o
 .text.USBD_CDC_GetOtherSpeedCfgDesc
                0x08009d30       0x70 ./Middlewares/ST/STM32_USB_Device_Library/Class/CDC/Src/usbd_cdc.o
 .text.USBD_CDC_GetDeviceQualifierDescriptor
                0x08009da0       0x20 ./Middlewares/ST/STM32_USB_Device_Library/Class/CDC/Src/usbd_cdc.o
                0x08009da0                USBD_CDC_GetDeviceQualifierDescriptor
 .text.USBD_CDC_RegisterInterface
                0x08009dc0       0x34 ./Middlewares/ST/STM32_USB_Device_Library/Class/CDC/Src/usbd_cdc.o
                0x08009dc0                USBD_CDC_RegisterInterface
 .text.USBD_CDC_SetTxBuffer
                0x08009df4       0x44 ./Middlewares/ST/STM32_USB_Device_Library/Class/CDC/Src/usbd_cdc.o
                0x08009df4                USBD_CDC_SetTxBuffer
 .text.USBD_CDC_SetRxBuffer
                0x08009e38       0x3a ./Middlewares/ST/STM32_USB_Device_Library/Class/CDC/Src/usbd_cdc.o
                0x08009e38                USBD_CDC_SetRxBuffer
 *fill*         0x08009e72        0x2 
 .text.USBD_CDC_TransmitPacket
                0x08009e74       0x80 ./Middlewares/ST/STM32_USB_Device_Library/Class/CDC/Src/usbd_cdc.o
                0x08009e74                USBD_CDC_TransmitPacket
 .text.USBD_CDC_ReceivePacket
                0x08009ef4       0x6c ./Middlewares/ST/STM32_USB_Device_Library/Class/CDC/Src/usbd_cdc.o
                0x08009ef4                USBD_CDC_ReceivePacket
 .text.USBD_Init
                0x08009f60       0x60 ./Middlewares/ST/STM32_USB_Device_Library/Core/Src/usbd_core.o
                0x08009f60                USBD_Init
 .text.USBD_RegisterClass
                0x08009fc0       0x6c ./Middlewares/ST/STM32_USB_Device_Library/Core/Src/usbd_core.o
                0x08009fc0                USBD_RegisterClass
 .text.USBD_Start
                0x0800a02c       0x18 ./Middlewares/ST/STM32_USB_Device_Library/Core/Src/usbd_core.o
                0x0800a02c                USBD_Start
 .text.USBD_RunTestMode
                0x0800a044       0x16 ./Middlewares/ST/STM32_USB_Device_Library/Core/Src/usbd_core.o
                0x0800a044                USBD_RunTestMode
 .text.USBD_SetClassConfig
                0x0800a05a       0x38 ./Middlewares/ST/STM32_USB_Device_Library/Core/Src/usbd_core.o
                0x0800a05a                USBD_SetClassConfig
 .text.USBD_ClrClassConfig
                0x0800a092       0x34 ./Middlewares/ST/STM32_USB_Device_Library/Core/Src/usbd_core.o
                0x0800a092                USBD_ClrClassConfig
 .text.USBD_LL_SetupStage
                0x0800a0c6       0xaa ./Middlewares/ST/STM32_USB_Device_Library/Core/Src/usbd_core.o
                0x0800a0c6                USBD_LL_SetupStage
 .text.USBD_LL_DataOutStage
                0x0800a170      0x166 ./Middlewares/ST/STM32_USB_Device_Library/Core/Src/usbd_core.o
                0x0800a170                USBD_LL_DataOutStage
 .text.USBD_LL_DataInStage
                0x0800a2d6      0x164 ./Middlewares/ST/STM32_USB_Device_Library/Core/Src/usbd_core.o
                0x0800a2d6                USBD_LL_DataInStage
 .text.USBD_LL_Reset
                0x0800a43a       0xa4 ./Middlewares/ST/STM32_USB_Device_Library/Core/Src/usbd_core.o
                0x0800a43a                USBD_LL_Reset
 .text.USBD_LL_SetSpeed
                0x0800a4de       0x20 ./Middlewares/ST/STM32_USB_Device_Library/Core/Src/usbd_core.o
                0x0800a4de                USBD_LL_SetSpeed
 .text.USBD_LL_Suspend
                0x0800a4fe       0x38 ./Middlewares/ST/STM32_USB_Device_Library/Core/Src/usbd_core.o
                0x0800a4fe                USBD_LL_Suspend
 .text.USBD_LL_Resume
                0x0800a536       0x30 ./Middlewares/ST/STM32_USB_Device_Library/Core/Src/usbd_core.o
                0x0800a536                USBD_LL_Resume
 .text.USBD_LL_SOF
                0x0800a566       0x40 ./Middlewares/ST/STM32_USB_Device_Library/Core/Src/usbd_core.o
                0x0800a566                USBD_LL_SOF
 .text.USBD_LL_IsoINIncomplete
                0x0800a5a6       0x64 ./Middlewares/ST/STM32_USB_Device_Library/Core/Src/usbd_core.o
                0x0800a5a6                USBD_LL_IsoINIncomplete
 .text.USBD_LL_IsoOUTIncomplete
                0x0800a60a       0x64 ./Middlewares/ST/STM32_USB_Device_Library/Core/Src/usbd_core.o
                0x0800a60a                USBD_LL_IsoOUTIncomplete
 .text.USBD_LL_DevConnected
                0x0800a66e       0x16 ./Middlewares/ST/STM32_USB_Device_Library/Core/Src/usbd_core.o
                0x0800a66e                USBD_LL_DevConnected
 .text.USBD_LL_DevDisconnected
                0x0800a684       0x46 ./Middlewares/ST/STM32_USB_Device_Library/Core/Src/usbd_core.o
                0x0800a684                USBD_LL_DevDisconnected
 .text.USBD_CoreFindIF
                0x0800a6ca       0x1a ./Middlewares/ST/STM32_USB_Device_Library/Core/Src/usbd_core.o
                0x0800a6ca                USBD_CoreFindIF
 .text.USBD_CoreFindEP
                0x0800a6e4       0x1a ./Middlewares/ST/STM32_USB_Device_Library/Core/Src/usbd_core.o
                0x0800a6e4                USBD_CoreFindEP
 .text.USBD_GetEpDesc
                0x0800a6fe       0x70 ./Middlewares/ST/STM32_USB_Device_Library/Core/Src/usbd_core.o
                0x0800a6fe                USBD_GetEpDesc
 .text.USBD_GetNextDesc
                0x0800a76e       0x38 ./Middlewares/ST/STM32_USB_Device_Library/Core/Src/usbd_core.o
                0x0800a76e                USBD_GetNextDesc
 .text.SWAPBYTE
                0x0800a7a6       0x3c ./Middlewares/ST/STM32_USB_Device_Library/Core/Src/usbd_ctlreq.o
 *fill*         0x0800a7e2        0x2 
 .text.USBD_StdDevReq
                0x0800a7e4       0xe4 ./Middlewares/ST/STM32_USB_Device_Library/Core/Src/usbd_ctlreq.o
                0x0800a7e4                USBD_StdDevReq
 .text.USBD_StdItfReq
                0x0800a8c8       0xd8 ./Middlewares/ST/STM32_USB_Device_Library/Core/Src/usbd_ctlreq.o
                0x0800a8c8                USBD_StdItfReq
 .text.USBD_StdEPReq
                0x0800a9a0      0x33a ./Middlewares/ST/STM32_USB_Device_Library/Core/Src/usbd_ctlreq.o
                0x0800a9a0                USBD_StdEPReq
 *fill*         0x0800acda        0x2 
 .text.USBD_GetDescriptor
                0x0800acdc      0x2d4 ./Middlewares/ST/STM32_USB_Device_Library/Core/Src/usbd_ctlreq.o
 .text.USBD_SetAddress
                0x0800afb0       0x88 ./Middlewares/ST/STM32_USB_Device_Library/Core/Src/usbd_ctlreq.o
 .text.USBD_SetConfig
                0x0800b038      0x154 ./Middlewares/ST/STM32_USB_Device_Library/Core/Src/usbd_ctlreq.o
 .text.USBD_GetConfig
                0x0800b18c       0x6c ./Middlewares/ST/STM32_USB_Device_Library/Core/Src/usbd_ctlreq.o
 .text.USBD_GetStatus
                0x0800b1f8       0x68 ./Middlewares/ST/STM32_USB_Device_Library/Core/Src/usbd_ctlreq.o
 .text.USBD_SetFeature
                0x0800b260       0x52 ./Middlewares/ST/STM32_USB_Device_Library/Core/Src/usbd_ctlreq.o
 .text.USBD_ClrFeature
                0x0800b2b2       0x44 ./Middlewares/ST/STM32_USB_Device_Library/Core/Src/usbd_ctlreq.o
 .text.USBD_ParseSetupRequest
                0x0800b2f6       0x74 ./Middlewares/ST/STM32_USB_Device_Library/Core/Src/usbd_ctlreq.o
                0x0800b2f6                USBD_ParseSetupRequest
 .text.USBD_CtlError
                0x0800b36a       0x22 ./Middlewares/ST/STM32_USB_Device_Library/Core/Src/usbd_ctlreq.o
                0x0800b36a                USBD_CtlError
 .text.USBD_GetString
                0x0800b38c       0xa4 ./Middlewares/ST/STM32_USB_Device_Library/Core/Src/usbd_ctlreq.o
                0x0800b38c                USBD_GetString
 .text.USBD_GetLen
                0x0800b430       0x34 ./Middlewares/ST/STM32_USB_Device_Library/Core/Src/usbd_ctlreq.o
 .text.USBD_CtlSendData
                0x0800b464       0x36 ./Middlewares/ST/STM32_USB_Device_Library/Core/Src/usbd_ioreq.o
                0x0800b464                USBD_CtlSendData
 .text.USBD_CtlContinueSendData
                0x0800b49a       0x22 ./Middlewares/ST/STM32_USB_Device_Library/Core/Src/usbd_ioreq.o
                0x0800b49a                USBD_CtlContinueSendData
 .text.USBD_CtlPrepareRx
                0x0800b4bc       0x3a ./Middlewares/ST/STM32_USB_Device_Library/Core/Src/usbd_ioreq.o
                0x0800b4bc                USBD_CtlPrepareRx
 .text.USBD_CtlContinueRx
                0x0800b4f6       0x22 ./Middlewares/ST/STM32_USB_Device_Library/Core/Src/usbd_ioreq.o
                0x0800b4f6                USBD_CtlContinueRx
 .text.USBD_CtlSendStatus
                0x0800b518       0x26 ./Middlewares/ST/STM32_USB_Device_Library/Core/Src/usbd_ioreq.o
                0x0800b518                USBD_CtlSendStatus
 .text.USBD_CtlReceiveStatus
                0x0800b53e       0x26 ./Middlewares/ST/STM32_USB_Device_Library/Core/Src/usbd_ioreq.o
                0x0800b53e                USBD_CtlReceiveStatus
 .text.MX_USB_DEVICE_Init
                0x0800b564       0x60 ./USB_DEVICE/App/usb_device.o
                0x0800b564                MX_USB_DEVICE_Init
 .text.CDC_Init_FS
                0x0800b5c4       0x28 ./USB_DEVICE/App/usbd_cdc_if.o
 .text.CDC_DeInit_FS
                0x0800b5ec       0x10 ./USB_DEVICE/App/usbd_cdc_if.o
 .text.CDC_Control_FS
                0x0800b5fc       0xbc ./USB_DEVICE/App/usbd_cdc_if.o
 .text.CDC_Receive_FS
                0x0800b6b8       0x58 ./USB_DEVICE/App/usbd_cdc_if.o
 .text.CDC_Transmit_FS
                0x0800b710       0x60 ./USB_DEVICE/App/usbd_cdc_if.o
                0x0800b710                CDC_Transmit_FS
 .text.CDC_TransmitCplt_FS
                0x0800b770       0x22 ./USB_DEVICE/App/usbd_cdc_if.o
 *fill*         0x0800b792        0x2 
 .text.USBD_FS_DeviceDescriptor
                0x0800b794       0x24 ./USB_DEVICE/App/usbd_desc.o
                0x0800b794                USBD_FS_DeviceDescriptor
 .text.USBD_FS_LangIDStrDescriptor
                0x0800b7b8       0x24 ./USB_DEVICE/App/usbd_desc.o
                0x0800b7b8                USBD_FS_LangIDStrDescriptor
 .text.USBD_FS_ProductStrDescriptor
                0x0800b7dc       0x3c ./USB_DEVICE/App/usbd_desc.o
                0x0800b7dc                USBD_FS_ProductStrDescriptor
 .text.USBD_FS_ManufacturerStrDescriptor
                0x0800b818       0x28 ./USB_DEVICE/App/usbd_desc.o
                0x0800b818                USBD_FS_ManufacturerStrDescriptor
 .text.USBD_FS_SerialStrDescriptor
                0x0800b840       0x24 ./USB_DEVICE/App/usbd_desc.o
                0x0800b840                USBD_FS_SerialStrDescriptor
 .text.USBD_FS_ConfigStrDescriptor
                0x0800b864       0x3c ./USB_DEVICE/App/usbd_desc.o
                0x0800b864                USBD_FS_ConfigStrDescriptor
 .text.USBD_FS_InterfaceStrDescriptor
                0x0800b8a0       0x3c ./USB_DEVICE/App/usbd_desc.o
                0x0800b8a0                USBD_FS_InterfaceStrDescriptor
 .text.Get_SerialNum
                0x0800b8dc       0x58 ./USB_DEVICE/App/usbd_desc.o
 .text.IntToUnicode
                0x0800b934       0x7e ./USB_DEVICE/App/usbd_desc.o
 *fill*         0x0800b9b2        0x2 
 .text.HAL_PCD_MspInit
                0x0800b9b4       0xa8 ./USB_DEVICE/Target/usbd_conf.o
                0x0800b9b4                HAL_PCD_MspInit
 .text.HAL_PCD_SetupStageCallback
                0x0800ba5c       0x24 ./USB_DEVICE/Target/usbd_conf.o
                0x0800ba5c                HAL_PCD_SetupStageCallback
 .text.HAL_PCD_DataOutStageCallback
                0x0800ba80       0x36 ./USB_DEVICE/Target/usbd_conf.o
                0x0800ba80                HAL_PCD_DataOutStageCallback
 .text.HAL_PCD_DataInStageCallback
                0x0800bab6       0x34 ./USB_DEVICE/Target/usbd_conf.o
                0x0800bab6                HAL_PCD_DataInStageCallback
 .text.HAL_PCD_SOFCallback
                0x0800baea       0x1c ./USB_DEVICE/Target/usbd_conf.o
                0x0800baea                HAL_PCD_SOFCallback
 .text.HAL_PCD_ResetCallback
                0x0800bb06       0x50 ./USB_DEVICE/Target/usbd_conf.o
                0x0800bb06                HAL_PCD_ResetCallback
 *fill*         0x0800bb56        0x2 
 .text.HAL_PCD_SuspendCallback
                0x0800bb58       0x4c ./USB_DEVICE/Target/usbd_conf.o
                0x0800bb58                HAL_PCD_SuspendCallback
 .text.HAL_PCD_ResumeCallback
                0x0800bba4       0x1c ./USB_DEVICE/Target/usbd_conf.o
                0x0800bba4                HAL_PCD_ResumeCallback
 .text.HAL_PCD_ISOOUTIncompleteCallback
                0x0800bbc0       0x24 ./USB_DEVICE/Target/usbd_conf.o
                0x0800bbc0                HAL_PCD_ISOOUTIncompleteCallback
 .text.HAL_PCD_ISOINIncompleteCallback
                0x0800bbe4       0x24 ./USB_DEVICE/Target/usbd_conf.o
                0x0800bbe4                HAL_PCD_ISOINIncompleteCallback
 .text.HAL_PCD_ConnectCallback
                0x0800bc08       0x1c ./USB_DEVICE/Target/usbd_conf.o
                0x0800bc08                HAL_PCD_ConnectCallback
 .text.HAL_PCD_DisconnectCallback
                0x0800bc24       0x1c ./USB_DEVICE/Target/usbd_conf.o
                0x0800bc24                HAL_PCD_DisconnectCallback
 .text.USBD_LL_Init
                0x0800bc40       0x98 ./USB_DEVICE/Target/usbd_conf.o
                0x0800bc40                USBD_LL_Init
 .text.USBD_LL_Start
                0x0800bcd8       0x36 ./USB_DEVICE/Target/usbd_conf.o
                0x0800bcd8                USBD_LL_Start
 .text.USBD_LL_OpenEP
                0x0800bd0e       0x4c ./USB_DEVICE/Target/usbd_conf.o
                0x0800bd0e                USBD_LL_OpenEP
 .text.USBD_LL_CloseEP
                0x0800bd5a       0x3e ./USB_DEVICE/Target/usbd_conf.o
                0x0800bd5a                USBD_LL_CloseEP
 .text.USBD_LL_StallEP
                0x0800bd98       0x3e ./USB_DEVICE/Target/usbd_conf.o
                0x0800bd98                USBD_LL_StallEP
 .text.USBD_LL_ClearStallEP
                0x0800bdd6       0x3e ./USB_DEVICE/Target/usbd_conf.o
                0x0800bdd6                USBD_LL_ClearStallEP
 .text.USBD_LL_IsStallEP
                0x0800be14       0x58 ./USB_DEVICE/Target/usbd_conf.o
                0x0800be14                USBD_LL_IsStallEP
 .text.USBD_LL_SetUSBAddress
                0x0800be6c       0x3e ./USB_DEVICE/Target/usbd_conf.o
                0x0800be6c                USBD_LL_SetUSBAddress
 .text.USBD_LL_Transmit
                0x0800beaa       0x42 ./USB_DEVICE/Target/usbd_conf.o
                0x0800beaa                USBD_LL_Transmit
 .text.USBD_LL_PrepareReceive
                0x0800beec       0x42 ./USB_DEVICE/Target/usbd_conf.o
                0x0800beec                USBD_LL_PrepareReceive
 .text.USBD_LL_GetRxDataSize
                0x0800bf2e       0x26 ./USB_DEVICE/Target/usbd_conf.o
                0x0800bf2e                USBD_LL_GetRxDataSize
 .text.USBD_static_malloc
                0x0800bf54       0x1c ./USB_DEVICE/Target/usbd_conf.o
                0x0800bf54                USBD_static_malloc
 .text.USBD_static_free
                0x0800bf70       0x14 ./USB_DEVICE/Target/usbd_conf.o
                0x0800bf70                USBD_static_free
 .text.USBD_Get_USB_Status
                0x0800bf84       0x58 ./USB_DEVICE/Target/usbd_conf.o
                0x0800bf84                USBD_Get_USB_Status
 .text.memset   0x0800bfdc       0x10 C:/ST/STM32CubeIDE_1.15.1/STM32CubeIDE/plugins/com.st.stm32cube.ide.mcu.externaltools.gnu-tools-for-stm32.12.3.rel1.win32_1.0.100.202403111256/tools/bin/../lib/gcc/arm-none-eabi/12.3.1/../../../../arm-none-eabi/lib/thumb/v7e-m+fp/hard\libc_nano.a(libc_a-memset.o)
                0x0800bfdc                memset
 .text.__libc_init_array
                0x0800bfec       0x48 C:/ST/STM32CubeIDE_1.15.1/STM32CubeIDE/plugins/com.st.stm32cube.ide.mcu.externaltools.gnu-tools-for-stm32.12.3.rel1.win32_1.0.100.202403111256/tools/bin/../lib/gcc/arm-none-eabi/12.3.1/../../../../arm-none-eabi/lib/thumb/v7e-m+fp/hard\libc_nano.a(libc_a-init.o)
                0x0800bfec                __libc_init_array
 .text.memcpy   0x0800c034       0x1c C:/ST/STM32CubeIDE_1.15.1/STM32CubeIDE/plugins/com.st.stm32cube.ide.mcu.externaltools.gnu-tools-for-stm32.12.3.rel1.win32_1.0.100.202403111256/tools/bin/../lib/gcc/arm-none-eabi/12.3.1/../../../../arm-none-eabi/lib/thumb/v7e-m+fp/hard\libc_nano.a(libc_a-memcpy-stub.o)
                0x0800c034                memcpy
 *(.glue_7)
 .glue_7        0x0800c050        0x0 linker stubs
 *(.glue_7t)
 .glue_7t       0x0800c050        0x0 linker stubs
 *(.eh_frame)
 .eh_frame      0x0800c050        0x0 C:/ST/STM32CubeIDE_1.15.1/STM32CubeIDE/plugins/com.st.stm32cube.ide.mcu.externaltools.gnu-tools-for-stm32.12.3.rel1.win32_1.0.100.202403111256/tools/bin/../lib/gcc/arm-none-eabi/12.3.1/thumb/v7e-m+fp/hard/crtbegin.o
 *(.init)
 .init          0x0800c050        0x4 C:/ST/STM32CubeIDE_1.15.1/STM32CubeIDE/plugins/com.st.stm32cube.ide.mcu.externaltools.gnu-tools-for-stm32.12.3.rel1.win32_1.0.100.202403111256/tools/bin/../lib/gcc/arm-none-eabi/12.3.1/thumb/v7e-m+fp/hard/crti.o
                0x0800c050                _init
 .init          0x0800c054        0x8 C:/ST/STM32CubeIDE_1.15.1/STM32CubeIDE/plugins/com.st.stm32cube.ide.mcu.externaltools.gnu-tools-for-stm32.12.3.rel1.win32_1.0.100.202403111256/tools/bin/../lib/gcc/arm-none-eabi/12.3.1/thumb/v7e-m+fp/hard/crtn.o
 *(.fini)
 .fini          0x0800c05c        0x4 C:/ST/STM32CubeIDE_1.15.1/STM32CubeIDE/plugins/com.st.stm32cube.ide.mcu.externaltools.gnu-tools-for-stm32.12.3.rel1.win32_1.0.100.202403111256/tools/bin/../lib/gcc/arm-none-eabi/12.3.1/thumb/v7e-m+fp/hard/crti.o
                0x0800c05c                _fini
 .fini          0x0800c060        0x8 C:/ST/STM32CubeIDE_1.15.1/STM32CubeIDE/plugins/com.st.stm32cube.ide.mcu.externaltools.gnu-tools-for-stm32.12.3.rel1.win32_1.0.100.202403111256/tools/bin/../lib/gcc/arm-none-eabi/12.3.1/thumb/v7e-m+fp/hard/crtn.o
                0x0800c068                        . = ALIGN (0x4)
                0x0800c068                        _etext = .

.vfp11_veneer   0x0800c068        0x0
 .vfp11_veneer  0x0800c068        0x0 linker stubs

.v4_bx          0x0800c068        0x0
 .v4_bx         0x0800c068        0x0 linker stubs

.iplt           0x0800c068        0x0
 .iplt          0x0800c068        0x0 C:/ST/STM32CubeIDE_1.15.1/STM32CubeIDE/plugins/com.st.stm32cube.ide.mcu.externaltools.gnu-tools-for-stm32.12.3.rel1.win32_1.0.100.202403111256/tools/bin/../lib/gcc/arm-none-eabi/12.3.1/thumb/v7e-m+fp/hard/crtbegin.o

.rodata         0x0800c068       0x90
                0x0800c068                        . = ALIGN (0x4)
 *(.rodata)
 .rodata        0x0800c068       0x2d ./Core/Src/main.o
 *fill*         0x0800c095        0x3 
 .rodata        0x0800c098       0x46 ./USB_DEVICE/App/usbd_desc.o
 *(.rodata*)
 *fill*         0x0800c0de        0x2 
 .rodata.AHBPrescTable
                0x0800c0e0       0x10 ./Core/Src/system_stm32f4xx.o
                0x0800c0e0                AHBPrescTable
 .rodata.APBPrescTable
                0x0800c0f0        0x8 ./Core/Src/system_stm32f4xx.o
                0x0800c0f0                APBPrescTable
                0x0800c0f8                        . = ALIGN (0x4)

.ARM.extab      0x0800c0f8        0x0
                0x0800c0f8                        . = ALIGN (0x4)
 *(.ARM.extab* .gnu.linkonce.armextab.*)
                0x0800c0f8                        . = ALIGN (0x4)

.ARM            0x0800c0f8        0x8
                0x0800c0f8                        . = ALIGN (0x4)
                0x0800c0f8                        __exidx_start = .
 *(.ARM.exidx*)
 .ARM.exidx     0x0800c0f8        0x8 C:/ST/STM32CubeIDE_1.15.1/STM32CubeIDE/plugins/com.st.stm32cube.ide.mcu.externaltools.gnu-tools-for-stm32.12.3.rel1.win32_1.0.100.202403111256/tools/bin/../lib/gcc/arm-none-eabi/12.3.1/thumb/v7e-m+fp/hard\libgcc.a(_udivmoddi4.o)
                0x0800c100                        __exidx_end = .
                0x0800c100                        . = ALIGN (0x4)

.preinit_array  0x0800c100        0x0
                0x0800c100                        . = ALIGN (0x4)
                0x0800c100                        PROVIDE (__preinit_array_start = .)
 *(.preinit_array*)
                0x0800c100                        PROVIDE (__preinit_array_end = .)
                0x0800c100                        . = ALIGN (0x4)

.init_array     0x0800c100        0x4
                0x0800c100                        . = ALIGN (0x4)
                0x0800c100                        PROVIDE (__init_array_start = .)
 *(SORT_BY_NAME(.init_array.*))
 *(.init_array*)
 .init_array    0x0800c100        0x4 C:/ST/STM32CubeIDE_1.15.1/STM32CubeIDE/plugins/com.st.stm32cube.ide.mcu.externaltools.gnu-tools-for-stm32.12.3.rel1.win32_1.0.100.202403111256/tools/bin/../lib/gcc/arm-none-eabi/12.3.1/thumb/v7e-m+fp/hard/crtbegin.o
                0x0800c104                        PROVIDE (__init_array_end = .)
                0x0800c104                        . = ALIGN (0x4)

.fini_array     0x0800c104        0x4
                0x0800c104                        . = ALIGN (0x4)
                [!provide]                        PROVIDE (__fini_array_start = .)
 *(SORT_BY_NAME(.fini_array.*))
 *(.fini_array*)
 .fini_array    0x0800c104        0x4 C:/ST/STM32CubeIDE_1.15.1/STM32CubeIDE/plugins/com.st.stm32cube.ide.mcu.externaltools.gnu-tools-for-stm32.12.3.rel1.win32_1.0.100.202403111256/tools/bin/../lib/gcc/arm-none-eabi/12.3.1/thumb/v7e-m+fp/hard/crtbegin.o
                [!provide]                        PROVIDE (__fini_array_end = .)
                0x0800c108                        . = ALIGN (0x4)
                0x0800c108                        _sidata = LOADADDR (.data)

.rel.dyn        0x0800c108        0x0
 .rel.iplt      0x0800c108        0x0 C:/ST/STM32CubeIDE_1.15.1/STM32CubeIDE/plugins/com.st.stm32cube.ide.mcu.externaltools.gnu-tools-for-stm32.12.3.rel1.win32_1.0.100.202403111256/tools/bin/../lib/gcc/arm-none-eabi/12.3.1/thumb/v7e-m+fp/hard/crtbegin.o

.data           0x20000000      0x104 load address 0x0800c108
                0x20000000                        . = ALIGN (0x4)
                0x20000000                        _sdata = .
 *(.data)
 *(.data*)
 .data.SystemCoreClock
                0x20000000        0x4 ./Core/Src/system_stm32f4xx.o
                0x20000000                SystemCoreClock
 .data.uwTickPrio
                0x20000004        0x4 ./Drivers/STM32F4xx_HAL_Driver/Src/stm32f4xx_hal.o
                0x20000004                uwTickPrio
 .data.uwTickFreq
                0x20000008        0x1 ./Drivers/STM32F4xx_HAL_Driver/Src/stm32f4xx_hal.o
                0x20000008                uwTickFreq
 *fill*         0x20000009        0x1 
 .data._freq    0x2000000a        0x2 ./Library_for_Ro_Bo_Rho/Encoder_Motor.o
                0x2000000a                _freq
 .data.CPR      0x2000000c        0x2 ./Library_for_Ro_Bo_Rho/Encoder_Motor.o
                0x2000000c                CPR
 .data.Gear_Ratio
                0x2000000e        0x2 ./Library_for_Ro_Bo_Rho/Encoder_Motor.o
                0x2000000e                Gear_Ratio
 .data.__freq   0x20000010        0x1 ./Library_for_Ro_Bo_Rho/Forward_Kinematics.o
                0x20000010                __freq
 *fill*         0x20000011        0x3 
 .data.USBD_CDC_DeviceQualifierDesc
                0x20000014        0xa ./Middlewares/ST/STM32_USB_Device_Library/Class/CDC/Src/usbd_cdc.o
 *fill*         0x2000001e        0x2 
 .data.USBD_CDC
                0x20000020       0x38 ./Middlewares/ST/STM32_USB_Device_Library/Class/CDC/Src/usbd_cdc.o
                0x20000020                USBD_CDC
 .data.USBD_CDC_CfgDesc
                0x20000058       0x43 ./Middlewares/ST/STM32_USB_Device_Library/Class/CDC/Src/usbd_cdc.o
 .data.CDCInEpAdd
                0x2000009b        0x1 ./Middlewares/ST/STM32_USB_Device_Library/Class/CDC/Src/usbd_cdc.o
 .data.CDCOutEpAdd
                0x2000009c        0x1 ./Middlewares/ST/STM32_USB_Device_Library/Class/CDC/Src/usbd_cdc.o
 .data.CDCCmdEpAdd
                0x2000009d        0x1 ./Middlewares/ST/STM32_USB_Device_Library/Class/CDC/Src/usbd_cdc.o
 .data.tx_flag  0x2000009e        0x1 ./USB_DEVICE/App/usbd_cdc_if.o
                0x2000009e                tx_flag
 *fill*         0x2000009f        0x1 
 .data.USBD_Interface_fops_FS
                0x200000a0       0x14 ./USB_DEVICE/App/usbd_cdc_if.o
                0x200000a0                USBD_Interface_fops_FS
 .data.FS_Desc  0x200000b4       0x1c ./USB_DEVICE/App/usbd_desc.o
                0x200000b4                FS_Desc
 .data.USBD_FS_DeviceDesc
                0x200000d0       0x12 ./USB_DEVICE/App/usbd_desc.o
                0x200000d0                USBD_FS_DeviceDesc
 *fill*         0x200000e2        0x2 
 .data.USBD_LangIDDesc
                0x200000e4        0x4 ./USB_DEVICE/App/usbd_desc.o
                0x200000e4                USBD_LangIDDesc
 .data.USBD_StringSerial
                0x200000e8       0x1a ./USB_DEVICE/App/usbd_desc.o
                0x200000e8                USBD_StringSerial
 *(.RamFunc)
 *(.RamFunc*)
                0x20000104                        . = ALIGN (0x4)
 *fill*         0x20000102        0x2 
                0x20000104                        _edata = .
                0x0800c20c                        _siccmram = LOADADDR (.ccmram)

.igot.plt       0x20000104        0x0 load address 0x0800c20c
 .igot.plt      0x20000104        0x0 C:/ST/STM32CubeIDE_1.15.1/STM32CubeIDE/plugins/com.st.stm32cube.ide.mcu.externaltools.gnu-tools-for-stm32.12.3.rel1.win32_1.0.100.202403111256/tools/bin/../lib/gcc/arm-none-eabi/12.3.1/thumb/v7e-m+fp/hard/crtbegin.o

.ccmram         0x10000000        0x0 load address 0x0800c20c
                0x10000000                        . = ALIGN (0x4)
                0x10000000                        _sccmram = .
 *(.ccmram)
 *(.ccmram*)
                0x10000000                        . = ALIGN (0x4)
                0x10000000                        _eccmram = .
                0x10000000                        . = ALIGN (0x4)

.bss            0x20000104     0x2328
                0x20000104                        _sbss = .
                0x20000104                        __bss_start__ = _sbss
 *(.bss)
 .bss           0x20000104       0x1c C:/ST/STM32CubeIDE_1.15.1/STM32CubeIDE/plugins/com.st.stm32cube.ide.mcu.externaltools.gnu-tools-for-stm32.12.3.rel1.win32_1.0.100.202403111256/tools/bin/../lib/gcc/arm-none-eabi/12.3.1/thumb/v7e-m+fp/hard/crtbegin.o
 *(.bss*)
 .bss.hadc1     0x20000120       0x48 ./Core/Src/main.o
                0x20000120                hadc1
 .bss.hi2c2     0x20000168       0x54 ./Core/Src/main.o
                0x20000168                hi2c2
 .bss.hspi2     0x200001bc       0x58 ./Core/Src/main.o
                0x200001bc                hspi2
 .bss.htim1     0x20000214       0x48 ./Core/Src/main.o
                0x20000214                htim1
 .bss.htim2     0x2000025c       0x48 ./Core/Src/main.o
                0x2000025c                htim2
 .bss.htim3     0x200002a4       0x48 ./Core/Src/main.o
                0x200002a4                htim3
 .bss.htim4     0x200002ec       0x48 ./Core/Src/main.o
                0x200002ec                htim4
 .bss.htim5     0x20000334       0x48 ./Core/Src/main.o
                0x20000334                htim5
 .bss.htim8     0x2000037c       0x48 ./Core/Src/main.o
                0x2000037c                htim8
 .bss.htim9     0x200003c4       0x48 ./Core/Src/main.o
                0x200003c4                htim9
 .bss.htim10    0x2000040c       0x48 ./Core/Src/main.o
                0x2000040c                htim10
 .bss.htim11    0x20000454       0x48 ./Core/Src/main.o
                0x20000454                htim11
 .bss.htim12    0x2000049c       0x48 ./Core/Src/main.o
                0x2000049c                htim12
 .bss.htim13    0x200004e4       0x48 ./Core/Src/main.o
                0x200004e4                htim13
 .bss.htim14    0x2000052c       0x48 ./Core/Src/main.o
                0x2000052c                htim14
 .bss.huart4    0x20000574       0x48 ./Core/Src/main.o
                0x20000574                huart4
 .bss.huart2    0x200005bc       0x48 ./Core/Src/main.o
                0x200005bc                huart2
 .bss.RPM       0x20000604        0xc ./Core/Src/main.o
                0x20000604                RPM
 .bss.last_uart_data_time
                0x20000610        0x4 ./Core/Src/main.o
                0x20000610                last_uart_data_time
 .bss.uart_resetting
                0x20000614        0x1 ./Core/Src/main.o
                0x20000614                uart_resetting
 *fill*         0x20000615        0x3 
 .bss.PastTime  0x20000618        0x4 ./Core/Src/main.o
                0x20000618                PastTime
 .bss.PID       0x2000061c       0x18 ./Core/Src/main.o
                0x2000061c                PID
 .bss.temp_buffer
                0x20000634        0x1 ./Core/Src/main.o
                0x20000634                temp_buffer
 .bss.cpy_pointer
                0x20000635        0x1 ./Core/Src/main.o
                0x20000635                cpy_pointer
 .bss.joy_recv_fsm
                0x20000636        0x1 ./Core/Src/main.o
                0x20000636                joy_recv_fsm
 *fill*         0x20000637        0x1 
 .bss.Str_PS2   0x20000638        0x8 ./Core/Src/main.o
                0x20000638                Str_PS2
 .bss.uwTick    0x20000640        0x4 ./Drivers/STM32F4xx_HAL_Driver/Src/stm32f4xx_hal.o
                0x20000640                uwTick
 .bss.EN_LF     0x20000644        0x4 ./Library_for_Ro_Bo_Rho/Encoder_Motor.o
                0x20000644                EN_LF
 .bss.EN_LB     0x20000648        0x4 ./Library_for_Ro_Bo_Rho/Encoder_Motor.o
                0x20000648                EN_LB
 .bss.EN_RF     0x2000064c        0x4 ./Library_for_Ro_Bo_Rho/Encoder_Motor.o
                0x2000064c                EN_RF
 .bss.EN_RB     0x20000650        0x4 ./Library_for_Ro_Bo_Rho/Encoder_Motor.o
                0x20000650                EN_RB
 .bss.EN_X      0x20000654        0x4 ./Library_for_Ro_Bo_Rho/Encoder_Motor.o
                0x20000654                EN_X
 .bss.EN_Y      0x20000658        0x4 ./Library_for_Ro_Bo_Rho/Encoder_Motor.o
                0x20000658                EN_Y
 .bss.LF_PWM    0x2000065c        0x4 ./Library_for_Ro_Bo_Rho/Encoder_Motor.o
                0x2000065c                LF_PWM
 .bss.LB_PWM    0x20000660        0x4 ./Library_for_Ro_Bo_Rho/Encoder_Motor.o
                0x20000660                LB_PWM
 .bss.RF_PWM    0x20000664        0x4 ./Library_for_Ro_Bo_Rho/Encoder_Motor.o
                0x20000664                RF_PWM
 .bss.RB_PWM    0x20000668        0x4 ./Library_for_Ro_Bo_Rho/Encoder_Motor.o
                0x20000668                RB_PWM
 .bss.EXTRA1_PWM
                0x2000066c        0x4 ./Library_for_Ro_Bo_Rho/Encoder_Motor.o
                0x2000066c                EXTRA1_PWM
 .bss.EXTRA2_PWM
                0x20000670        0x4 ./Library_for_Ro_Bo_Rho/Encoder_Motor.o
                0x20000670                EXTRA2_PWM
 .bss.DutyCycle_LF_MAX
                0x20000674        0x2 ./Library_for_Ro_Bo_Rho/Encoder_Motor.o
                0x20000674                DutyCycle_LF_MAX
 .bss.DutyCycle_LB_MAX
                0x20000676        0x2 ./Library_for_Ro_Bo_Rho/Encoder_Motor.o
                0x20000676                DutyCycle_LB_MAX
 .bss.DutyCycle_RF_MAX
                0x20000678        0x2 ./Library_for_Ro_Bo_Rho/Encoder_Motor.o
                0x20000678                DutyCycle_RF_MAX
 .bss.DutyCycle_RB_MAX
                0x2000067a        0x2 ./Library_for_Ro_Bo_Rho/Encoder_Motor.o
                0x2000067a                DutyCycle_RB_MAX
 .bss.DutyCycle_EXTRA1_MAX
                0x2000067c        0x2 ./Library_for_Ro_Bo_Rho/Encoder_Motor.o
                0x2000067c                DutyCycle_EXTRA1_MAX
 .bss.DutyCycle_EXTRA2_MAX
                0x2000067e        0x2 ./Library_for_Ro_Bo_Rho/Encoder_Motor.o
                0x2000067e                DutyCycle_EXTRA2_MAX
 .bss.IN_LF     0x20000680        0x4 ./Library_for_Ro_Bo_Rho/Encoder_Motor.o
                0x20000680                IN_LF
 .bss.IN_LB     0x20000684        0x4 ./Library_for_Ro_Bo_Rho/Encoder_Motor.o
                0x20000684                IN_LB
 .bss.IN_RF     0x20000688        0x4 ./Library_for_Ro_Bo_Rho/Encoder_Motor.o
                0x20000688                IN_RF
 .bss.IN_RB     0x2000068c        0x4 ./Library_for_Ro_Bo_Rho/Encoder_Motor.o
                0x2000068c                IN_RB
 .bss.IN_EXTRA1
                0x20000690        0x4 ./Library_for_Ro_Bo_Rho/Encoder_Motor.o
                0x20000690                IN_EXTRA1
 .bss.IN_EXTRA2
                0x20000694        0x4 ./Library_for_Ro_Bo_Rho/Encoder_Motor.o
                0x20000694                IN_EXTRA2
 .bss.Present_Count
                0x20000698        0xc ./Library_for_Ro_Bo_Rho/Encoder_Motor.o
                0x20000698                Present_Count
 .bss.Past_Count
                0x200006a4        0xc ./Library_for_Ro_Bo_Rho/Encoder_Motor.o
                0x200006a4                Past_Count
 .bss._RPM      0x200006b0       0x18 ./Library_for_Ro_Bo_Rho/Encoder_Motor.o
                0x200006b0                _RPM
 .bss.Kp_Wheel  0x200006c8       0x18 ./Library_for_Ro_Bo_Rho/Encoder_Motor.o
                0x200006c8                Kp_Wheel
 .bss.Ki_Wheel  0x200006e0       0x18 ./Library_for_Ro_Bo_Rho/Encoder_Motor.o
                0x200006e0                Ki_Wheel
 .bss.Kd_Wheel  0x200006f8       0x18 ./Library_for_Ro_Bo_Rho/Encoder_Motor.o
                0x200006f8                Kd_Wheel
 .bss.min_speed
                0x20000710       0x18 ./Library_for_Ro_Bo_Rho/Encoder_Motor.o
                0x20000710                min_speed
 .bss.max_speed
                0x20000728       0x18 ./Library_for_Ro_Bo_Rho/Encoder_Motor.o
                0x20000728                max_speed
 .bss.Error_Speed
                0x20000740       0x18 ./Library_for_Ro_Bo_Rho/Encoder_Motor.o
                0x20000740                Error_Speed
 .bss.Proportional
                0x20000758       0x18 ./Library_for_Ro_Bo_Rho/Encoder_Motor.o
                0x20000758                Proportional
 .bss.Integnator
                0x20000770       0x18 ./Library_for_Ro_Bo_Rho/Encoder_Motor.o
                0x20000770                Integnator
 .bss.Derivative
                0x20000788       0x18 ./Library_for_Ro_Bo_Rho/Encoder_Motor.o
                0x20000788                Derivative
 .bss.Past_Error
                0x200007a0       0x18 ./Library_for_Ro_Bo_Rho/Encoder_Motor.o
                0x200007a0                Past_Error
 .bss.Output_PID
                0x200007b8       0x18 ./Library_for_Ro_Bo_Rho/Encoder_Motor.o
                0x200007b8                Output_PID
 .bss.Duty_Cycle
                0x200007d0        0xc ./Library_for_Ro_Bo_Rho/Encoder_Motor.o
                0x200007d0                Duty_Cycle
 .bss._Lx       0x200007dc        0x4 ./Library_for_Ro_Bo_Rho/Forward_Kinematics.o
                0x200007dc                _Lx
 .bss._Ly       0x200007e0        0x4 ./Library_for_Ro_Bo_Rho/Forward_Kinematics.o
                0x200007e0                _Ly
 .bss._Radius_wheel
                0x200007e4        0x4 ./Library_for_Ro_Bo_Rho/Forward_Kinematics.o
                0x200007e4                _Radius_wheel
 .bss.Lx_       0x200007e8        0x4 ./Library_for_Ro_Bo_Rho/Inverse_Kinematics.o
                0x200007e8                Lx_
 .bss.Ly_       0x200007ec        0x4 ./Library_for_Ro_Bo_Rho/Inverse_Kinematics.o
                0x200007ec                Ly_
 .bss.Radius_wheel_
                0x200007f0        0x4 ./Library_for_Ro_Bo_Rho/Inverse_Kinematics.o
                0x200007f0                Radius_wheel_
 .bss.imu_data  0x200007f4        0xc ./Library_for_Ro_Bo_Rho/MPU6050.o
                0x200007f4                imu_data
 .bss.motor_cmdvel_ptr_t
                0x20000800       0x10 ./Library_for_Ro_Bo_Rho/app_ros_comm.o
                0x20000800                motor_cmdvel_ptr_t
 .bss.rbc_Packet_t
                0x20000810       0x2d ./Library_for_Ro_Bo_Rho/app_ros_comm.o
                0x20000810                rbc_Packet_t
 *fill*         0x2000083d        0x3 
 .bss.commTimeout_millis
                0x20000840        0x4 ./Library_for_Ro_Bo_Rho/app_ros_comm.o
                0x20000840                commTimeout_millis
 .bss.comm_fsm  0x20000844        0x1 ./Library_for_Ro_Bo_Rho/app_ros_comm.o
                0x20000844                comm_fsm
 .bss.rx_timeOutFlag
                0x20000845        0x1 ./Library_for_Ro_Bo_Rho/app_ros_comm.o
                0x20000845                rx_timeOutFlag
 .bss.cfgidx.0  0x20000846        0x1 ./Middlewares/ST/STM32_USB_Device_Library/Core/Src/usbd_ctlreq.o
 *fill*         0x20000847        0x1 
 .bss.hUsbDeviceFS
                0x20000848      0x2dc ./USB_DEVICE/App/usb_device.o
                0x20000848                hUsbDeviceFS
 .bss.rx_flag   0x20000b24        0x1 ./USB_DEVICE/App/usbd_cdc_if.o
                0x20000b24                rx_flag
 *fill*         0x20000b25        0x3 
 .bss.UserRxBufferFS
                0x20000b28      0x800 ./USB_DEVICE/App/usbd_cdc_if.o
                0x20000b28                UserRxBufferFS
 .bss.UserTxBufferFS
                0x20001328      0x800 ./USB_DEVICE/App/usbd_cdc_if.o
                0x20001328                UserTxBufferFS
 .bss.USBD_StrDesc
                0x20001b28      0x200 ./USB_DEVICE/App/usbd_desc.o
                0x20001b28                USBD_StrDesc
 .bss.hpcd_USB_OTG_FS
                0x20001d28      0x4e4 ./USB_DEVICE/Target/usbd_conf.o
                0x20001d28                hpcd_USB_OTG_FS
 .bss.mem.0     0x2000220c      0x220 ./USB_DEVICE/Target/usbd_conf.o
 *(COMMON)
                0x2000242c                        . = ALIGN (0x4)
                0x2000242c                        _ebss = .
                0x2000242c                        __bss_end__ = _ebss

._user_heap_stack
                0x2000242c      0x604
                0x20002430                        . = ALIGN (0x8)
 *fill*         0x2000242c        0x4 
                [!provide]                        PROVIDE (end = .)
                0x20002430                        PROVIDE (_end = .)
                0x20002630                        . = (. + _Min_Heap_Size)
 *fill*         0x20002430      0x200 
                0x20002a30                        . = (. + _Min_Stack_Size)
 *fill*         0x20002630      0x400 
                0x20002a30                        . = ALIGN (0x8)

/DISCARD/
 libc.a(*)
 libm.a(*)
 libgcc.a(*)

.ARM.attributes
                0x00000000       0x30
 *(.ARM.attributes)
 .ARM.attributes
                0x00000000       0x22 C:/ST/STM32CubeIDE_1.15.1/STM32CubeIDE/plugins/com.st.stm32cube.ide.mcu.externaltools.gnu-tools-for-stm32.12.3.rel1.win32_1.0.100.202403111256/tools/bin/../lib/gcc/arm-none-eabi/12.3.1/thumb/v7e-m+fp/hard/crti.o
 .ARM.attributes
                0x00000022       0x34 C:/ST/STM32CubeIDE_1.15.1/STM32CubeIDE/plugins/com.st.stm32cube.ide.mcu.externaltools.gnu-tools-for-stm32.12.3.rel1.win32_1.0.100.202403111256/tools/bin/../lib/gcc/arm-none-eabi/12.3.1/thumb/v7e-m+fp/hard/crtbegin.o
 .ARM.attributes
                0x00000056       0x34 ./Core/Src/main.o
 .ARM.attributes
                0x0000008a       0x34 ./Core/Src/stm32f4xx_hal_msp.o
 .ARM.attributes
                0x000000be       0x34 ./Core/Src/stm32f4xx_it.o
 .ARM.attributes
                0x000000f2       0x34 ./Core/Src/system_stm32f4xx.o
 .ARM.attributes
                0x00000126       0x21 ./Core/Startup/startup_stm32f407vetx.o
 .ARM.attributes
                0x00000147       0x34 ./Drivers/STM32F4xx_HAL_Driver/Src/stm32f4xx_hal.o
 .ARM.attributes
                0x0000017b       0x34 ./Drivers/STM32F4xx_HAL_Driver/Src/stm32f4xx_hal_adc.o
 .ARM.attributes
                0x000001af       0x34 ./Drivers/STM32F4xx_HAL_Driver/Src/stm32f4xx_hal_cortex.o
 .ARM.attributes
                0x000001e3       0x34 ./Drivers/STM32F4xx_HAL_Driver/Src/stm32f4xx_hal_dma.o
 .ARM.attributes
                0x00000217       0x34 ./Drivers/STM32F4xx_HAL_Driver/Src/stm32f4xx_hal_gpio.o
 .ARM.attributes
                0x0000024b       0x34 ./Drivers/STM32F4xx_HAL_Driver/Src/stm32f4xx_hal_i2c.o
 .ARM.attributes
                0x0000027f       0x34 ./Drivers/STM32F4xx_HAL_Driver/Src/stm32f4xx_hal_pcd.o
 .ARM.attributes
                0x000002b3       0x34 ./Drivers/STM32F4xx_HAL_Driver/Src/stm32f4xx_hal_pcd_ex.o
 .ARM.attributes
                0x000002e7       0x34 ./Drivers/STM32F4xx_HAL_Driver/Src/stm32f4xx_hal_rcc.o
 .ARM.attributes
                0x0000031b       0x34 ./Drivers/STM32F4xx_HAL_Driver/Src/stm32f4xx_hal_spi.o
 .ARM.attributes
                0x0000034f       0x34 ./Drivers/STM32F4xx_HAL_Driver/Src/stm32f4xx_hal_tim.o
 .ARM.attributes
                0x00000383       0x34 ./Drivers/STM32F4xx_HAL_Driver/Src/stm32f4xx_hal_tim_ex.o
 .ARM.attributes
                0x000003b7       0x34 ./Drivers/STM32F4xx_HAL_Driver/Src/stm32f4xx_hal_uart.o
 .ARM.attributes
                0x000003eb       0x34 ./Drivers/STM32F4xx_HAL_Driver/Src/stm32f4xx_ll_usb.o
 .ARM.attributes
                0x0000041f       0x34 ./Library_for_Ro_Bo_Rho/Encoder_Motor.o
 .ARM.attributes
                0x00000453       0x34 ./Library_for_Ro_Bo_Rho/Forward_Kinematics.o
 .ARM.attributes
                0x00000487       0x34 ./Library_for_Ro_Bo_Rho/Inverse_Kinematics.o
 .ARM.attributes
                0x000004bb       0x34 ./Library_for_Ro_Bo_Rho/MPU6050.o
 .ARM.attributes
                0x000004ef       0x34 ./Library_for_Ro_Bo_Rho/app_ros_comm.o
 .ARM.attributes
                0x00000523       0x34 ./Middlewares/ST/STM32_USB_Device_Library/Class/CDC/Src/usbd_cdc.o
 .ARM.attributes
                0x00000557       0x34 ./Middlewares/ST/STM32_USB_Device_Library/Core/Src/usbd_core.o
 .ARM.attributes
                0x0000058b       0x34 ./Middlewares/ST/STM32_USB_Device_Library/Core/Src/usbd_ctlreq.o
 .ARM.attributes
                0x000005bf       0x34 ./Middlewares/ST/STM32_USB_Device_Library/Core/Src/usbd_ioreq.o
 .ARM.attributes
                0x000005f3       0x34 ./USB_DEVICE/App/usb_device.o
 .ARM.attributes
                0x00000627       0x34 ./USB_DEVICE/App/usbd_cdc_if.o
 .ARM.attributes
                0x0000065b       0x34 ./USB_DEVICE/App/usbd_desc.o
 .ARM.attributes
                0x0000068f       0x34 ./USB_DEVICE/Target/usbd_conf.o
 .ARM.attributes
                0x000006c3       0x34 C:/ST/STM32CubeIDE_1.15.1/STM32CubeIDE/plugins/com.st.stm32cube.ide.mcu.externaltools.gnu-tools-for-stm32.12.3.rel1.win32_1.0.100.202403111256/tools/bin/../lib/gcc/arm-none-eabi/12.3.1/../../../../arm-none-eabi/lib/thumb/v7e-m+fp/hard\libc_nano.a(libc_a-memset.o)
 .ARM.attributes
                0x000006f7       0x34 C:/ST/STM32CubeIDE_1.15.1/STM32CubeIDE/plugins/com.st.stm32cube.ide.mcu.externaltools.gnu-tools-for-stm32.12.3.rel1.win32_1.0.100.202403111256/tools/bin/../lib/gcc/arm-none-eabi/12.3.1/../../../../arm-none-eabi/lib/thumb/v7e-m+fp/hard\libc_nano.a(libc_a-init.o)
 .ARM.attributes
                0x0000072b       0x34 C:/ST/STM32CubeIDE_1.15.1/STM32CubeIDE/plugins/com.st.stm32cube.ide.mcu.externaltools.gnu-tools-for-stm32.12.3.rel1.win32_1.0.100.202403111256/tools/bin/../lib/gcc/arm-none-eabi/12.3.1/../../../../arm-none-eabi/lib/thumb/v7e-m+fp/hard\libc_nano.a(libc_a-memcpy-stub.o)
 .ARM.attributes
                0x0000075f       0x22 C:/ST/STM32CubeIDE_1.15.1/STM32CubeIDE/plugins/com.st.stm32cube.ide.mcu.externaltools.gnu-tools-for-stm32.12.3.rel1.win32_1.0.100.202403111256/tools/bin/../lib/gcc/arm-none-eabi/12.3.1/thumb/v7e-m+fp/hard\libgcc.a(_aeabi_uldivmod.o)
 .ARM.attributes
                0x00000781       0x34 C:/ST/STM32CubeIDE_1.15.1/STM32CubeIDE/plugins/com.st.stm32cube.ide.mcu.externaltools.gnu-tools-for-stm32.12.3.rel1.win32_1.0.100.202403111256/tools/bin/../lib/gcc/arm-none-eabi/12.3.1/thumb/v7e-m+fp/hard\libgcc.a(_udivmoddi4.o)
 .ARM.attributes
                0x000007b5       0x22 C:/ST/STM32CubeIDE_1.15.1/STM32CubeIDE/plugins/com.st.stm32cube.ide.mcu.externaltools.gnu-tools-for-stm32.12.3.rel1.win32_1.0.100.202403111256/tools/bin/../lib/gcc/arm-none-eabi/12.3.1/thumb/v7e-m+fp/hard\libgcc.a(_dvmd_tls.o)
 .ARM.attributes
                0x000007d7       0x22 C:/ST/STM32CubeIDE_1.15.1/STM32CubeIDE/plugins/com.st.stm32cube.ide.mcu.externaltools.gnu-tools-for-stm32.12.3.rel1.win32_1.0.100.202403111256/tools/bin/../lib/gcc/arm-none-eabi/12.3.1/thumb/v7e-m+fp/hard/crtn.o
OUTPUT(Ro_Bo_Rho.elf elf32-littlearm)
LOAD linker stubs
LOAD C:/ST/STM32CubeIDE_1.15.1/STM32CubeIDE/plugins/com.st.stm32cube.ide.mcu.externaltools.gnu-tools-for-stm32.12.3.rel1.win32_1.0.100.202403111256/tools/bin/../lib/gcc/arm-none-eabi/12.3.1/../../../../arm-none-eabi/lib/thumb/v7e-m+fp/hard\libc.a
LOAD C:/ST/STM32CubeIDE_1.15.1/STM32CubeIDE/plugins/com.st.stm32cube.ide.mcu.externaltools.gnu-tools-for-stm32.12.3.rel1.win32_1.0.100.202403111256/tools/bin/../lib/gcc/arm-none-eabi/12.3.1/../../../../arm-none-eabi/lib/thumb/v7e-m+fp/hard\libm.a
LOAD C:/ST/STM32CubeIDE_1.15.1/STM32CubeIDE/plugins/com.st.stm32cube.ide.mcu.externaltools.gnu-tools-for-stm32.12.3.rel1.win32_1.0.100.202403111256/tools/bin/../lib/gcc/arm-none-eabi/12.3.1/thumb/v7e-m+fp/hard\libgcc.a

.debug_info     0x00000000    0x1f3d3
 .debug_info    0x00000000     0x22b5 ./Core/Src/main.o
 .debug_info    0x000022b5     0x1c39 ./Core/Src/stm32f4xx_hal_msp.o
 .debug_info    0x00003eee      0xad6 ./Core/Src/stm32f4xx_it.o
 .debug_info    0x000049c4      0x512 ./Core/Src/system_stm32f4xx.o
 .debug_info    0x00004ed6       0x30 ./Core/Startup/startup_stm32f407vetx.o
 .debug_info    0x00004f06      0x944 ./Drivers/STM32F4xx_HAL_Driver/Src/stm32f4xx_hal.o
 .debug_info    0x0000584a      0xcd4 ./Drivers/STM32F4xx_HAL_Driver/Src/stm32f4xx_hal_adc.o
 .debug_info    0x0000651e      0xd8c ./Drivers/STM32F4xx_HAL_Driver/Src/stm32f4xx_hal_cortex.o
 .debug_info    0x000072aa      0x8e7 ./Drivers/STM32F4xx_HAL_Driver/Src/stm32f4xx_hal_dma.o
 .debug_info    0x00007b91      0x6c3 ./Drivers/STM32F4xx_HAL_Driver/Src/stm32f4xx_hal_gpio.o
 .debug_info    0x00008254     0x2415 ./Drivers/STM32F4xx_HAL_Driver/Src/stm32f4xx_hal_i2c.o
 .debug_info    0x0000a669     0x156f ./Drivers/STM32F4xx_HAL_Driver/Src/stm32f4xx_hal_pcd.o
 .debug_info    0x0000bbd8      0x6ea ./Drivers/STM32F4xx_HAL_Driver/Src/stm32f4xx_hal_pcd_ex.o
 .debug_info    0x0000c2c2      0x8af ./Drivers/STM32F4xx_HAL_Driver/Src/stm32f4xx_hal_rcc.o
 .debug_info    0x0000cb71     0x1525 ./Drivers/STM32F4xx_HAL_Driver/Src/stm32f4xx_hal_spi.o
 .debug_info    0x0000e096     0x299d ./Drivers/STM32F4xx_HAL_Driver/Src/stm32f4xx_hal_tim.o
 .debug_info    0x00010a33     0x14db ./Drivers/STM32F4xx_HAL_Driver/Src/stm32f4xx_hal_tim_ex.o
 .debug_info    0x00011f0e     0x2f4f ./Drivers/STM32F4xx_HAL_Driver/Src/stm32f4xx_hal_uart.o
 .debug_info    0x00014e5d     0x1993 ./Drivers/STM32F4xx_HAL_Driver/Src/stm32f4xx_ll_usb.o
 .debug_info    0x000167f0     0x125e ./Library_for_Ro_Bo_Rho/Encoder_Motor.o
 .debug_info    0x00017a4e      0x2ca ./Library_for_Ro_Bo_Rho/Forward_Kinematics.o
 .debug_info    0x00017d18      0x324 ./Library_for_Ro_Bo_Rho/Inverse_Kinematics.o
 .debug_info    0x0001803c      0x8a4 ./Library_for_Ro_Bo_Rho/MPU6050.o
 .debug_info    0x000188e0      0x4b6 ./Library_for_Ro_Bo_Rho/app_ros_comm.o
 .debug_info    0x00018d96     0x12a3 ./Middlewares/ST/STM32_USB_Device_Library/Class/CDC/Src/usbd_cdc.o
 .debug_info    0x0001a039      0xe05 ./Middlewares/ST/STM32_USB_Device_Library/Core/Src/usbd_core.o
 .debug_info    0x0001ae3e      0xade ./Middlewares/ST/STM32_USB_Device_Library/Core/Src/usbd_ctlreq.o
 .debug_info    0x0001b91c      0x755 ./Middlewares/ST/STM32_USB_Device_Library/Core/Src/usbd_ioreq.o
 .debug_info    0x0001c071      0x701 ./USB_DEVICE/App/usb_device.o
 .debug_info    0x0001c772      0xba0 ./USB_DEVICE/App/usbd_cdc_if.o
 .debug_info    0x0001d312      0x458 ./USB_DEVICE/App/usbd_desc.o
 .debug_info    0x0001d76a     0x1c69 ./USB_DEVICE/Target/usbd_conf.o

.debug_abbrev   0x00000000     0x4813
 .debug_abbrev  0x00000000      0x329 ./Core/Src/main.o
 .debug_abbrev  0x00000329      0x23c ./Core/Src/stm32f4xx_hal_msp.o
 .debug_abbrev  0x00000565      0x1dc ./Core/Src/stm32f4xx_it.o
 .debug_abbrev  0x00000741      0x11a ./Core/Src/system_stm32f4xx.o
 .debug_abbrev  0x0000085b       0x24 ./Core/Startup/startup_stm32f407vetx.o
 .debug_abbrev  0x0000087f      0x214 ./Drivers/STM32F4xx_HAL_Driver/Src/stm32f4xx_hal.o
 .debug_abbrev  0x00000a93      0x252 ./Drivers/STM32F4xx_HAL_Driver/Src/stm32f4xx_hal_adc.o
 .debug_abbrev  0x00000ce5      0x31d ./Drivers/STM32F4xx_HAL_Driver/Src/stm32f4xx_hal_cortex.o
 .debug_abbrev  0x00001002      0x264 ./Drivers/STM32F4xx_HAL_Driver/Src/stm32f4xx_hal_dma.o
 .debug_abbrev  0x00001266      0x1d4 ./Drivers/STM32F4xx_HAL_Driver/Src/stm32f4xx_hal_gpio.o
 .debug_abbrev  0x0000143a      0x2ad ./Drivers/STM32F4xx_HAL_Driver/Src/stm32f4xx_hal_i2c.o
 .debug_abbrev  0x000016e7      0x2b9 ./Drivers/STM32F4xx_HAL_Driver/Src/stm32f4xx_hal_pcd.o
 .debug_abbrev  0x000019a0      0x1da ./Drivers/STM32F4xx_HAL_Driver/Src/stm32f4xx_hal_pcd_ex.o
 .debug_abbrev  0x00001b7a      0x2b7 ./Drivers/STM32F4xx_HAL_Driver/Src/stm32f4xx_hal_rcc.o
 .debug_abbrev  0x00001e31      0x27a ./Drivers/STM32F4xx_HAL_Driver/Src/stm32f4xx_hal_spi.o
 .debug_abbrev  0x000020ab      0x278 ./Drivers/STM32F4xx_HAL_Driver/Src/stm32f4xx_hal_tim.o
 .debug_abbrev  0x00002323      0x283 ./Drivers/STM32F4xx_HAL_Driver/Src/stm32f4xx_hal_tim_ex.o
 .debug_abbrev  0x000025a6      0x30e ./Drivers/STM32F4xx_HAL_Driver/Src/stm32f4xx_hal_uart.o
 .debug_abbrev  0x000028b4      0x2b3 ./Drivers/STM32F4xx_HAL_Driver/Src/stm32f4xx_ll_usb.o
 .debug_abbrev  0x00002b67      0x2ff ./Library_for_Ro_Bo_Rho/Encoder_Motor.o
 .debug_abbrev  0x00002e66      0x161 ./Library_for_Ro_Bo_Rho/Forward_Kinematics.o
 .debug_abbrev  0x00002fc7      0x149 ./Library_for_Ro_Bo_Rho/Inverse_Kinematics.o
 .debug_abbrev  0x00003110      0x233 ./Library_for_Ro_Bo_Rho/MPU6050.o
 .debug_abbrev  0x00003343      0x190 ./Library_for_Ro_Bo_Rho/app_ros_comm.o
 .debug_abbrev  0x000034d3      0x2d2 ./Middlewares/ST/STM32_USB_Device_Library/Class/CDC/Src/usbd_cdc.o
 .debug_abbrev  0x000037a5      0x27c ./Middlewares/ST/STM32_USB_Device_Library/Core/Src/usbd_core.o
 .debug_abbrev  0x00003a21      0x26f ./Middlewares/ST/STM32_USB_Device_Library/Core/Src/usbd_ctlreq.o
 .debug_abbrev  0x00003c90      0x19a ./Middlewares/ST/STM32_USB_Device_Library/Core/Src/usbd_ioreq.o
 .debug_abbrev  0x00003e2a      0x195 ./USB_DEVICE/App/usb_device.o
 .debug_abbrev  0x00003fbf      0x334 ./USB_DEVICE/App/usbd_cdc_if.o
 .debug_abbrev  0x000042f3      0x1e1 ./USB_DEVICE/App/usbd_desc.o
 .debug_abbrev  0x000044d4      0x33f ./USB_DEVICE/Target/usbd_conf.o

.debug_aranges  0x00000000     0x1bf8
 .debug_aranges
                0x00000000       0xc8 ./Core/Src/main.o
 .debug_aranges
                0x000000c8       0x98 ./Core/Src/stm32f4xx_hal_msp.o
 .debug_aranges
                0x00000160       0x70 ./Core/Src/stm32f4xx_it.o
 .debug_aranges
                0x000001d0       0x28 ./Core/Src/system_stm32f4xx.o
 .debug_aranges
                0x000001f8       0x28 ./Core/Startup/startup_stm32f407vetx.o
 .debug_aranges
                0x00000220       0xf0 ./Drivers/STM32F4xx_HAL_Driver/Src/stm32f4xx_hal.o
 .debug_aranges
                0x00000310       0xe8 ./Drivers/STM32F4xx_HAL_Driver/Src/stm32f4xx_hal_adc.o
 .debug_aranges
                0x000003f8      0x130 ./Drivers/STM32F4xx_HAL_Driver/Src/stm32f4xx_hal_cortex.o
 .debug_aranges
                0x00000528       0x90 ./Drivers/STM32F4xx_HAL_Driver/Src/stm32f4xx_hal_dma.o
 .debug_aranges